******************************************************************************
                  TI ARM Linker PC v20.2.7                     
******************************************************************************
>> Linked Tue Oct 22 08:36:21 2024

OUTPUT FILE NAME:   <Lab4.out>
ENTRY POINT SYMBOL: "_c_int00_noargs"  address: 00007c5d


MEMORY CONFIGURATION

         name            origin    length      used     unused   attr    fill
----------------------  --------  ---------  --------  --------  ----  --------
  FLASH                 00000000   00040000  00008496  00037b6a  R  X
  SRAM                  20000000   00008000  000076c4  0000093c  RW X


SEGMENT ALLOCATION MAP

run origin  load origin   length   init length attrs members
----------  ----------- ---------- ----------- ----- -------
00000000    00000000    00008498   00008498    r-x
  00000000    00000000    0000026c   0000026c    r-- .intvecs
  0000026c    0000026c    00007ac2   00007ac2    r-x .text
  00007d30    00007d30    00000718   00000718    r-- .const
  00008448    00008448    00000050   00000050    r-- .cinit
20000000    20000000    000076c8   00000000    rw-
  20000000    20000000    0000026c   00000000    rw- .vtable
  2000026c    2000026c    00007208   00000000    rw- .bss
  20007478    20007478    00000200   00000000    rw- .stack
  20007678    20007678    00000050   00000000    rw- .data


SECTION ALLOCATION MAP

 output                                  attributes/
section   page    origin      length       input sections
--------  ----  ----------  ----------   ----------------
.intvecs   0    00000000    0000026c     
                  00000000    0000026c     tm4c123gh6pm_startup_ccs.obj (.intvecs)

.text      0    0000026c    00007ac2     
                  0000026c    00000fa0     sysctl.obj (.text)
                  0000120c    00000c18     gpio.obj (.text)
                  00001e24    0000083c     adc.obj (.text)
                  00002660    00000770     threads.obj (.text)
                  00002dd0    000006fc     i2c.obj (.text)
                  000034cc    000006d0     multimod_ST7789.obj (.text)
                  00003b9c    000006bc     rtsv7M4_T_le_eabi.lib : e_powf.c.obj (.text:powf)
                  00004258    000006ac     G8RTOS_Scheduler.obj (.text)
                  00004904    0000062e     uart.obj (.text)
                  00004f32    00000002     rtsv7M4_T_le_eabi.lib : _lock.c.obj (.text:_nop)
                  00004f34    000004a8     uartstdio.obj (.text)
                  000053dc    000003c0     interrupt.obj (.text)
                  0000579c    00000362     ssi.obj (.text)
                  00005afe    00000002     rtsv7M4_T_le_eabi.lib : div0.asm.obj (.text)
                  00005b00    00000330     main.obj (.text)
                  00005e30    00000300     quaternions.obj (.text)
                  00006130    000002d4     multimod_BMI160.obj (.text)
                  00006404    00000290     multimod_i2c.obj (.text)
                  00006694    00000244     linalg.obj (.text)
                  000068d8    000001d4     cube.obj (.text)
                  00006aac    000001b4     G8RTOS_IPC.obj (.text)
                  00006c60    0000018c     multimod_spi.obj (.text)
                  00006dec    00000128     multimod_OPT3001.obj (.text)
                  00006f14    00000104     multimod_joystick.obj (.text)
                  00007018    000000fc     rtsv7M4_T_le_eabi.lib : fd_mul_t2.asm.obj (.text)
                  00007114    000000fa                           : fs_add_t2.asm.obj (.text)
                  0000720e    00000002     --HOLE-- [fill = 0]
                  00007210    000000ac     G8RTOS_Semaphores.obj (.text)
                  000072bc    000000ac     rtsv7M4_T_le_eabi.lib : s_scalbnf.c.obj (.text:scalbnf)
                  00007368    0000009c                           : memcpy_t2.asm.obj (.text)
                  00007404    00000098                           : e_sqrtf.c.obj (.text:sqrtf)
                  0000749c    00000092                           : fs_div_t2.asm.obj (.text)
                  0000752e    00000002     --HOLE-- [fill = 0]
                  00007530    0000008c     multimod_buttons.obj (.text)
                  000075bc    00000088     systick.obj (.text)
                  00007644    00000086     rtsv7M4_T_le_eabi.lib : fd_cmp_t2.asm.obj (.text:__aeabi_cdcmple)
                  000076ca    0000007a                           : fs_mul_t2.asm.obj (.text)
                  00007744    0000007a                           : memset_t2.asm.obj (.text)
                  000077be    00000068                           : copy_decompress_lzss.c.obj (.text:decompress:lzss:__TI_decompress_lzss)
                  00007826    00000060                           : fs_cmp_t2.asm.obj (.text:__aeabi_cfcmple)
                  00007886    00000060                           : fs_cmp_t2.asm.obj (.text:__aeabi_cfrcmple)
                  000078e6    00000002     --HOLE-- [fill = 0]
                  000078e8    00000054     G8RTOS_SchedulerASM.obj (.text)
                  0000793c    00000054     multimod_uart.obj (.text)
                  00007990    00000048     rtsv7M4_T_le_eabi.lib : hosttime.c.obj (.text:HOSTtime)
                  000079d8    00000048                           : fd_toi_t2.asm.obj (.text)
                  00007a20    00000044                           : autoinit.c.obj (.text:__TI_auto_init_nobinit_nopinit:__TI_auto_init_nobinit_nopinit)
                  00007a64    00000040                           : u_divt2.asm.obj (.text)
                  00007aa4    0000003e     cpu.obj (.text)
                  00007ae2    00000002     --HOLE-- [fill = 0]
                  00007ae4    00000038     rtsv7M4_T_le_eabi.lib : trgmsg.c.obj (.text:__TI_writemsg)
                  00007b1c    00000038                           : fs_tod_t2.asm.obj (.text)
                  00007b54    00000038                           : fs_toi_t2.asm.obj (.text)
                  00007b8c    00000038                           : i_tofs_t2.asm.obj (.text)
                  00007bc4    00000034                           : trgmsg.c.obj (.text:__TI_readmsg)
                  00007bf8    00000034                           : rand.c.obj (.text:rand)
                  00007c2c    0000002e                           : i_tofd_t2.asm.obj (.text)
                  00007c5a    00000002     --HOLE-- [fill = 0]
                  00007c5c    00000024                           : boot_cortex_m.c.obj (.text:_c_int00_noargs:_c_int00_noargs)
                  00007c80    00000024                           : u_tofs_t2.asm.obj (.text)
                  00007ca4    00000024                           : rand.c.obj (.text:srand)
                  00007cc8    0000000e     G8RTOS_CriticalSection.obj (.text)
                  00007cd6    0000000e     rtsv7M4_T_le_eabi.lib : time.c.obj (.text:__time32)
                  00007ce4    0000000e                           : copy_decompress_none.c.obj (.text:decompress:none:__TI_decompress_none)
                  00007cf2    0000000c                           : s_copysignf.c.obj (.text:copysignf)
                  00007cfe    0000000c                           : copy_zero_init.c.obj (.text:decompress:ZI:__TI_zero_init)
                  00007d0a    0000000c     tm4c123gh6pm_startup_ccs.obj (.text)
                  00007d16    00000002     --HOLE-- [fill = 0]
                  00007d18    00000008     rtsv7M4_T_le_eabi.lib : errno.c.obj (.text:__aeabi_errno_addr)
                  00007d20    00000006     sysctl.obj (.text:SysCtlDelay)
                  00007d26    00000004     rtsv7M4_T_le_eabi.lib : pre_init.c.obj (.text:_system_pre_init)
                  00007d2a    00000004                           : exit.c.obj (.text:abort:abort)

.const     0    00007d30    00000718     
                  00007d30    000001b0     sysctl.obj (.const:g_pppui32XTALtoVCO)
                  00007ee0    000000d8     gpio.obj (.const:g_ppui32GPIOIntMapSnowflake)
                  00007fb8    000000c0     gpio.obj (.const:g_ppui32GPIOIntMapBlizzard)
                  00008078    0000009c     interrupt.obj (.const:g_pui32Regs)
                  00008114    00000090     gpio.obj (.const:g_pui32GPIOBaseAddrs)
                  000081a4    0000006c     sysctl.obj (.const:g_pui32Xtals)
                  00008210    00000050     i2c.obj (.const:g_ppui32I2CIntMapSnowflake)
                  00008260    00000040     uart.obj (.const:g_ppui32UARTIntMap)
                  000082a0    00000040     uart.obj (.const:g_ppui32UARTIntMapSnowflake)
                  000082e0    00000030     i2c.obj (.const:g_ppui32I2CIntMap)
                  00008310    00000030     sysctl.obj (.const:g_sXTALtoMEMTIM)
                  00008340    00000020     ssi.obj (.const:g_ppui32SSIIntMap)
                  00008360    00000020     ssi.obj (.const:g_ppui32SSIIntMapSnowflake)
                  00008380    00000020     interrupt.obj (.const:g_pui32Priority)
                  000083a0    00000018     rtsv7M4_T_le_eabi.lib : e_powf.c.obj (.const:$O1$$)
                  000083b8    00000014     interrupt.obj (.const:g_pui32Dii16Regs)
                  000083cc    00000014     interrupt.obj (.const:g_pui32EnRegs)
                  000083e0    00000014     interrupt.obj (.const:g_pui32PendRegs)
                  000083f4    00000014     interrupt.obj (.const:g_pui32UnpendRegs)
                  00008408    00000012     uartstdio.obj (.const:.string)
                  0000841a    00000002     --HOLE-- [fill = 0]
                  0000841c    0000000c     uartstdio.obj (.const:g_ui32UARTBase)
                  00008428    0000000c     uartstdio.obj (.const:g_ui32UARTPeriph)
                  00008434    00000008     sysctl.obj (.const:g_pui32VCOFrequencies)
                  0000843c    00000006     threads.obj (.const:.string:$P$T0$1)
                  00008442    00000002     --HOLE-- [fill = 0]
                  00008444    00000004     uartstdio.obj (.const)

.cinit     0    00008448    00000050     
                  00008448    0000001a     (.cinit..data.load) [load image, compression = lzss]
                  00008462    00000002     --HOLE-- [fill = 0]
                  00008464    0000000c     (__TI_handler_table)
                  00008470    00000008     (.cinit..bss.load) [load image, compression = zero_init]
                  00008478    00000008     (.cinit..vtable.load) [load image, compression = zero_init]
                  00008480    00000018     (__TI_cinit_table)

.init_array 
*          0    00000000    00000000     UNINITIALIZED

.vtable    0    20000000    0000026c     UNINITIALIZED
                  20000000    0000026c     interrupt.obj (.vtable)

.bss       0    2000026c    00007208     UNINITIALIZED
                  2000026c    00006d60     G8RTOS_Scheduler.obj (.bss:threadStacks)
                  20006fcc    000001b8     G8RTOS_Scheduler.obj (.bss:threadControlBlocks)
                  20007184    00000150     G8RTOS_IPC.obj (.bss:FIFOs)
                  200072d4    00000120     rtsv7M4_T_le_eabi.lib : trgmsg.c.obj (.bss:_CIOBUF_)
                  200073f4    00000048     G8RTOS_Scheduler.obj (.bss:pthreadControlBlocks)
                  2000743c    00000008     G8RTOS_Scheduler.obj (.bss)
                  20007444    00000008     adc.obj (.bss:g_pui8OversampleFactor)
                  2000744c    00000008     (.common:parmbuf)
                  20007454    00000004     (.common:CurrentlyRunningThread)
                  20007458    00000004     (.common:IBit_State)
                  2000745c    00000004     (.common:SystemTime)
                  20007460    00000004     (.common:sem_I2CA)
                  20007464    00000004     (.common:sem_Joystick_Debounce)
                  20007468    00000004     (.common:sem_KillCube)
                  2000746c    00000004     (.common:sem_PCA9555_Debounce)
                  20007470    00000004     (.common:sem_SPIA)

.data      0    20007678    00000050     UNINITIALIZED
                  20007678    00000010     threads.obj (.data:world_camera_frame_offset)
                  20007688    00000010     threads.obj (.data:world_camera_pos)
                  20007698    00000010     threads.obj (.data:world_view_rot_inverse)
                  200076a8    00000008     rtsv7M4_T_le_eabi.lib : _lock.c.obj (.data:$O1$$)
                  200076b0    00000008     G8RTOS_Scheduler.obj (.data)
                  200076b8    00000005     uartstdio.obj (.data)
                  200076bd    00000003     threads.obj (.data)
                  200076c0    00000004     rtsv7M4_T_le_eabi.lib : errno.c.obj (.data)
                  200076c4    00000004                           : rand.c.obj (.data)

.stack     0    20007478    00000200     UNINITIALIZED
                  20007478    00000004     rtsv7M4_T_le_eabi.lib : boot_cortex_m.c.obj (.stack)
                  2000747c    000001fc     --HOLE--

__llvm_prf_cnts 
*          0    20000000    00000000     UNINITIALIZED

MODULE SUMMARY

       Module                         code    ro data   rw data
       ------                         ----    -------   -------
    .\
       threads.obj                    1904    6         51     
       main.obj                       816     0         24     
       tm4c123gh6pm_startup_ccs.obj   12      620       0      
    +--+------------------------------+-------+---------+---------+
       Total:                         2732    626       75     
                                                               
    .\G8RTOS\src\
       G8RTOS_Scheduler.obj           1708    0         28536  
       G8RTOS_IPC.obj                 436     0         336    
       G8RTOS_Semaphores.obj          172     0         0      
       G8RTOS_SchedulerASM.obj        84      0         0      
       G8RTOS_CriticalSection.obj     14      0         0      
    +--+------------------------------+-------+---------+---------+
       Total:                         2414    0         28872  
                                                               
    .\MiscFunctions\LinAlg\src\
       quaternions.obj                768     0         0      
       linalg.obj                     580     0         0      
    +--+------------------------------+-------+---------+---------+
       Total:                         1348    0         0      
                                                               
    .\MiscFunctions\Shapes\src\
       cube.obj                       468     0         0      
    +--+------------------------------+-------+---------+---------+
       Total:                         468     0         0      
                                                               
    .\MultimodDrivers\src\
       multimod_ST7789.obj            1744    0         0      
       multimod_BMI160.obj            724     0         0      
       multimod_i2c.obj               656     0         0      
       multimod_spi.obj               396     0         0      
       multimod_OPT3001.obj           296     0         0      
       multimod_joystick.obj          260     0         0      
       multimod_buttons.obj           140     0         0      
       multimod_uart.obj              84      0         0      
    +--+------------------------------+-------+---------+---------+
       Total:                         4300    0         0      
                                                               
    .\driverlib\
       sysctl.obj                     4006    596       0      
       gpio.obj                       3096    552       0      
       adc.obj                        2108    0         8      
       i2c.obj                        1788    128       0      
       interrupt.obj                  960     268       620    
       uart.obj                       1582    128       0      
       uartstdio.obj                  1192    46        5      
       ssi.obj                        866     64        0      
       systick.obj                    136     0         0      
       cpu.obj                        62      0         0      
    +--+------------------------------+-------+---------+---------+
       Total:                         15796   1782      633    
                                                               
    C:\ti\ccs1280\ccs\tools\compiler\ti-cgt-arm_20.2.7.LTS\lib\rtsv7M4_T_le_eabi.lib
       e_powf.c.obj                   1724    24        0      
       trgmsg.c.obj                   108     0         288    
       fd_mul_t2.asm.obj              252     0         0      
       fs_add_t2.asm.obj              250     0         0      
       fs_cmp_t2.asm.obj              192     0         0      
       s_scalbnf.c.obj                172     0         0      
       memcpy_t2.asm.obj              156     0         0      
       e_sqrtf.c.obj                  152     0         0      
       fs_div_t2.asm.obj              146     0         0      
       fd_cmp_t2.asm.obj              134     0         0      
       fs_mul_t2.asm.obj              122     0         0      
       memset_t2.asm.obj              122     0         0      
       copy_decompress_lzss.c.obj     104     0         0      
       rand.c.obj                     88      0         4      
       fd_toi_t2.asm.obj              72      0         0      
       hosttime.c.obj                 72      0         0      
       autoinit.c.obj                 68      0         0      
       u_divt2.asm.obj                64      0         0      
       fs_tod_t2.asm.obj              56      0         0      
       fs_toi_t2.asm.obj              56      0         0      
       i_tofs_t2.asm.obj              56      0         0      
       i_tofd_t2.asm.obj              46      0         0      
       boot_cortex_m.c.obj            36      0         0      
       u_tofs_t2.asm.obj              36      0         0      
       copy_decompress_none.c.obj     14      0         0      
       time.c.obj                     14      0         0      
       copy_zero_init.c.obj           12      0         0      
       errno.c.obj                    8       0         4      
       s_copysignf.c.obj              12      0         0      
       _lock.c.obj                    2       0         8      
       hostopen.c.obj                 0       0         8      
       exit.c.obj                     4       0         0      
       pre_init.c.obj                 4       0         0      
       div0.asm.obj                   2       0         0      
    +--+------------------------------+-------+---------+---------+
       Total:                         4356    24        312    
                                                               
       Stack:                         0       0         512    
       Linker Generated:              0       78        0      
    +--+------------------------------+-------+---------+---------+
       Grand Total:                   31414   2510      30404  


LINKER GENERATED COPY TABLES

__TI_cinit_table @ 00008480 records: 3, size/record: 8, table size: 24
	.data: load addr=00008448, load size=0000001a bytes, run addr=20007678, run size=00000050 bytes, compression=lzss
	.bss: load addr=00008470, load size=00000008 bytes, run addr=2000026c, run size=00007208 bytes, compression=zero_init
	.vtable: load addr=00008478, load size=00000008 bytes, run addr=20000000, run size=0000026c bytes, compression=zero_init


LINKER GENERATED HANDLER TABLE

__TI_handler_table @ 00008464 records: 3, size/record: 4, table size: 12
	index: 0, handler: __TI_zero_init
	index: 1, handler: __TI_decompress_lzss
	index: 2, handler: __TI_decompress_none


GLOBAL SYMBOLS: SORTED ALPHABETICALLY BY Name 

address   name                              
-------   ----                              
000025d3  ADCBusy                           
0000261b  ADCClockConfigGet                 
000025f1  ADCClockConfigSet                 
000023ed  ADCComparatorConfigure            
000024c1  ADCComparatorIntClear             
00002473  ADCComparatorIntDisable           
00002491  ADCComparatorIntEnable            
000024af  ADCComparatorIntStatus            
00002409  ADCComparatorRegionSet            
0000242d  ADCComparatorReset                
000023bb  ADCHardwareOversampleConfigure    
00001f5f  ADCIntClear                       
0000253b  ADCIntClearEx                     
00001ec5  ADCIntDisable                     
000024d9  ADCIntDisableEx                   
00001ee1  ADCIntEnable                      
000024f1  ADCIntEnableEx                    
00001e7f  ADCIntRegister                    
00001f07  ADCIntStatus                      
00002509  ADCIntStatusEx                    
00001ea7  ADCIntUnregister                  
0000258d  ADCPhaseDelayGet                  
0000257b  ADCPhaseDelaySet                  
000021cf  ADCProcessorTrigger               
00002569  ADCReferenceGet                   
0000254d  ADCReferenceSet                   
00001fa9  ADCSequenceConfigure              
000025b7  ADCSequenceDMADisable             
0000259b  ADCSequenceDMAEnable              
0000218d  ADCSequenceDataGet                
00001f8f  ADCSequenceDisable                
00001f75  ADCSequenceEnable                 
00002131  ADCSequenceOverflow               
00002149  ADCSequenceOverflowClear          
00002045  ADCSequenceStepConfigure          
0000215f  ADCSequenceUnderflow              
00002177  ADCSequenceUnderflowClear         
000021f7  ADCSoftwareOversampleConfigure    
00002329  ADCSoftwareOversampleDataGet      
00002249  ADCSoftwareOversampleStepConfigure
000061b7  BMI160_AccelXGetResult            
000062fb  BMI160_AccelXYZGetResult          
000061db  BMI160_AccelYGetResult            
000061ff  BMI160_AccelZGetResult            
000063f7  BMI160_GetDataStatus              
00006223  BMI160_GyroXGetResult             
0000634f  BMI160_GyroXYZGetResult           
00006247  BMI160_GyroYGetResult             
0000626b  BMI160_GyroZGetResult             
00006131  BMI160_Init                       
0000628f  BMI160_MagXGetResult              
000063a3  BMI160_MagXYZGetResult            
000062b3  BMI160_MagYGetResult              
000062d7  BMI160_MagZGetResult              
0000618f  BMI160_MultiReadRegister          
00006173  BMI160_ReadRegister               
0000614b  BMI160_WriteRegister              
00007d2b  C$$EXIT                           
00007b13  C$$IO$$                           
00007ad9  CPUbasepriGet                     
00007acb  CPUbasepriSet                     
00007aa5  CPUcpsid                          
00007abb  CPUcpsie                          
00007ab1  CPUprimask                        
00007ac7  CPUwfi                            
0000266f  CamMove_Thread                    
000068d9  Cube_Generate                     
00002779  Cube_Thread                       
20007454  CurrentlyRunningThread            
00007cd1  EndCriticalSection                
0000447d  G8RTOS_AddThread                  
0000466d  G8RTOS_Add_APeriodicEvent         
000046e5  G8RTOS_Add_PeriodicEvent          
000048d9  G8RTOS_GetNumberOfThreads         
000048d1  G8RTOS_GetThreadID                
0000430d  G8RTOS_Init                       
00006aad  G8RTOS_InitFIFO                   
00007211  G8RTOS_InitSemaphore              
00004835  G8RTOS_KillSelf                   
00004795  G8RTOS_KillThread                 
00004389  G8RTOS_Launch                     
00006b19  G8RTOS_ReadFIFO                   
000043af  G8RTOS_Scheduler                  
0000726b  G8RTOS_SignalSemaphore            
000078ed  G8RTOS_Start                      
0000722f  G8RTOS_WaitSemaphore              
00006baf  G8RTOS_WriteFIFO                  
00001dd5  GPIOADCTriggerDisable             
00001db7  GPIOADCTriggerEnable              
00001d99  GPIODMATriggerDisable             
00001d7b  GPIODMATriggerEnable              
00002d4d  GPIOD_Handler                     
000012c7  GPIODirModeGet                    
0000126b  GPIODirModeSet                    
00002d3b  GPIOE_Handler                     
00001881  GPIOIntClear                      
00001845  GPIOIntDisable                    
00001821  GPIOIntEnable                     
00001895  GPIOIntRegister                   
000018cd  GPIOIntRegisterPin                
0000185f  GPIOIntStatus                     
000013b7  GPIOIntTypeGet                    
00001313  GPIOIntTypeSet                    
000018b3  GPIOIntUnregister                 
000018fb  GPIOIntUnregisterPin              
000016af  GPIOPadConfigGet                  
00001441  GPIOPadConfigSet                  
00001d19  GPIOPinConfigure                  
0000191f  GPIOPinRead                       
00001957  GPIOPinTypeADC                    
0000197b  GPIOPinTypeCAN                    
0000199f  GPIOPinTypeComparator             
000019c3  GPIOPinTypeComparatorOutput       
000019e7  GPIOPinTypeDIVSCLK                
00001a0b  GPIOPinTypeEPI                    
00001a2f  GPIOPinTypeEthernetLED            
00001a53  GPIOPinTypeEthernetMII            
00001a77  GPIOPinTypeGPIOInput              
00001a9b  GPIOPinTypeGPIOOutput             
00001ac5  GPIOPinTypeGPIOOutputOD           
00001ae9  GPIOPinTypeHibernateRTCCLK        
00001b0d  GPIOPinTypeI2C                    
00001b31  GPIOPinTypeI2CSCL                 
00001b55  GPIOPinTypeLCD                    
00001b79  GPIOPinTypeOneWire                
00001b9d  GPIOPinTypePWM                    
00001bc1  GPIOPinTypeQEI                    
00001be5  GPIOPinTypeSSI                    
00001c09  GPIOPinTypeTimer                  
00001c2d  GPIOPinTypeTrace                  
00001c51  GPIOPinTypeUART                   
00001c75  GPIOPinTypeUSBAnalog              
00001c99  GPIOPinTypeUSBDigital             
00001cbd  GPIOPinTypeWakeHigh               
00001ce3  GPIOPinTypeWakeLow                
00001d09  GPIOPinWakeStatus                 
00001937  GPIOPinWrite                      
00001df3  GPIOUnlockPin                     
00002cfd  Get_Joystick                      
00007991  HOSTtime                          
000033c9  I2CFIFODataGet                    
000033e3  I2CFIFODataGetNonBlocking         
0000337f  I2CFIFODataPut                    
000033a1  I2CFIFODataPutNonBlocking         
0000336f  I2CFIFOStatus                     
00002f61  I2CIntRegister                    
00002f7f  I2CIntUnregister                  
000034a5  I2CLoopbackEnable                 
0000341f  I2CMasterBurstCountGet            
00003409  I2CMasterBurstLengthSet           
000031c7  I2CMasterBusBusy                  
000031af  I2CMasterBusy                     
000031df  I2CMasterControl                  
00003233  I2CMasterDataGet                  
0000321d  I2CMasterDataPut                  
00002f2d  I2CMasterDisable                  
00002ef9  I2CMasterEnable                   
000031f1  I2CMasterErr                      
0000342d  I2CMasterGlitchFilterConfigSet    
00002e2f  I2CMasterInitExpClk               
00003127  I2CMasterIntClear                 
0000313d  I2CMasterIntClearEx               
00002ff3  I2CMasterIntDisable               
00003003  I2CMasterIntDisableEx             
00002f99  I2CMasterIntEnable                
00002fa9  I2CMasterIntEnableEx              
0000304d  I2CMasterIntStatus                
0000308d  I2CMasterIntStatusEx              
000031a1  I2CMasterLineStateGet             
0000317f  I2CMasterSlaveAddrSet             
00003241  I2CMasterTimeoutSet               
0000332f  I2CRxFIFOConfigSet                
00003357  I2CRxFIFOFlush                    
00003253  I2CSlaveACKOverride               
00003285  I2CSlaveACKValueSet               
00002ebb  I2CSlaveAddressSet                
000032df  I2CSlaveDataGet                   
000032c7  I2CSlaveDataPut                   
00002f43  I2CSlaveDisable                   
00002f0f  I2CSlaveEnable                    
00003493  I2CSlaveFIFODisable               
0000347b  I2CSlaveFIFOEnable                
00002ea1  I2CSlaveInit                      
00003159  I2CSlaveIntClear                  
0000316b  I2CSlaveIntClearEx                
0000301b  I2CSlaveIntDisable                
00003033  I2CSlaveIntDisableEx              
00002fc1  I2CSlaveIntEnable                 
00002fd9  I2CSlaveIntEnableEx               
000030bd  I2CSlaveIntStatus                 
00003105  I2CSlaveIntStatusEx               
000032b7  I2CSlaveStatus                    
000032ef  I2CTxFIFOConfigSet                
00003317  I2CTxFIFOFlush                    
00006405  I2C_Init                          
000065d1  I2C_ReadMultiple                  
000064fb  I2C_ReadSingle                    
00006531  I2C_WriteMultiple                 
000064c5  I2C_WriteSingle                   
20007458  IBit_State                        
00002661  Idle_Thread                       
0000559d  IntDisable                        
0000552b  IntEnable                         
0000560f  IntIsEnabled                      
000053ef  IntMasterDisable                  
000053df  IntMasterEnable                   
00005705  IntPendClear                      
00005695  IntPendSet                        
00005507  IntPriorityGet                    
0000547f  IntPriorityGroupingGet            
00005465  IntPriorityGroupingSet            
0000575f  IntPriorityMaskGet                
00005753  IntPriorityMaskSet                
000054b7  IntPrioritySet                    
000053ff  IntRegister                       
00005767  IntTrigger                        
00005451  IntUnregister                     
00006f97  JOYSTICK_GetPress                 
00006fab  JOYSTICK_GetX                     
00006fcd  JOYSTICK_GetXY                    
00006fbb  JOYSTICK_GetY                     
00006f15  JOYSTICK_Init                     
00006f73  JOYSTICK_IntEnable                
0000756f  MultimodButtons_Get               
00007531  MultimodButtons_Init              
00006efd  OPT3001_GetChipID                 
00006e6b  OPT3001_GetResult                 
00006ded  OPT3001_Init                      
00006e35  OPT3001_ReadRegister              
00006edd  OPT3001_SetHighLimit              
00006ebd  OPT3001_SetLowLimit               
00006e01  OPT3001_WriteRegister             
0000790f  PendSV_Handler                    
00002c63  Print_WorldCoords                 
00005e31  Quat_Add                          
000060bb  Quat_GetInverse                   
0000606b  Quat_GetMag                       
00005e7b  Quat_Mul                          
00006019  Quat_Normalize                    
00005fcf  Quat_Sub                          
00002af9  Read_Buttons                      
00002c29  Read_JoystickPress                
00007d0b  ResetISR                          
00006c61  SPI_Init                          
00006d6f  SPI_ReadMultiple                  
00006ce7  SPI_ReadSingle                    
00006d0f  SPI_WriteMultiple                 
00006cc9  SPI_WriteSingle                   
00005a55  SSIAdvDataPutFrameEnd             
00005a7b  SSIAdvDataPutFrameEndNonBlocking  
00005abd  SSIAdvFrameHoldDisable            
00005aa7  SSIAdvFrameHoldEnable             
00005a23  SSIAdvModeSet                     
000059e1  SSIBusy                           
00005a13  SSIClockSourceGet                 
000059ff  SSIClockSourceSet                 
000057fb  SSIConfigSetExpClk                
000059c9  SSIDMADisable                     
000059b1  SSIDMAEnable                      
00005973  SSIDataGet                        
0000598f  SSIDataGetNonBlocking             
00005939  SSIDataPut                        
00005953  SSIDataPutNonBlocking             
0000588b  SSIDisable                        
00005875  SSIEnable                         
00005927  SSIIntClear                       
000058f1  SSIIntDisable                     
000058d9  SSIIntEnable                      
000058a1  SSIIntRegister                    
00005909  SSIIntStatus                      
000058bf  SSIIntUnregister                  
00005ae9  SSILoopbackDisable                
00005ad3  SSILoopbackEnable                 
000034db  ST7789_Deselect                   
000036af  ST7789_DrawHLine                  
00003a4f  ST7789_DrawLine                   
000039df  ST7789_DrawPixel                  
00003b1b  ST7789_DrawRectangle              
00003619  ST7789_DrawVLine                  
00003a33  ST7789_Fill                       
000038fd  ST7789_Init                       
00003761  ST7789_Line                       
00003531  ST7789_ReadRegister               
000034cd  ST7789_Select                     
000034f7  ST7789_SetCommand                 
000034e9  ST7789_SetData                    
0000353f  ST7789_SetWindow                  
00003505  ST7789_WriteCommand               
0000351f  ST7789_WriteData                  
00007cc9  StartCriticalSection              
000011c9  SysCtlAltClkConfig                
000008f5  SysCtlClockFreqSet                
00000dbd  SysCtlClockGet                    
000011ad  SysCtlClockOutConfig              
00000bed  SysCtlClockSet                    
000007f9  SysCtlDeepSleep                   
00000f7d  SysCtlDeepSleepClockConfigSet     
00000f5f  SysCtlDeepSleepClockSet           
000007d9  SysCtlDeepSleepPowerSet           
00007d21  SysCtlDelay                       
00000363  SysCtlFlashSectorSizeGet          
00000337  SysCtlFlashSizeGet                
00001053  SysCtlGPIOAHBDisable              
00001037  SysCtlGPIOAHBEnable               
0000076d  SysCtlIntClear                    
00000759  SysCtlIntDisable                  
00000741  SysCtlIntEnable                   
0000071d  SysCtlIntRegister                 
0000077d  SysCtlIntStatus                   
00000731  SysCtlIntUnregister               
000007bf  SysCtlLDODeepSleepGet             
000007af  SysCtlLDODeepSleepSet             
000007a9  SysCtlLDOSleepGet                 
00000799  SysCtlLDOSleepSet                 
0000082f  SysCtlMOSCConfigSet               
00001191  SysCtlNMIClear                    
00001179  SysCtlNMIStatus                   
00000845  SysCtlPIOSCCalibrate              
00001021  SysCtlPWMClockGet                 
00001007  SysCtlPWMClockSet                 
000006c5  SysCtlPeripheralClockGating       
0000067d  SysCtlPeripheralDeepSleepDisable  
00000625  SysCtlPeripheralDeepSleepEnable   
00000555  SysCtlPeripheralDisable           
00000515  SysCtlPeripheralEnable            
00000449  SysCtlPeripheralPowerOff          
00000409  SysCtlPeripheralPowerOn           
00000389  SysCtlPeripheralPresent           
000003c9  SysCtlPeripheralReady             
00000489  SysCtlPeripheralReset             
000005e5  SysCtlPeripheralSleepDisable      
0000059d  SysCtlPeripheralSleepEnable       
000007e9  SysCtlReset                       
000008a5  SysCtlResetBehaviorGet            
00000895  SysCtlResetBehaviorSet            
0000081b  SysCtlResetCauseClear             
00000815  SysCtlResetCauseGet               
0000032d  SysCtlSRAMSizeGet                 
000007f1  SysCtlSleep                       
000007c9  SysCtlSleepPowerSet               
0000107b  SysCtlUSBPLLDisable               
0000106f  SysCtlUSBPLLEnable                
000010c1  SysCtlVCOGet                      
000010a9  SysCtlVoltageEventClear           
0000108d  SysCtlVoltageEventConfig          
0000109d  SysCtlVoltageEventStatus          
000075c9  SysTickDisable                    
000075bd  SysTickEnable                     
0000760d  SysTickIntDisable                 
00007601  SysTickIntEnable                  
000075d5  SysTickIntRegister                
000075ed  SysTickIntUnregister              
0000762b  SysTickPeriodGet                  
00007619  SysTickPeriodSet                  
00007633  SysTickValueGet                   
00004283  SysTick_Handler                   
2000745c  SystemTime                        
00005b21  Test_Display                      
00004ed5  UART9BitAddrSend                  
00004eaf  UART9BitAddrSet                   
00004e99  UART9BitDisable                   
00004e83  UART9BitEnable                    
00004d27  UARTBreakCtl                      
00004d51  UARTBusy                          
00004ccf  UARTCharGet                       
00004cb3  UARTCharGetNonBlocking            
00004d09  UARTCharPut                       
00004ce5  UARTCharPutNonBlocking            
00004c77  UARTCharsAvail                    
00004e73  UARTClockSourceGet                
00004e5f  UARTClockSourceSet                
00004a47  UARTConfigGetExpClk               
000049d1  UARTConfigSetExpClk               
00004e25  UARTDMADisable                    
00004e0d  UARTDMAEnable                     
00004ab7  UARTDisable                       
00004b3b  UARTDisableSIR                    
00004a93  UARTEnable                        
00004b0d  UARTEnableSIR                     
00004af7  UARTFIFODisable                   
00004ae1  UARTFIFOEnable                    
000049a9  UARTFIFOLevelGet                  
00004991  UARTFIFOLevelSet                  
00004c37  UARTFlowControlGet                
00004c1b  UARTFlowControlSet                
00004dfb  UARTIntClear                      
00004dc5  UARTIntDisable                    
00004dad  UARTIntEnable                     
00004d6f  UARTIntRegister                   
00004ddd  UARTIntStatus                     
00004d8d  UARTIntUnregister                 
00004f1d  UARTLoopbackEnable                
00004bd1  UARTModemControlClear             
00004bf5  UARTModemControlGet               
00004b99  UARTModemControlSet               
00004c07  UARTModemStatusGet                
0000497f  UARTParityModeGet                 
00004963  UARTParityModeSet                 
00004e4f  UARTRxErrorClear                  
00004e3d  UARTRxErrorGet                    
00004b83  UARTSmartCardDisable              
00004b51  UARTSmartCardEnable               
00004c95  UARTSpaceAvail                    
00004f35  UARTStdioConfig                   
00004c65  UARTTxIntModeGet                  
00004c49  UARTTxIntModeSet                  
0000793d  UART_Init                         
00005085  UARTgetc                          
00004fcb  UARTgets                          
000053a7  UARTprintf                        
000050ad  UARTvprintf                       
00004f7b  UARTwrite                         
200072d4  __CIOBUF_                         
20007678  __STACK_END                       
00000200  __STACK_SIZE                      
20007678  __STACK_TOP                       
00008480  __TI_CINIT_Base                   
00008498  __TI_CINIT_Limit                  
00008464  __TI_Handler_Table_Base           
00008470  __TI_Handler_Table_Limit          
00007a21  __TI_auto_init_nobinit_nopinit    
000077bf  __TI_decompress_lzss              
00007ce5  __TI_decompress_none              
ffffffff  __TI_pprof_out_hndl               
ffffffff  __TI_prof_data_size               
ffffffff  __TI_prof_data_start              
00007bc5  __TI_readmsg                      
00000000  __TI_static_base__                
00007ae5  __TI_writemsg                     
00007cff  __TI_zero_init                    
00007645  __aeabi_cdcmpeq                   
00007645  __aeabi_cdcmple                   
00007827  __aeabi_cfcmpeq                   
00007827  __aeabi_cfcmple                   
00007887  __aeabi_cfrcmple                  
000079d9  __aeabi_d2iz                      
00007019  __aeabi_dmul                      
00007d19  __aeabi_errno_addr                
00007b1d  __aeabi_f2d                       
00007b55  __aeabi_f2iz                      
00007119  __aeabi_fadd                      
0000749d  __aeabi_fdiv                      
000076cb  __aeabi_fmul                      
00007115  __aeabi_fsub                      
00007c2d  __aeabi_i2d                       
00007b8d  __aeabi_i2f                       
00005aff  __aeabi_idiv0                     
00005aff  __aeabi_ldiv0                     
00007745  __aeabi_memclr                    
00007745  __aeabi_memclr4                   
00007745  __aeabi_memclr8                   
00007369  __aeabi_memcpy                    
00007369  __aeabi_memcpy4                   
00007369  __aeabi_memcpy8                   
00007747  __aeabi_memset                    
00007747  __aeabi_memset4                   
00007747  __aeabi_memset8                   
00007c81  __aeabi_ui2f                      
00007a65  __aeabi_uidiv                     
00007a65  __aeabi_uidivmod                  
ffffffff  __binit__                         
ffffffff  __c_args__                        
UNDEFED   __mpu_init                        
20007478  __stack                           
20000000  __start___llvm_prf_cnts           
20000000  __stop___llvm_prf_cnts            
00007cd7  __time32                          
00007c5d  _c_int00_noargs                   
200076a8  _lock                             
00004f33  _nop                              
UNDEFED   _system_post_cinit                
00007d27  _system_pre_init                  
200076ac  _unlock                           
00007d2b  abort                             
ffffffff  binit                             
00007cf3  copysignf                         
000038e1  delay_ms                          
200076c0  errno                             
20000000  g_pfnRAMVectors                   
00000000  g_pfnVectors                      
000060f3  getRotatedQuat                    
000066bb  getViewOnScreen                   
00006695  getViewRelative                   
200076b4  headTCB                           
00006763  interpolatePoints                 
200076be  joystick_y                        
200076bf  kill_cube                         
000072bd  ldexpf                            
00005d0d  main                              
00007369  memcpy                            
0000774d  memset                            
200076bd  num_cubes                         
2000744c  parmbuf                           
00003b9d  powf                              
00007bf9  rand                              
000072bd  scalbnf                           
20007460  sem_I2CA                          
20007464  sem_Joystick_Debounce             
20007468  sem_KillCube                      
2000746c  sem_PCA9555_Debounce              
20007470  sem_SPIA                          
000048a7  sleep                             
00007405  sqrtf                             
00007ca5  srand                             
00007cd7  time                              
20007678  world_camera_frame_offset         
20007688  world_camera_pos                  
20007698  world_view_rot_inverse            


GLOBAL SYMBOLS: SORTED BY Symbol Address 

address   name                              
-------   ----                              
00000000  __TI_static_base__                
00000000  g_pfnVectors                      
00000200  __STACK_SIZE                      
0000032d  SysCtlSRAMSizeGet                 
00000337  SysCtlFlashSizeGet                
00000363  SysCtlFlashSectorSizeGet          
00000389  SysCtlPeripheralPresent           
000003c9  SysCtlPeripheralReady             
00000409  SysCtlPeripheralPowerOn           
00000449  SysCtlPeripheralPowerOff          
00000489  SysCtlPeripheralReset             
00000515  SysCtlPeripheralEnable            
00000555  SysCtlPeripheralDisable           
0000059d  SysCtlPeripheralSleepEnable       
000005e5  SysCtlPeripheralSleepDisable      
00000625  SysCtlPeripheralDeepSleepEnable   
0000067d  SysCtlPeripheralDeepSleepDisable  
000006c5  SysCtlPeripheralClockGating       
0000071d  SysCtlIntRegister                 
00000731  SysCtlIntUnregister               
00000741  SysCtlIntEnable                   
00000759  SysCtlIntDisable                  
0000076d  SysCtlIntClear                    
0000077d  SysCtlIntStatus                   
00000799  SysCtlLDOSleepSet                 
000007a9  SysCtlLDOSleepGet                 
000007af  SysCtlLDODeepSleepSet             
000007bf  SysCtlLDODeepSleepGet             
000007c9  SysCtlSleepPowerSet               
000007d9  SysCtlDeepSleepPowerSet           
000007e9  SysCtlReset                       
000007f1  SysCtlSleep                       
000007f9  SysCtlDeepSleep                   
00000815  SysCtlResetCauseGet               
0000081b  SysCtlResetCauseClear             
0000082f  SysCtlMOSCConfigSet               
00000845  SysCtlPIOSCCalibrate              
00000895  SysCtlResetBehaviorSet            
000008a5  SysCtlResetBehaviorGet            
000008f5  SysCtlClockFreqSet                
00000bed  SysCtlClockSet                    
00000dbd  SysCtlClockGet                    
00000f5f  SysCtlDeepSleepClockSet           
00000f7d  SysCtlDeepSleepClockConfigSet     
00001007  SysCtlPWMClockSet                 
00001021  SysCtlPWMClockGet                 
00001037  SysCtlGPIOAHBEnable               
00001053  SysCtlGPIOAHBDisable              
0000106f  SysCtlUSBPLLEnable                
0000107b  SysCtlUSBPLLDisable               
0000108d  SysCtlVoltageEventConfig          
0000109d  SysCtlVoltageEventStatus          
000010a9  SysCtlVoltageEventClear           
000010c1  SysCtlVCOGet                      
00001179  SysCtlNMIStatus                   
00001191  SysCtlNMIClear                    
000011ad  SysCtlClockOutConfig              
000011c9  SysCtlAltClkConfig                
0000126b  GPIODirModeSet                    
000012c7  GPIODirModeGet                    
00001313  GPIOIntTypeSet                    
000013b7  GPIOIntTypeGet                    
00001441  GPIOPadConfigSet                  
000016af  GPIOPadConfigGet                  
00001821  GPIOIntEnable                     
00001845  GPIOIntDisable                    
0000185f  GPIOIntStatus                     
00001881  GPIOIntClear                      
00001895  GPIOIntRegister                   
000018b3  GPIOIntUnregister                 
000018cd  GPIOIntRegisterPin                
000018fb  GPIOIntUnregisterPin              
0000191f  GPIOPinRead                       
00001937  GPIOPinWrite                      
00001957  GPIOPinTypeADC                    
0000197b  GPIOPinTypeCAN                    
0000199f  GPIOPinTypeComparator             
000019c3  GPIOPinTypeComparatorOutput       
000019e7  GPIOPinTypeDIVSCLK                
00001a0b  GPIOPinTypeEPI                    
00001a2f  GPIOPinTypeEthernetLED            
00001a53  GPIOPinTypeEthernetMII            
00001a77  GPIOPinTypeGPIOInput              
00001a9b  GPIOPinTypeGPIOOutput             
00001ac5  GPIOPinTypeGPIOOutputOD           
00001ae9  GPIOPinTypeHibernateRTCCLK        
00001b0d  GPIOPinTypeI2C                    
00001b31  GPIOPinTypeI2CSCL                 
00001b55  GPIOPinTypeLCD                    
00001b79  GPIOPinTypeOneWire                
00001b9d  GPIOPinTypePWM                    
00001bc1  GPIOPinTypeQEI                    
00001be5  GPIOPinTypeSSI                    
00001c09  GPIOPinTypeTimer                  
00001c2d  GPIOPinTypeTrace                  
00001c51  GPIOPinTypeUART                   
00001c75  GPIOPinTypeUSBAnalog              
00001c99  GPIOPinTypeUSBDigital             
00001cbd  GPIOPinTypeWakeHigh               
00001ce3  GPIOPinTypeWakeLow                
00001d09  GPIOPinWakeStatus                 
00001d19  GPIOPinConfigure                  
00001d7b  GPIODMATriggerEnable              
00001d99  GPIODMATriggerDisable             
00001db7  GPIOADCTriggerEnable              
00001dd5  GPIOADCTriggerDisable             
00001df3  GPIOUnlockPin                     
00001e7f  ADCIntRegister                    
00001ea7  ADCIntUnregister                  
00001ec5  ADCIntDisable                     
00001ee1  ADCIntEnable                      
00001f07  ADCIntStatus                      
00001f5f  ADCIntClear                       
00001f75  ADCSequenceEnable                 
00001f8f  ADCSequenceDisable                
00001fa9  ADCSequenceConfigure              
00002045  ADCSequenceStepConfigure          
00002131  ADCSequenceOverflow               
00002149  ADCSequenceOverflowClear          
0000215f  ADCSequenceUnderflow              
00002177  ADCSequenceUnderflowClear         
0000218d  ADCSequenceDataGet                
000021cf  ADCProcessorTrigger               
000021f7  ADCSoftwareOversampleConfigure    
00002249  ADCSoftwareOversampleStepConfigure
00002329  ADCSoftwareOversampleDataGet      
000023bb  ADCHardwareOversampleConfigure    
000023ed  ADCComparatorConfigure            
00002409  ADCComparatorRegionSet            
0000242d  ADCComparatorReset                
00002473  ADCComparatorIntDisable           
00002491  ADCComparatorIntEnable            
000024af  ADCComparatorIntStatus            
000024c1  ADCComparatorIntClear             
000024d9  ADCIntDisableEx                   
000024f1  ADCIntEnableEx                    
00002509  ADCIntStatusEx                    
0000253b  ADCIntClearEx                     
0000254d  ADCReferenceSet                   
00002569  ADCReferenceGet                   
0000257b  ADCPhaseDelaySet                  
0000258d  ADCPhaseDelayGet                  
0000259b  ADCSequenceDMAEnable              
000025b7  ADCSequenceDMADisable             
000025d3  ADCBusy                           
000025f1  ADCClockConfigSet                 
0000261b  ADCClockConfigGet                 
00002661  Idle_Thread                       
0000266f  CamMove_Thread                    
00002779  Cube_Thread                       
00002af9  Read_Buttons                      
00002c29  Read_JoystickPress                
00002c63  Print_WorldCoords                 
00002cfd  Get_Joystick                      
00002d3b  GPIOE_Handler                     
00002d4d  GPIOD_Handler                     
00002e2f  I2CMasterInitExpClk               
00002ea1  I2CSlaveInit                      
00002ebb  I2CSlaveAddressSet                
00002ef9  I2CMasterEnable                   
00002f0f  I2CSlaveEnable                    
00002f2d  I2CMasterDisable                  
00002f43  I2CSlaveDisable                   
00002f61  I2CIntRegister                    
00002f7f  I2CIntUnregister                  
00002f99  I2CMasterIntEnable                
00002fa9  I2CMasterIntEnableEx              
00002fc1  I2CSlaveIntEnable                 
00002fd9  I2CSlaveIntEnableEx               
00002ff3  I2CMasterIntDisable               
00003003  I2CMasterIntDisableEx             
0000301b  I2CSlaveIntDisable                
00003033  I2CSlaveIntDisableEx              
0000304d  I2CMasterIntStatus                
0000308d  I2CMasterIntStatusEx              
000030bd  I2CSlaveIntStatus                 
00003105  I2CSlaveIntStatusEx               
00003127  I2CMasterIntClear                 
0000313d  I2CMasterIntClearEx               
00003159  I2CSlaveIntClear                  
0000316b  I2CSlaveIntClearEx                
0000317f  I2CMasterSlaveAddrSet             
000031a1  I2CMasterLineStateGet             
000031af  I2CMasterBusy                     
000031c7  I2CMasterBusBusy                  
000031df  I2CMasterControl                  
000031f1  I2CMasterErr                      
0000321d  I2CMasterDataPut                  
00003233  I2CMasterDataGet                  
00003241  I2CMasterTimeoutSet               
00003253  I2CSlaveACKOverride               
00003285  I2CSlaveACKValueSet               
000032b7  I2CSlaveStatus                    
000032c7  I2CSlaveDataPut                   
000032df  I2CSlaveDataGet                   
000032ef  I2CTxFIFOConfigSet                
00003317  I2CTxFIFOFlush                    
0000332f  I2CRxFIFOConfigSet                
00003357  I2CRxFIFOFlush                    
0000336f  I2CFIFOStatus                     
0000337f  I2CFIFODataPut                    
000033a1  I2CFIFODataPutNonBlocking         
000033c9  I2CFIFODataGet                    
000033e3  I2CFIFODataGetNonBlocking         
00003409  I2CMasterBurstLengthSet           
0000341f  I2CMasterBurstCountGet            
0000342d  I2CMasterGlitchFilterConfigSet    
0000347b  I2CSlaveFIFOEnable                
00003493  I2CSlaveFIFODisable               
000034a5  I2CLoopbackEnable                 
000034cd  ST7789_Select                     
000034db  ST7789_Deselect                   
000034e9  ST7789_SetData                    
000034f7  ST7789_SetCommand                 
00003505  ST7789_WriteCommand               
0000351f  ST7789_WriteData                  
00003531  ST7789_ReadRegister               
0000353f  ST7789_SetWindow                  
00003619  ST7789_DrawVLine                  
000036af  ST7789_DrawHLine                  
00003761  ST7789_Line                       
000038e1  delay_ms                          
000038fd  ST7789_Init                       
000039df  ST7789_DrawPixel                  
00003a33  ST7789_Fill                       
00003a4f  ST7789_DrawLine                   
00003b1b  ST7789_DrawRectangle              
00003b9d  powf                              
00004283  SysTick_Handler                   
0000430d  G8RTOS_Init                       
00004389  G8RTOS_Launch                     
000043af  G8RTOS_Scheduler                  
0000447d  G8RTOS_AddThread                  
0000466d  G8RTOS_Add_APeriodicEvent         
000046e5  G8RTOS_Add_PeriodicEvent          
00004795  G8RTOS_KillThread                 
00004835  G8RTOS_KillSelf                   
000048a7  sleep                             
000048d1  G8RTOS_GetThreadID                
000048d9  G8RTOS_GetNumberOfThreads         
00004963  UARTParityModeSet                 
0000497f  UARTParityModeGet                 
00004991  UARTFIFOLevelSet                  
000049a9  UARTFIFOLevelGet                  
000049d1  UARTConfigSetExpClk               
00004a47  UARTConfigGetExpClk               
00004a93  UARTEnable                        
00004ab7  UARTDisable                       
00004ae1  UARTFIFOEnable                    
00004af7  UARTFIFODisable                   
00004b0d  UARTEnableSIR                     
00004b3b  UARTDisableSIR                    
00004b51  UARTSmartCardEnable               
00004b83  UARTSmartCardDisable              
00004b99  UARTModemControlSet               
00004bd1  UARTModemControlClear             
00004bf5  UARTModemControlGet               
00004c07  UARTModemStatusGet                
00004c1b  UARTFlowControlSet                
00004c37  UARTFlowControlGet                
00004c49  UARTTxIntModeSet                  
00004c65  UARTTxIntModeGet                  
00004c77  UARTCharsAvail                    
00004c95  UARTSpaceAvail                    
00004cb3  UARTCharGetNonBlocking            
00004ccf  UARTCharGet                       
00004ce5  UARTCharPutNonBlocking            
00004d09  UARTCharPut                       
00004d27  UARTBreakCtl                      
00004d51  UARTBusy                          
00004d6f  UARTIntRegister                   
00004d8d  UARTIntUnregister                 
00004dad  UARTIntEnable                     
00004dc5  UARTIntDisable                    
00004ddd  UARTIntStatus                     
00004dfb  UARTIntClear                      
00004e0d  UARTDMAEnable                     
00004e25  UARTDMADisable                    
00004e3d  UARTRxErrorGet                    
00004e4f  UARTRxErrorClear                  
00004e5f  UARTClockSourceSet                
00004e73  UARTClockSourceGet                
00004e83  UART9BitEnable                    
00004e99  UART9BitDisable                   
00004eaf  UART9BitAddrSet                   
00004ed5  UART9BitAddrSend                  
00004f1d  UARTLoopbackEnable                
00004f33  _nop                              
00004f35  UARTStdioConfig                   
00004f7b  UARTwrite                         
00004fcb  UARTgets                          
00005085  UARTgetc                          
000050ad  UARTvprintf                       
000053a7  UARTprintf                        
000053df  IntMasterEnable                   
000053ef  IntMasterDisable                  
000053ff  IntRegister                       
00005451  IntUnregister                     
00005465  IntPriorityGroupingSet            
0000547f  IntPriorityGroupingGet            
000054b7  IntPrioritySet                    
00005507  IntPriorityGet                    
0000552b  IntEnable                         
0000559d  IntDisable                        
0000560f  IntIsEnabled                      
00005695  IntPendSet                        
00005705  IntPendClear                      
00005753  IntPriorityMaskSet                
0000575f  IntPriorityMaskGet                
00005767  IntTrigger                        
000057fb  SSIConfigSetExpClk                
00005875  SSIEnable                         
0000588b  SSIDisable                        
000058a1  SSIIntRegister                    
000058bf  SSIIntUnregister                  
000058d9  SSIIntEnable                      
000058f1  SSIIntDisable                     
00005909  SSIIntStatus                      
00005927  SSIIntClear                       
00005939  SSIDataPut                        
00005953  SSIDataPutNonBlocking             
00005973  SSIDataGet                        
0000598f  SSIDataGetNonBlocking             
000059b1  SSIDMAEnable                      
000059c9  SSIDMADisable                     
000059e1  SSIBusy                           
000059ff  SSIClockSourceSet                 
00005a13  SSIClockSourceGet                 
00005a23  SSIAdvModeSet                     
00005a55  SSIAdvDataPutFrameEnd             
00005a7b  SSIAdvDataPutFrameEndNonBlocking  
00005aa7  SSIAdvFrameHoldEnable             
00005abd  SSIAdvFrameHoldDisable            
00005ad3  SSILoopbackEnable                 
00005ae9  SSILoopbackDisable                
00005aff  __aeabi_idiv0                     
00005aff  __aeabi_ldiv0                     
00005b21  Test_Display                      
00005d0d  main                              
00005e31  Quat_Add                          
00005e7b  Quat_Mul                          
00005fcf  Quat_Sub                          
00006019  Quat_Normalize                    
0000606b  Quat_GetMag                       
000060bb  Quat_GetInverse                   
000060f3  getRotatedQuat                    
00006131  BMI160_Init                       
0000614b  BMI160_WriteRegister              
00006173  BMI160_ReadRegister               
0000618f  BMI160_MultiReadRegister          
000061b7  BMI160_AccelXGetResult            
000061db  BMI160_AccelYGetResult            
000061ff  BMI160_AccelZGetResult            
00006223  BMI160_GyroXGetResult             
00006247  BMI160_GyroYGetResult             
0000626b  BMI160_GyroZGetResult             
0000628f  BMI160_MagXGetResult              
000062b3  BMI160_MagYGetResult              
000062d7  BMI160_MagZGetResult              
000062fb  BMI160_AccelXYZGetResult          
0000634f  BMI160_GyroXYZGetResult           
000063a3  BMI160_MagXYZGetResult            
000063f7  BMI160_GetDataStatus              
00006405  I2C_Init                          
000064c5  I2C_WriteSingle                   
000064fb  I2C_ReadSingle                    
00006531  I2C_WriteMultiple                 
000065d1  I2C_ReadMultiple                  
00006695  getViewRelative                   
000066bb  getViewOnScreen                   
00006763  interpolatePoints                 
000068d9  Cube_Generate                     
00006aad  G8RTOS_InitFIFO                   
00006b19  G8RTOS_ReadFIFO                   
00006baf  G8RTOS_WriteFIFO                  
00006c61  SPI_Init                          
00006cc9  SPI_WriteSingle                   
00006ce7  SPI_ReadSingle                    
00006d0f  SPI_WriteMultiple                 
00006d6f  SPI_ReadMultiple                  
00006ded  OPT3001_Init                      
00006e01  OPT3001_WriteRegister             
00006e35  OPT3001_ReadRegister              
00006e6b  OPT3001_GetResult                 
00006ebd  OPT3001_SetLowLimit               
00006edd  OPT3001_SetHighLimit              
00006efd  OPT3001_GetChipID                 
00006f15  JOYSTICK_Init                     
00006f73  JOYSTICK_IntEnable                
00006f97  JOYSTICK_GetPress                 
00006fab  JOYSTICK_GetX                     
00006fbb  JOYSTICK_GetY                     
00006fcd  JOYSTICK_GetXY                    
00007019  __aeabi_dmul                      
00007115  __aeabi_fsub                      
00007119  __aeabi_fadd                      
00007211  G8RTOS_InitSemaphore              
0000722f  G8RTOS_WaitSemaphore              
0000726b  G8RTOS_SignalSemaphore            
000072bd  ldexpf                            
000072bd  scalbnf                           
00007369  __aeabi_memcpy                    
00007369  __aeabi_memcpy4                   
00007369  __aeabi_memcpy8                   
00007369  memcpy                            
00007405  sqrtf                             
0000749d  __aeabi_fdiv                      
00007531  MultimodButtons_Init              
0000756f  MultimodButtons_Get               
000075bd  SysTickEnable                     
000075c9  SysTickDisable                    
000075d5  SysTickIntRegister                
000075ed  SysTickIntUnregister              
00007601  SysTickIntEnable                  
0000760d  SysTickIntDisable                 
00007619  SysTickPeriodSet                  
0000762b  SysTickPeriodGet                  
00007633  SysTickValueGet                   
00007645  __aeabi_cdcmpeq                   
00007645  __aeabi_cdcmple                   
000076cb  __aeabi_fmul                      
00007745  __aeabi_memclr                    
00007745  __aeabi_memclr4                   
00007745  __aeabi_memclr8                   
00007747  __aeabi_memset                    
00007747  __aeabi_memset4                   
00007747  __aeabi_memset8                   
0000774d  memset                            
000077bf  __TI_decompress_lzss              
00007827  __aeabi_cfcmpeq                   
00007827  __aeabi_cfcmple                   
00007887  __aeabi_cfrcmple                  
000078ed  G8RTOS_Start                      
0000790f  PendSV_Handler                    
0000793d  UART_Init                         
00007991  HOSTtime                          
000079d9  __aeabi_d2iz                      
00007a21  __TI_auto_init_nobinit_nopinit    
00007a65  __aeabi_uidiv                     
00007a65  __aeabi_uidivmod                  
00007aa5  CPUcpsid                          
00007ab1  CPUprimask                        
00007abb  CPUcpsie                          
00007ac7  CPUwfi                            
00007acb  CPUbasepriSet                     
00007ad9  CPUbasepriGet                     
00007ae5  __TI_writemsg                     
00007b13  C$$IO$$                           
00007b1d  __aeabi_f2d                       
00007b55  __aeabi_f2iz                      
00007b8d  __aeabi_i2f                       
00007bc5  __TI_readmsg                      
00007bf9  rand                              
00007c2d  __aeabi_i2d                       
00007c5d  _c_int00_noargs                   
00007c81  __aeabi_ui2f                      
00007ca5  srand                             
00007cc9  StartCriticalSection              
00007cd1  EndCriticalSection                
00007cd7  __time32                          
00007cd7  time                              
00007ce5  __TI_decompress_none              
00007cf3  copysignf                         
00007cff  __TI_zero_init                    
00007d0b  ResetISR                          
00007d19  __aeabi_errno_addr                
00007d21  SysCtlDelay                       
00007d27  _system_pre_init                  
00007d2b  C$$EXIT                           
00007d2b  abort                             
00008464  __TI_Handler_Table_Base           
00008470  __TI_Handler_Table_Limit          
00008480  __TI_CINIT_Base                   
00008498  __TI_CINIT_Limit                  
20000000  __start___llvm_prf_cnts           
20000000  __stop___llvm_prf_cnts            
20000000  g_pfnRAMVectors                   
200072d4  __CIOBUF_                         
2000744c  parmbuf                           
20007454  CurrentlyRunningThread            
20007458  IBit_State                        
2000745c  SystemTime                        
20007460  sem_I2CA                          
20007464  sem_Joystick_Debounce             
20007468  sem_KillCube                      
2000746c  sem_PCA9555_Debounce              
20007470  sem_SPIA                          
20007478  __stack                           
20007678  __STACK_END                       
20007678  __STACK_TOP                       
20007678  world_camera_frame_offset         
20007688  world_camera_pos                  
20007698  world_view_rot_inverse            
200076a8  _lock                             
200076ac  _unlock                           
200076b4  headTCB                           
200076bd  num_cubes                         
200076be  joystick_y                        
200076bf  kill_cube                         
200076c0  errno                             
ffffffff  __TI_pprof_out_hndl               
ffffffff  __TI_prof_data_size               
ffffffff  __TI_prof_data_start              
ffffffff  __binit__                         
ffffffff  __c_args__                        
ffffffff  binit                             
UNDEFED   __mpu_init                        
UNDEFED   _system_post_cinit                

[508 symbols]
