******************************************************************************
                  TI ARM Linker PC v20.2.7                     
******************************************************************************
>> Linked Sun Nov  3 10:46:20 2024

OUTPUT FILE NAME:   <Lab5.out>
ENTRY POINT SYMBOL: "_c_int00_noargs"  address: 000061c5


MEMORY CONFIGURATION

         name            origin    length      used     unused   attr    fill
----------------------  --------  ---------  --------  --------  ----  --------
  FLASH                 00000000   00040000  00006a1f  000395e1  R  X
  SRAM                  20000000   00008000  00001c64  0000639c  RW X


SEGMENT ALLOCATION MAP

run origin  load origin   length   init length attrs members
----------  ----------- ---------- ----------- ----- -------
00000000    00000000    00006a20   00006a20    r-x
  00000000    00000000    0000026c   0000026c    r-- .intvecs
  0000026c    0000026c    00005fd0   00005fd0    r-x .text
  0000623c    0000623c    000007a3   000007a3    r-- .const
  000069e0    000069e0    00000040   00000040    r-- .cinit
20000000    20000000    00001c64   00000000    rw-
  20000000    20000000    0000026c   00000000    rw- .vtable
  2000026c    2000026c    0000196c   00000000    rw- .bss
  20001bd8    20001bd8    00000080   00000000    rw- .stack
  20001c58    20001c58    0000000c   00000000    rw- .data


SECTION ALLOCATION MAP

 output                                  attributes/
section   page    origin      length       input sections
--------  ----  ----------  ----------   ----------------
.intvecs   0    00000000    0000026c     
                  00000000    0000026c     tm4c123gh6pm_startup_ccs.obj (.intvecs)

.text      0    0000026c    00005fd0     
                  0000026c    00000f80     sysctl.obj (.text)
                  000011ec    00000c14     gpio.obj (.text)
                  00001e00    00000840     adc.obj (.text)
                  00002640    00000740     multimod_ST7789.obj (.text)
                  00002d80    000006f8     i2c.obj (.text)
                  00003478    000006ec     G8RTOS_Scheduler.obj (.text)
                  00003b64    00000642     timer.obj (.text)
                  000041a6    00000002     rtsv7M4_T_le_v4SPD16_eabi.lib : div0.asm.obj (.text)
                  000041a8    0000062e     uart.obj (.text)
                  000047d6    00000002     --HOLE-- [fill = 0]
                  000047d8    000004a8     uartstdio.obj (.text)
                  00004c80    000003c0     interrupt.obj (.text)
                  00005040    00000362     ssi.obj (.text)
                  000053a2    00000002     --HOLE-- [fill = 0]
                  000053a4    00000294     multimod_i2c.obj (.text)
                  00005638    000001c8     multimod_dac.obj (.text)
                  00005800    0000018c     multimod_spi.obj (.text)
                  0000598c    00000148     multimod_PCA9555.obj (.text)
                  00005ad4    00000140     multimod_PCA9956b.obj (.text)
                  00005c14    000000f0     multimod_joystick.obj (.text)
                  00005d04    000000ac     multimod_mic.obj (.text)
                  00005db0    0000009c     rtsv7M4_T_le_v4SPD16_eabi.lib : memcpy_t2.asm.obj (.text)
                  00005e4c    00000088     systick.obj (.text)
                  00005ed4    0000007a     rtsv7M4_T_le_v4SPD16_eabi.lib : memset_t2.asm.obj (.text)
                  00005f4e    00000068                                   : copy_decompress_lzss.c.obj (.text:decompress:lzss:__TI_decompress_lzss)
                  00005fb6    00000002     --HOLE-- [fill = 0]
                  00005fb8    00000060     G8RTOS_SchedulerASM.obj (.text)
                  00006018    00000054     multimod_uart.obj (.text)
                  0000606c    0000004c     multimod_buttons.obj (.text)
                  000060b8    00000048     main.obj (.text)
                  00006100    00000044     rtsv7M4_T_le_v4SPD16_eabi.lib : autoinit.c.obj (.text:__TI_auto_init_nobinit_nopinit:__TI_auto_init_nobinit_nopinit)
                  00006144    00000040                                   : u_divt2.asm.obj (.text)
                  00006184    0000003e     cpu.obj (.text)
                  000061c2    00000002     --HOLE-- [fill = 0]
                  000061c4    00000034     rtsv7M4_T_le_v4SPD16_eabi.lib : boot_cortex_m.c.obj (.text:_c_int00_noargs:_c_int00_noargs)
                  000061f8    0000000e     G8RTOS_CriticalSection.obj (.text)
                  00006206    0000000e     rtsv7M4_T_le_v4SPD16_eabi.lib : copy_decompress_none.c.obj (.text:decompress:none:__TI_decompress_none)
                  00006214    0000000e     tm4c123gh6pm_startup_ccs.obj (.text)
                  00006222    0000000c     rtsv7M4_T_le_v4SPD16_eabi.lib : copy_zero_init.c.obj (.text:decompress:ZI:__TI_zero_init)
                  0000622e    00000006     sysctl.obj (.text:SysCtlDelay)
                  00006234    00000004     rtsv7M4_T_le_v4SPD16_eabi.lib : pre_init.c.obj (.text:_system_pre_init)
                  00006238    00000004                                   : exit.c.obj (.text:abort:abort)

.const     0    0000623c    000007a3     
                  0000623c    000001b0     sysctl.obj (.const:g_pppui32XTALtoVCO)
                  000063ec    000000d8     gpio.obj (.const:g_ppui32GPIOIntMapSnowflake)
                  000064c4    000000c0     gpio.obj (.const:g_ppui32GPIOIntMapBlizzard)
                  00006584    0000009c     interrupt.obj (.const:g_pui32Regs)
                  00006620    00000090     gpio.obj (.const:g_pui32GPIOBaseAddrs)
                  000066b0    0000006c     sysctl.obj (.const:g_pui32Xtals)
                  0000671c    00000060     timer.obj (.const:g_ppui32TimerIntMap)
                  0000677c    00000050     i2c.obj (.const:g_ppui32I2CIntMapSnowflake)
                  000067cc    00000040     timer.obj (.const:g_ppui32TimerIntMapSnowflake)
                  0000680c    00000040     uart.obj (.const:g_ppui32UARTIntMap)
                  0000684c    00000040     uart.obj (.const:g_ppui32UARTIntMapSnowflake)
                  0000688c    00000030     i2c.obj (.const:g_ppui32I2CIntMap)
                  000068bc    00000030     sysctl.obj (.const:g_sXTALtoMEMTIM)
                  000068ec    00000020     ssi.obj (.const:g_ppui32SSIIntMap)
                  0000690c    00000020     ssi.obj (.const:g_ppui32SSIIntMapSnowflake)
                  0000692c    00000020     interrupt.obj (.const:g_pui32Priority)
                  0000694c    00000014     interrupt.obj (.const:g_pui32Dii16Regs)
                  00006960    00000014     interrupt.obj (.const:g_pui32EnRegs)
                  00006974    00000014     interrupt.obj (.const:g_pui32PendRegs)
                  00006988    00000014     interrupt.obj (.const:g_pui32UnpendRegs)
                  0000699c    00000012     uartstdio.obj (.const:.string)
                  000069ae    00000002     multimod_PCA9956b.obj (.const:.string:$P$T0$1)
                  000069b0    0000000c     uartstdio.obj (.const:g_ui32UARTBase)
                  000069bc    0000000c     uartstdio.obj (.const:g_ui32UARTPeriph)
                  000069c8    00000008     sysctl.obj (.const:g_pui32VCOFrequencies)
                  000069d0    00000004     uartstdio.obj (.const)
                  000069d4    00000003     multimod_PCA9555.obj (.const:.string:$P$T0$1)
                  000069d7    00000003     multimod_PCA9555.obj (.const:.string:$P$T1$2)
                  000069da    00000003     multimod_PCA9555.obj (.const:.string:$P$T2$3)
                  000069dd    00000002     multimod_PCA9956b.obj (.const:.string:$P$T1$2)

.cinit     0    000069e0    00000040     
                  000069e0    0000000c     (__TI_handler_table)
                  000069ec    00000004     --HOLE-- [fill = 0]
                  000069f0    00000008     (.cinit..bss.load) [load image, compression = zero_init]
                  000069f8    00000008     (.cinit..vtable.load) [load image, compression = zero_init]
                  00006a00    00000007     (.cinit..data.load) [load image, compression = lzss]
                  00006a07    00000001     --HOLE-- [fill = 0]
                  00006a08    00000018     (__TI_cinit_table)

.init_array 
*          0    00000000    00000000     UNINITIALIZED

.vtable    0    20000000    0000026c     UNINITIALIZED
                  20000000    0000026c     interrupt.obj (.vtable)

.bss       0    2000026c    0000196c     UNINITIALIZED
                  2000026c    00001800     G8RTOS_Scheduler.obj (.bss:threadStacks)
                  20001a6c    00000108     G8RTOS_Scheduler.obj (.bss:threadControlBlocks)
                  20001b74    00000048     G8RTOS_Scheduler.obj (.bss:pthreadControlBlocks)
                  20001bbc    00000008     G8RTOS_Scheduler.obj (.bss)
                  20001bc4    00000008     adc.obj (.bss:g_pui8OversampleFactor)
                  20001bcc    00000004     (.common:CurrentlyRunningThread)
                  20001bd0    00000004     (.common:IBit_State)
                  20001bd4    00000004     (.common:SystemTime)

.data      0    20001c58    0000000c     UNINITIALIZED
                  20001c58    00000005     uartstdio.obj (.data)
                  20001c5d    00000003     --HOLE--
                  20001c60    00000004     G8RTOS_Scheduler.obj (.data)

.stack     0    20001bd8    00000080     UNINITIALIZED
                  20001bd8    00000004     rtsv7M4_T_le_v4SPD16_eabi.lib : boot_cortex_m.c.obj (.stack)
                  20001bdc    0000007c     --HOLE--

__llvm_prf_cnts 
*          0    20000000    00000000     UNINITIALIZED

MODULE SUMMARY

       Module                         code    ro data   rw data
       ------                         ----    -------   -------
    .\
       tm4c123gh6pm_startup_ccs.obj   14      620       0      
       main.obj                       72      0         4      
    +--+------------------------------+-------+---------+---------+
       Total:                         86      620       4      
                                                               
    .\G8RTOS\src\
       G8RTOS_Scheduler.obj           1772    0         6500   
       G8RTOS_SchedulerASM.obj        96      0         0      
       G8RTOS_CriticalSection.obj     14      0         0      
    +--+------------------------------+-------+---------+---------+
       Total:                         1882    0         6500   
                                                               
    .\MultimodDrivers\src\
       multimod_ST7789.obj            1856    0         0      
       multimod_i2c.obj               660     0         0      
       multimod_dac.obj               456     0         0      
       multimod_spi.obj               396     0         0      
       multimod_PCA9555.obj           328     9         0      
       multimod_PCA9956b.obj          320     4         0      
       multimod_joystick.obj          240     0         0      
       multimod_mic.obj               172     0         0      
       multimod_uart.obj              84      0         0      
       multimod_buttons.obj           76      0         0      
    +--+------------------------------+-------+---------+---------+
       Total:                         4588    13        0      
                                                               
    .\driverlib\
       sysctl.obj                     3974    596       0      
       gpio.obj                       3092    552       0      
       adc.obj                        2112    0         8      
       i2c.obj                        1784    128       0      
       interrupt.obj                  960     268       620    
       timer.obj                      1602    160       0      
       uart.obj                       1582    128       0      
       uartstdio.obj                  1192    46        5      
       ssi.obj                        866     64        0      
       systick.obj                    136     0         0      
       cpu.obj                        62      0         0      
    +--+------------------------------+-------+---------+---------+
       Total:                         17362   1942      633    
                                                               
    C:\ti\ccs1280\ccs\tools\compiler\ti-cgt-arm_20.2.7.LTS\lib\rtsv7M4_T_le_v4SPD16_eabi.lib
       memcpy_t2.asm.obj              156     0         0      
       memset_t2.asm.obj              122     0         0      
       copy_decompress_lzss.c.obj     104     0         0      
       autoinit.c.obj                 68      0         0      
       u_divt2.asm.obj                64      0         0      
       boot_cortex_m.c.obj            52      0         0      
       copy_decompress_none.c.obj     14      0         0      
       copy_zero_init.c.obj           12      0         0      
       exit.c.obj                     4       0         0      
       pre_init.c.obj                 4       0         0      
       div0.asm.obj                   2       0         0      
    +--+------------------------------+-------+---------+---------+
       Total:                         602     0         0      
                                                               
       Stack:                         0       0         128    
       Linker Generated:              0       59        0      
    +--+------------------------------+-------+---------+---------+
       Grand Total:                   24520   2634      7265   


LINKER GENERATED COPY TABLES

__TI_cinit_table @ 00006a08 records: 3, size/record: 8, table size: 24
	.bss: load addr=000069f0, load size=00000008 bytes, run addr=2000026c, run size=0000196c bytes, compression=zero_init
	.vtable: load addr=000069f8, load size=00000008 bytes, run addr=20000000, run size=0000026c bytes, compression=zero_init
	.data: load addr=00006a00, load size=00000007 bytes, run addr=20001c58, run size=0000000c bytes, compression=lzss


LINKER GENERATED HANDLER TABLE

__TI_handler_table @ 000069e0 records: 3, size/record: 4, table size: 12
	index: 0, handler: __TI_zero_init
	index: 1, handler: __TI_decompress_lzss
	index: 2, handler: __TI_decompress_none


GLOBAL SYMBOLS: SORTED ALPHABETICALLY BY Name 

address   name                              
-------   ----                              
000025b1  ADCBusy                           
000025f9  ADCClockConfigGet                 
000025cf  ADCClockConfigSet                 
000023cb  ADCComparatorConfigure            
000024a5  ADCComparatorIntClear             
00002451  ADCComparatorIntDisable           
0000246f  ADCComparatorIntEnable            
00002491  ADCComparatorIntStatus            
000023e7  ADCComparatorRegionSet            
0000240b  ADCComparatorReset                
00002399  ADCHardwareOversampleConfigure    
00001f3b  ADCIntClear                       
00002519  ADCIntClearEx                     
00001ea1  ADCIntDisable                     
000024b7  ADCIntDisableEx                   
00001ebd  ADCIntEnable                      
000024cf  ADCIntEnableEx                    
00001e5b  ADCIntRegister                    
00001ee3  ADCIntStatus                      
000024e7  ADCIntStatusEx                    
00001e83  ADCIntUnregister                  
0000256b  ADCPhaseDelayGet                  
00002559  ADCPhaseDelaySet                  
000021ad  ADCProcessorTrigger               
00002547  ADCReferenceGet                   
0000252b  ADCReferenceSet                   
00001f85  ADCSequenceConfigure              
00002595  ADCSequenceDMADisable             
00002579  ADCSequenceDMAEnable              
0000216b  ADCSequenceDataGet                
00001f6b  ADCSequenceDisable                
00001f51  ADCSequenceEnable                 
0000210f  ADCSequenceOverflow               
00002127  ADCSequenceOverflowClear          
00002021  ADCSequenceStepConfigure          
0000213d  ADCSequenceUnderflow              
00002155  ADCSequenceUnderflowClear         
000021d1  ADCSoftwareOversampleConfigure    
00002305  ADCSoftwareOversampleDataGet      
00002223  ADCSoftwareOversampleStepConfigure
00006239  C$$EXIT                           
000061b9  CPUbasepriGet                     
000061ab  CPUbasepriSet                     
00006185  CPUcpsid                          
0000619b  CPUcpsie                          
00006191  CPUprimask                        
000061a7  CPUwfi                            
20001bcc  CurrentlyRunningThread            
00006201  EndCriticalSection                
00003655  G8RTOS_AddThread                  
0000385d  G8RTOS_Add_APeriodicEvent         
000038dd  G8RTOS_Add_PeriodicEvent          
00003b2d  G8RTOS_GetNumberOfThreads         
00003b25  G8RTOS_GetThreadID                
00003553  G8RTOS_Init                       
00003a85  G8RTOS_KillSelf                   
000039bd  G8RTOS_KillThread                 
000035a7  G8RTOS_Launch                     
000035cb  G8RTOS_Scheduler                  
00005fc1  G8RTOS_Start                      
00001db1  GPIOADCTriggerDisable             
00001d93  GPIOADCTriggerEnable              
00001d75  GPIODMATriggerDisable             
00001d57  GPIODMATriggerEnable              
000012a7  GPIODirModeGet                    
0000124b  GPIODirModeSet                    
00001861  GPIOIntClear                      
00001825  GPIOIntDisable                    
00001801  GPIOIntEnable                     
00001875  GPIOIntRegister                   
000018ad  GPIOIntRegisterPin                
0000183f  GPIOIntStatus                     
00001397  GPIOIntTypeGet                    
000012f3  GPIOIntTypeSet                    
00001893  GPIOIntUnregister                 
000018db  GPIOIntUnregisterPin              
0000168f  GPIOPadConfigGet                  
00001421  GPIOPadConfigSet                  
00001cf9  GPIOPinConfigure                  
000018ff  GPIOPinRead                       
00001937  GPIOPinTypeADC                    
0000195b  GPIOPinTypeCAN                    
0000197f  GPIOPinTypeComparator             
000019a3  GPIOPinTypeComparatorOutput       
000019c7  GPIOPinTypeDIVSCLK                
000019eb  GPIOPinTypeEPI                    
00001a0f  GPIOPinTypeEthernetLED            
00001a33  GPIOPinTypeEthernetMII            
00001a57  GPIOPinTypeGPIOInput              
00001a7b  GPIOPinTypeGPIOOutput             
00001aa5  GPIOPinTypeGPIOOutputOD           
00001ac9  GPIOPinTypeHibernateRTCCLK        
00001aed  GPIOPinTypeI2C                    
00001b11  GPIOPinTypeI2CSCL                 
00001b35  GPIOPinTypeLCD                    
00001b59  GPIOPinTypeOneWire                
00001b7d  GPIOPinTypePWM                    
00001ba1  GPIOPinTypeQEI                    
00001bc5  GPIOPinTypeSSI                    
00001be9  GPIOPinTypeTimer                  
00001c0d  GPIOPinTypeTrace                  
00001c31  GPIOPinTypeUART                   
00001c55  GPIOPinTypeUSBAnalog              
00001c79  GPIOPinTypeUSBDigital             
00001c9d  GPIOPinTypeWakeHigh               
00001cc3  GPIOPinTypeWakeLow                
00001ce9  GPIOPinWakeStatus                 
00001917  GPIOPinWrite                      
00001dcf  GPIOUnlockPin                     
00003377  I2CFIFODataGet                    
00003391  I2CFIFODataGetNonBlocking         
0000332d  I2CFIFODataPut                    
0000334f  I2CFIFODataPutNonBlocking         
0000331d  I2CFIFOStatus                     
00002f11  I2CIntRegister                    
00002f2f  I2CIntUnregister                  
00003453  I2CLoopbackEnable                 
000033cd  I2CMasterBurstCountGet            
000033b7  I2CMasterBurstLengthSet           
00003175  I2CMasterBusBusy                  
0000315d  I2CMasterBusy                     
0000318d  I2CMasterControl                  
000031e1  I2CMasterDataGet                  
000031cb  I2CMasterDataPut                  
00002edd  I2CMasterDisable                  
00002ea9  I2CMasterEnable                   
0000319f  I2CMasterErr                      
000033db  I2CMasterGlitchFilterConfigSet    
00002ddf  I2CMasterInitExpClk               
000030d7  I2CMasterIntClear                 
000030f5  I2CMasterIntClearEx               
00002fa3  I2CMasterIntDisable               
00002fb3  I2CMasterIntDisableEx             
00002f49  I2CMasterIntEnable                
00002f59  I2CMasterIntEnableEx              
00002ffd  I2CMasterIntStatus                
00003041  I2CMasterIntStatusEx              
0000314f  I2CMasterLineStateGet             
0000312d  I2CMasterSlaveAddrSet             
000031ef  I2CMasterTimeoutSet               
000032dd  I2CRxFIFOConfigSet                
00003305  I2CRxFIFOFlush                    
00003201  I2CSlaveACKOverride               
00003233  I2CSlaveACKValueSet               
00002e6b  I2CSlaveAddressSet                
0000328d  I2CSlaveDataGet                   
00003275  I2CSlaveDataPut                   
00002ef3  I2CSlaveDisable                   
00002ebf  I2CSlaveEnable                    
00003441  I2CSlaveFIFODisable               
00003429  I2CSlaveFIFOEnable                
00002e51  I2CSlaveInit                      
00003107  I2CSlaveIntClear                  
00003119  I2CSlaveIntClearEx                
00002fcb  I2CSlaveIntDisable                
00002fe3  I2CSlaveIntDisableEx              
00002f71  I2CSlaveIntEnable                 
00002f89  I2CSlaveIntEnableEx               
0000306d  I2CSlaveIntStatus                 
000030b5  I2CSlaveIntStatusEx               
00003265  I2CSlaveStatus                    
0000329d  I2CTxFIFOConfigSet                
000032c5  I2CTxFIFOFlush                    
000053a5  I2C_Init                          
00005557  I2C_ReadMultiple                  
0000546b  I2C_ReadSingle                    
000054a5  I2C_WriteMultiple                 
0000542f  I2C_WriteSingle                   
20001bd0  IBit_State                        
00004e41  IntDisable                        
00004dcf  IntEnable                         
00004eb3  IntIsEnabled                      
00004c93  IntMasterDisable                  
00004c83  IntMasterEnable                   
00004fa9  IntPendClear                      
00004f39  IntPendSet                        
00004dab  IntPriorityGet                    
00004d23  IntPriorityGroupingGet            
00004d09  IntPriorityGroupingSet            
00005003  IntPriorityMaskGet                
00004ff7  IntPriorityMaskSet                
00004d5b  IntPrioritySet                    
00004ca3  IntRegister                       
0000500b  IntTrigger                        
00004cf5  IntUnregister                     
00005c83  JOYSTICK_GetPress                 
00005c97  JOYSTICK_GetX                     
00005cb9  JOYSTICK_GetXY                    
00005ca7  JOYSTICK_GetY                     
00005c15  JOYSTICK_Init                     
00005c5f  JOYSTICK_IntEnable                
00006097  MultimodButtons_Get               
0000606d  MultimodButtons_Init              
00005d05  MultimodMic_Init                  
00005639  MutimodDAC_Init                   
00005767  MutimodDAC_Read                   
00005713  MutimodDAC_Write                  
0000598d  PCA9555_GetInput                  
00005a8b  PCA9555_ReadReg                   
00005a47  PCA9555_SetOutput                 
000059bf  PCA9555_SetPinDir                 
00005a03  PCA9555_SetPinPol                 
00005b97  PCA9556b_SetLED                   
00005b89  PCA9956b_DisableOutput            
00005b7b  PCA9956b_EnableOutput             
00005beb  PCA9956b_GetChipID                
00005ad5  PCA9956b_Init                     
00005b27  PCA9956b_SetAllMax                
00005b51  PCA9956b_SetAllOff                
00005fe5  PendSV_Handler                    
00006215  ResetISR                          
00005801  SPI_Init                          
0000590f  SPI_ReadMultiple                  
00005887  SPI_ReadSingle                    
000058af  SPI_WriteMultiple                 
00005869  SPI_WriteSingle                   
000052f9  SSIAdvDataPutFrameEnd             
0000531f  SSIAdvDataPutFrameEndNonBlocking  
00005361  SSIAdvFrameHoldDisable            
0000534b  SSIAdvFrameHoldEnable             
000052c7  SSIAdvModeSet                     
00005285  SSIBusy                           
000052b7  SSIClockSourceGet                 
000052a3  SSIClockSourceSet                 
0000509f  SSIConfigSetExpClk                
0000526d  SSIDMADisable                     
00005255  SSIDMAEnable                      
00005217  SSIDataGet                        
00005233  SSIDataGetNonBlocking             
000051dd  SSIDataPut                        
000051f7  SSIDataPutNonBlocking             
0000512f  SSIDisable                        
00005119  SSIEnable                         
000051cb  SSIIntClear                       
00005195  SSIIntDisable                     
0000517d  SSIIntEnable                      
00005145  SSIIntRegister                    
000051ad  SSIIntStatus                      
00005163  SSIIntUnregister                  
0000538d  SSILoopbackDisable                
00005377  SSILoopbackEnable                 
0000264f  ST7789_Deselect                   
00002815  ST7789_DrawHLine                  
00002bb7  ST7789_DrawLine                   
00002b49  ST7789_DrawPixel                  
00002c87  ST7789_DrawRectangle              
0000277f  ST7789_DrawVLine                  
00002b9b  ST7789_Fill                       
00002a67  ST7789_Init                       
000028c9  ST7789_Line                       
000026a5  ST7789_ReadRegister               
00002641  ST7789_Select                     
0000266b  ST7789_SetCommand                 
0000265d  ST7789_SetData                    
000026b3  ST7789_SetWindow                  
00002679  ST7789_WriteCommand               
00002693  ST7789_WriteData                  
000061f9  StartCriticalSection              
000011a9  SysCtlAltClkConfig                
000008d1  SysCtlClockFreqSet                
00000d99  SysCtlClockGet                    
0000118d  SysCtlClockOutConfig              
00000bc9  SysCtlClockSet                    
000007d5  SysCtlDeepSleep                   
00000f5d  SysCtlDeepSleepClockConfigSet     
00000f3f  SysCtlDeepSleepClockSet           
000007b5  SysCtlDeepSleepPowerSet           
0000622f  SysCtlDelay                       
00000363  SysCtlFlashSectorSizeGet          
00000337  SysCtlFlashSizeGet                
00001033  SysCtlGPIOAHBDisable              
00001017  SysCtlGPIOAHBEnable               
00000749  SysCtlIntClear                    
00000731  SysCtlIntDisable                  
0000071d  SysCtlIntEnable                   
000006f5  SysCtlIntRegister                 
00000759  SysCtlIntStatus                   
0000070d  SysCtlIntUnregister               
0000079b  SysCtlLDODeepSleepGet             
0000078b  SysCtlLDODeepSleepSet             
00000785  SysCtlLDOSleepGet                 
00000775  SysCtlLDOSleepSet                 
0000080b  SysCtlMOSCConfigSet               
00001171  SysCtlNMIClear                    
0000115d  SysCtlNMIStatus                   
00000821  SysCtlPIOSCCalibrate              
00001001  SysCtlPWMClockGet                 
00000fe7  SysCtlPWMClockSet                 
000006a1  SysCtlPeripheralClockGating       
00000659  SysCtlPeripheralDeepSleepDisable  
00000609  SysCtlPeripheralDeepSleepEnable   
00000545  SysCtlPeripheralDisable           
00000509  SysCtlPeripheralEnable            
00000445  SysCtlPeripheralPowerOff          
00000409  SysCtlPeripheralPowerOn           
00000389  SysCtlPeripheralPresent           
000003c9  SysCtlPeripheralReady             
00000481  SysCtlPeripheralReset             
000005cd  SysCtlPeripheralSleepDisable      
00000589  SysCtlPeripheralSleepEnable       
000007c5  SysCtlReset                       
00000881  SysCtlResetBehaviorGet            
00000871  SysCtlResetBehaviorSet            
000007f7  SysCtlResetCauseClear             
000007f1  SysCtlResetCauseGet               
0000032d  SysCtlSRAMSizeGet                 
000007cd  SysCtlSleep                       
000007a1  SysCtlSleepPowerSet               
0000105b  SysCtlUSBPLLDisable               
0000104f  SysCtlUSBPLLEnable                
000010a1  SysCtlVCOGet                      
00001089  SysCtlVoltageEventClear           
0000106d  SysCtlVoltageEventConfig          
0000107d  SysCtlVoltageEventStatus          
00005e59  SysTickDisable                    
00005e4d  SysTickEnable                     
00005e9d  SysTickIntDisable                 
00005e91  SysTickIntEnable                  
00005e65  SysTickIntRegister                
00005e7d  SysTickIntUnregister              
00005ebb  SysTickPeriodGet                  
00005ea9  SysTickPeriodSet                  
00005ec3  SysTickValueGet                   
000034a3  SysTick_Handler                   
20001bd4  SystemTime                        
00004125  TimerADCEventGet                  
00004113  TimerADCEventSet                  
00003e49  TimerClockSourceGet               
00003e1f  TimerClockSourceSet               
00003c13  TimerConfigure                    
00003d33  TimerControlEvent                 
00003c8f  TimerControlLevel                 
00003d5d  TimerControlStall                 
00003cc5  TimerControlTrigger               
00003d93  TimerControlWaitOnTrigger         
00004145  TimerDMAEventGet                  
00004133  TimerDMAEventSet                  
00003bf5  TimerDisable                      
00003bd7  TimerEnable                       
000040ef  TimerIntClear                     
000040b9  TimerIntDisable                   
000040a1  TimerIntEnable                    
0000405b  TimerIntRegister                  
000040d1  TimerIntStatus                    
00004083  TimerIntUnregister                
00003f13  TimerLoadGet                      
00003f49  TimerLoadGet64                    
00003ee9  TimerLoadSet                      
00003f2f  TimerLoadSet64                    
00003ff3  TimerMatchGet                     
00004029  TimerMatchGet64                   
00003fc9  TimerMatchSet                     
0000400f  TimerMatchSet64                   
00003e83  TimerPrescaleGet                  
00003ecd  TimerPrescaleMatchGet             
00003e9f  TimerPrescaleMatchSet             
00003e59  TimerPrescaleSet                  
00003e09  TimerRTCDisable                   
00003df3  TimerRTCEnable                    
00004101  TimerSynchronize                  
00004153  TimerUpdateMode                   
00003f7b  TimerValueGet                     
00003f97  TimerValueGet64                   
00004779  UART9BitAddrSend                  
00004753  UART9BitAddrSet                   
0000473d  UART9BitDisable                   
00004727  UART9BitEnable                    
000045cb  UARTBreakCtl                      
000045f5  UARTBusy                          
00004573  UARTCharGet                       
00004557  UARTCharGetNonBlocking            
000045ad  UARTCharPut                       
00004589  UARTCharPutNonBlocking            
0000451b  UARTCharsAvail                    
00004717  UARTClockSourceGet                
00004703  UARTClockSourceSet                
000042eb  UARTConfigGetExpClk               
00004275  UARTConfigSetExpClk               
000046c9  UARTDMADisable                    
000046b1  UARTDMAEnable                     
0000435b  UARTDisable                       
000043df  UARTDisableSIR                    
00004337  UARTEnable                        
000043b1  UARTEnableSIR                     
0000439b  UARTFIFODisable                   
00004385  UARTFIFOEnable                    
0000424d  UARTFIFOLevelGet                  
00004235  UARTFIFOLevelSet                  
000044db  UARTFlowControlGet                
000044bf  UARTFlowControlSet                
0000469f  UARTIntClear                      
00004669  UARTIntDisable                    
00004651  UARTIntEnable                     
00004613  UARTIntRegister                   
00004681  UARTIntStatus                     
00004631  UARTIntUnregister                 
000047c1  UARTLoopbackEnable                
00004475  UARTModemControlClear             
00004499  UARTModemControlGet               
0000443d  UARTModemControlSet               
000044ab  UARTModemStatusGet                
00004223  UARTParityModeGet                 
00004207  UARTParityModeSet                 
000046f3  UARTRxErrorClear                  
000046e1  UARTRxErrorGet                    
00004427  UARTSmartCardDisable              
000043f5  UARTSmartCardEnable               
00004539  UARTSpaceAvail                    
000047d9  UARTStdioConfig                   
00004509  UARTTxIntModeGet                  
000044ed  UARTTxIntModeSet                  
00006019  UART_Init                         
00004929  UARTgetc                          
0000486f  UARTgets                          
00004c4b  UARTprintf                        
00004951  UARTvprintf                       
0000481f  UARTwrite                         
20001c58  __STACK_END                       
00000080  __STACK_SIZE                      
20001dd8  __STACK_TOP                       
00006a08  __TI_CINIT_Base                   
00006a20  __TI_CINIT_Limit                  
000069e0  __TI_Handler_Table_Base           
000069ec  __TI_Handler_Table_Limit          
00006101  __TI_auto_init_nobinit_nopinit    
00005f4f  __TI_decompress_lzss              
00006207  __TI_decompress_none              
ffffffff  __TI_pprof_out_hndl               
ffffffff  __TI_prof_data_size               
ffffffff  __TI_prof_data_start              
00000000  __TI_static_base__                
00006223  __TI_zero_init                    
000041a7  __aeabi_idiv0                     
000041a7  __aeabi_ldiv0                     
00005ed5  __aeabi_memclr                    
00005ed5  __aeabi_memclr4                   
00005ed5  __aeabi_memclr8                   
00005db1  __aeabi_memcpy                    
00005db1  __aeabi_memcpy4                   
00005db1  __aeabi_memcpy8                   
00005ed7  __aeabi_memset                    
00005ed7  __aeabi_memset4                   
00005ed7  __aeabi_memset8                   
00006145  __aeabi_uidiv                     
00006145  __aeabi_uidivmod                  
ffffffff  __binit__                         
ffffffff  __c_args__                        
UNDEFED   __mpu_init                        
20001bd8  __stack                           
20000000  __start___llvm_prf_cnts           
20000000  __stop___llvm_prf_cnts            
000061c5  _c_int00_noargs                   
UNDEFED   _system_post_cinit                
00006235  _system_pre_init                  
00006239  abort                             
ffffffff  binit                             
00002a49  delay_ms                          
20000000  g_pfnRAMVectors                   
00000000  g_pfnVectors                      
000060dd  main                              
00005db1  memcpy                            
00005edd  memset                            
00003af5  sleep                             


GLOBAL SYMBOLS: SORTED BY Symbol Address 

address   name                              
-------   ----                              
00000000  __TI_static_base__                
00000000  g_pfnVectors                      
00000080  __STACK_SIZE                      
0000032d  SysCtlSRAMSizeGet                 
00000337  SysCtlFlashSizeGet                
00000363  SysCtlFlashSectorSizeGet          
00000389  SysCtlPeripheralPresent           
000003c9  SysCtlPeripheralReady             
00000409  SysCtlPeripheralPowerOn           
00000445  SysCtlPeripheralPowerOff          
00000481  SysCtlPeripheralReset             
00000509  SysCtlPeripheralEnable            
00000545  SysCtlPeripheralDisable           
00000589  SysCtlPeripheralSleepEnable       
000005cd  SysCtlPeripheralSleepDisable      
00000609  SysCtlPeripheralDeepSleepEnable   
00000659  SysCtlPeripheralDeepSleepDisable  
000006a1  SysCtlPeripheralClockGating       
000006f5  SysCtlIntRegister                 
0000070d  SysCtlIntUnregister               
0000071d  SysCtlIntEnable                   
00000731  SysCtlIntDisable                  
00000749  SysCtlIntClear                    
00000759  SysCtlIntStatus                   
00000775  SysCtlLDOSleepSet                 
00000785  SysCtlLDOSleepGet                 
0000078b  SysCtlLDODeepSleepSet             
0000079b  SysCtlLDODeepSleepGet             
000007a1  SysCtlSleepPowerSet               
000007b5  SysCtlDeepSleepPowerSet           
000007c5  SysCtlReset                       
000007cd  SysCtlSleep                       
000007d5  SysCtlDeepSleep                   
000007f1  SysCtlResetCauseGet               
000007f7  SysCtlResetCauseClear             
0000080b  SysCtlMOSCConfigSet               
00000821  SysCtlPIOSCCalibrate              
00000871  SysCtlResetBehaviorSet            
00000881  SysCtlResetBehaviorGet            
000008d1  SysCtlClockFreqSet                
00000bc9  SysCtlClockSet                    
00000d99  SysCtlClockGet                    
00000f3f  SysCtlDeepSleepClockSet           
00000f5d  SysCtlDeepSleepClockConfigSet     
00000fe7  SysCtlPWMClockSet                 
00001001  SysCtlPWMClockGet                 
00001017  SysCtlGPIOAHBEnable               
00001033  SysCtlGPIOAHBDisable              
0000104f  SysCtlUSBPLLEnable                
0000105b  SysCtlUSBPLLDisable               
0000106d  SysCtlVoltageEventConfig          
0000107d  SysCtlVoltageEventStatus          
00001089  SysCtlVoltageEventClear           
000010a1  SysCtlVCOGet                      
0000115d  SysCtlNMIStatus                   
00001171  SysCtlNMIClear                    
0000118d  SysCtlClockOutConfig              
000011a9  SysCtlAltClkConfig                
0000124b  GPIODirModeSet                    
000012a7  GPIODirModeGet                    
000012f3  GPIOIntTypeSet                    
00001397  GPIOIntTypeGet                    
00001421  GPIOPadConfigSet                  
0000168f  GPIOPadConfigGet                  
00001801  GPIOIntEnable                     
00001825  GPIOIntDisable                    
0000183f  GPIOIntStatus                     
00001861  GPIOIntClear                      
00001875  GPIOIntRegister                   
00001893  GPIOIntUnregister                 
000018ad  GPIOIntRegisterPin                
000018db  GPIOIntUnregisterPin              
000018ff  GPIOPinRead                       
00001917  GPIOPinWrite                      
00001937  GPIOPinTypeADC                    
0000195b  GPIOPinTypeCAN                    
0000197f  GPIOPinTypeComparator             
000019a3  GPIOPinTypeComparatorOutput       
000019c7  GPIOPinTypeDIVSCLK                
000019eb  GPIOPinTypeEPI                    
00001a0f  GPIOPinTypeEthernetLED            
00001a33  GPIOPinTypeEthernetMII            
00001a57  GPIOPinTypeGPIOInput              
00001a7b  GPIOPinTypeGPIOOutput             
00001aa5  GPIOPinTypeGPIOOutputOD           
00001ac9  GPIOPinTypeHibernateRTCCLK        
00001aed  GPIOPinTypeI2C                    
00001b11  GPIOPinTypeI2CSCL                 
00001b35  GPIOPinTypeLCD                    
00001b59  GPIOPinTypeOneWire                
00001b7d  GPIOPinTypePWM                    
00001ba1  GPIOPinTypeQEI                    
00001bc5  GPIOPinTypeSSI                    
00001be9  GPIOPinTypeTimer                  
00001c0d  GPIOPinTypeTrace                  
00001c31  GPIOPinTypeUART                   
00001c55  GPIOPinTypeUSBAnalog              
00001c79  GPIOPinTypeUSBDigital             
00001c9d  GPIOPinTypeWakeHigh               
00001cc3  GPIOPinTypeWakeLow                
00001ce9  GPIOPinWakeStatus                 
00001cf9  GPIOPinConfigure                  
00001d57  GPIODMATriggerEnable              
00001d75  GPIODMATriggerDisable             
00001d93  GPIOADCTriggerEnable              
00001db1  GPIOADCTriggerDisable             
00001dcf  GPIOUnlockPin                     
00001e5b  ADCIntRegister                    
00001e83  ADCIntUnregister                  
00001ea1  ADCIntDisable                     
00001ebd  ADCIntEnable                      
00001ee3  ADCIntStatus                      
00001f3b  ADCIntClear                       
00001f51  ADCSequenceEnable                 
00001f6b  ADCSequenceDisable                
00001f85  ADCSequenceConfigure              
00002021  ADCSequenceStepConfigure          
0000210f  ADCSequenceOverflow               
00002127  ADCSequenceOverflowClear          
0000213d  ADCSequenceUnderflow              
00002155  ADCSequenceUnderflowClear         
0000216b  ADCSequenceDataGet                
000021ad  ADCProcessorTrigger               
000021d1  ADCSoftwareOversampleConfigure    
00002223  ADCSoftwareOversampleStepConfigure
00002305  ADCSoftwareOversampleDataGet      
00002399  ADCHardwareOversampleConfigure    
000023cb  ADCComparatorConfigure            
000023e7  ADCComparatorRegionSet            
0000240b  ADCComparatorReset                
00002451  ADCComparatorIntDisable           
0000246f  ADCComparatorIntEnable            
00002491  ADCComparatorIntStatus            
000024a5  ADCComparatorIntClear             
000024b7  ADCIntDisableEx                   
000024cf  ADCIntEnableEx                    
000024e7  ADCIntStatusEx                    
00002519  ADCIntClearEx                     
0000252b  ADCReferenceSet                   
00002547  ADCReferenceGet                   
00002559  ADCPhaseDelaySet                  
0000256b  ADCPhaseDelayGet                  
00002579  ADCSequenceDMAEnable              
00002595  ADCSequenceDMADisable             
000025b1  ADCBusy                           
000025cf  ADCClockConfigSet                 
000025f9  ADCClockConfigGet                 
00002641  ST7789_Select                     
0000264f  ST7789_Deselect                   
0000265d  ST7789_SetData                    
0000266b  ST7789_SetCommand                 
00002679  ST7789_WriteCommand               
00002693  ST7789_WriteData                  
000026a5  ST7789_ReadRegister               
000026b3  ST7789_SetWindow                  
0000277f  ST7789_DrawVLine                  
00002815  ST7789_DrawHLine                  
000028c9  ST7789_Line                       
00002a49  delay_ms                          
00002a67  ST7789_Init                       
00002b49  ST7789_DrawPixel                  
00002b9b  ST7789_Fill                       
00002bb7  ST7789_DrawLine                   
00002c87  ST7789_DrawRectangle              
00002ddf  I2CMasterInitExpClk               
00002e51  I2CSlaveInit                      
00002e6b  I2CSlaveAddressSet                
00002ea9  I2CMasterEnable                   
00002ebf  I2CSlaveEnable                    
00002edd  I2CMasterDisable                  
00002ef3  I2CSlaveDisable                   
00002f11  I2CIntRegister                    
00002f2f  I2CIntUnregister                  
00002f49  I2CMasterIntEnable                
00002f59  I2CMasterIntEnableEx              
00002f71  I2CSlaveIntEnable                 
00002f89  I2CSlaveIntEnableEx               
00002fa3  I2CMasterIntDisable               
00002fb3  I2CMasterIntDisableEx             
00002fcb  I2CSlaveIntDisable                
00002fe3  I2CSlaveIntDisableEx              
00002ffd  I2CMasterIntStatus                
00003041  I2CMasterIntStatusEx              
0000306d  I2CSlaveIntStatus                 
000030b5  I2CSlaveIntStatusEx               
000030d7  I2CMasterIntClear                 
000030f5  I2CMasterIntClearEx               
00003107  I2CSlaveIntClear                  
00003119  I2CSlaveIntClearEx                
0000312d  I2CMasterSlaveAddrSet             
0000314f  I2CMasterLineStateGet             
0000315d  I2CMasterBusy                     
00003175  I2CMasterBusBusy                  
0000318d  I2CMasterControl                  
0000319f  I2CMasterErr                      
000031cb  I2CMasterDataPut                  
000031e1  I2CMasterDataGet                  
000031ef  I2CMasterTimeoutSet               
00003201  I2CSlaveACKOverride               
00003233  I2CSlaveACKValueSet               
00003265  I2CSlaveStatus                    
00003275  I2CSlaveDataPut                   
0000328d  I2CSlaveDataGet                   
0000329d  I2CTxFIFOConfigSet                
000032c5  I2CTxFIFOFlush                    
000032dd  I2CRxFIFOConfigSet                
00003305  I2CRxFIFOFlush                    
0000331d  I2CFIFOStatus                     
0000332d  I2CFIFODataPut                    
0000334f  I2CFIFODataPutNonBlocking         
00003377  I2CFIFODataGet                    
00003391  I2CFIFODataGetNonBlocking         
000033b7  I2CMasterBurstLengthSet           
000033cd  I2CMasterBurstCountGet            
000033db  I2CMasterGlitchFilterConfigSet    
00003429  I2CSlaveFIFOEnable                
00003441  I2CSlaveFIFODisable               
00003453  I2CLoopbackEnable                 
000034a3  SysTick_Handler                   
00003553  G8RTOS_Init                       
000035a7  G8RTOS_Launch                     
000035cb  G8RTOS_Scheduler                  
00003655  G8RTOS_AddThread                  
0000385d  G8RTOS_Add_APeriodicEvent         
000038dd  G8RTOS_Add_PeriodicEvent          
000039bd  G8RTOS_KillThread                 
00003a85  G8RTOS_KillSelf                   
00003af5  sleep                             
00003b25  G8RTOS_GetThreadID                
00003b2d  G8RTOS_GetNumberOfThreads         
00003bd7  TimerEnable                       
00003bf5  TimerDisable                      
00003c13  TimerConfigure                    
00003c8f  TimerControlLevel                 
00003cc5  TimerControlTrigger               
00003d33  TimerControlEvent                 
00003d5d  TimerControlStall                 
00003d93  TimerControlWaitOnTrigger         
00003df3  TimerRTCEnable                    
00003e09  TimerRTCDisable                   
00003e1f  TimerClockSourceSet               
00003e49  TimerClockSourceGet               
00003e59  TimerPrescaleSet                  
00003e83  TimerPrescaleGet                  
00003e9f  TimerPrescaleMatchSet             
00003ecd  TimerPrescaleMatchGet             
00003ee9  TimerLoadSet                      
00003f13  TimerLoadGet                      
00003f2f  TimerLoadSet64                    
00003f49  TimerLoadGet64                    
00003f7b  TimerValueGet                     
00003f97  TimerValueGet64                   
00003fc9  TimerMatchSet                     
00003ff3  TimerMatchGet                     
0000400f  TimerMatchSet64                   
00004029  TimerMatchGet64                   
0000405b  TimerIntRegister                  
00004083  TimerIntUnregister                
000040a1  TimerIntEnable                    
000040b9  TimerIntDisable                   
000040d1  TimerIntStatus                    
000040ef  TimerIntClear                     
00004101  TimerSynchronize                  
00004113  TimerADCEventSet                  
00004125  TimerADCEventGet                  
00004133  TimerDMAEventSet                  
00004145  TimerDMAEventGet                  
00004153  TimerUpdateMode                   
000041a7  __aeabi_idiv0                     
000041a7  __aeabi_ldiv0                     
00004207  UARTParityModeSet                 
00004223  UARTParityModeGet                 
00004235  UARTFIFOLevelSet                  
0000424d  UARTFIFOLevelGet                  
00004275  UARTConfigSetExpClk               
000042eb  UARTConfigGetExpClk               
00004337  UARTEnable                        
0000435b  UARTDisable                       
00004385  UARTFIFOEnable                    
0000439b  UARTFIFODisable                   
000043b1  UARTEnableSIR                     
000043df  UARTDisableSIR                    
000043f5  UARTSmartCardEnable               
00004427  UARTSmartCardDisable              
0000443d  UARTModemControlSet               
00004475  UARTModemControlClear             
00004499  UARTModemControlGet               
000044ab  UARTModemStatusGet                
000044bf  UARTFlowControlSet                
000044db  UARTFlowControlGet                
000044ed  UARTTxIntModeSet                  
00004509  UARTTxIntModeGet                  
0000451b  UARTCharsAvail                    
00004539  UARTSpaceAvail                    
00004557  UARTCharGetNonBlocking            
00004573  UARTCharGet                       
00004589  UARTCharPutNonBlocking            
000045ad  UARTCharPut                       
000045cb  UARTBreakCtl                      
000045f5  UARTBusy                          
00004613  UARTIntRegister                   
00004631  UARTIntUnregister                 
00004651  UARTIntEnable                     
00004669  UARTIntDisable                    
00004681  UARTIntStatus                     
0000469f  UARTIntClear                      
000046b1  UARTDMAEnable                     
000046c9  UARTDMADisable                    
000046e1  UARTRxErrorGet                    
000046f3  UARTRxErrorClear                  
00004703  UARTClockSourceSet                
00004717  UARTClockSourceGet                
00004727  UART9BitEnable                    
0000473d  UART9BitDisable                   
00004753  UART9BitAddrSet                   
00004779  UART9BitAddrSend                  
000047c1  UARTLoopbackEnable                
000047d9  UARTStdioConfig                   
0000481f  UARTwrite                         
0000486f  UARTgets                          
00004929  UARTgetc                          
00004951  UARTvprintf                       
00004c4b  UARTprintf                        
00004c83  IntMasterEnable                   
00004c93  IntMasterDisable                  
00004ca3  IntRegister                       
00004cf5  IntUnregister                     
00004d09  IntPriorityGroupingSet            
00004d23  IntPriorityGroupingGet            
00004d5b  IntPrioritySet                    
00004dab  IntPriorityGet                    
00004dcf  IntEnable                         
00004e41  IntDisable                        
00004eb3  IntIsEnabled                      
00004f39  IntPendSet                        
00004fa9  IntPendClear                      
00004ff7  IntPriorityMaskSet                
00005003  IntPriorityMaskGet                
0000500b  IntTrigger                        
0000509f  SSIConfigSetExpClk                
00005119  SSIEnable                         
0000512f  SSIDisable                        
00005145  SSIIntRegister                    
00005163  SSIIntUnregister                  
0000517d  SSIIntEnable                      
00005195  SSIIntDisable                     
000051ad  SSIIntStatus                      
000051cb  SSIIntClear                       
000051dd  SSIDataPut                        
000051f7  SSIDataPutNonBlocking             
00005217  SSIDataGet                        
00005233  SSIDataGetNonBlocking             
00005255  SSIDMAEnable                      
0000526d  SSIDMADisable                     
00005285  SSIBusy                           
000052a3  SSIClockSourceSet                 
000052b7  SSIClockSourceGet                 
000052c7  SSIAdvModeSet                     
000052f9  SSIAdvDataPutFrameEnd             
0000531f  SSIAdvDataPutFrameEndNonBlocking  
0000534b  SSIAdvFrameHoldEnable             
00005361  SSIAdvFrameHoldDisable            
00005377  SSILoopbackEnable                 
0000538d  SSILoopbackDisable                
000053a5  I2C_Init                          
0000542f  I2C_WriteSingle                   
0000546b  I2C_ReadSingle                    
000054a5  I2C_WriteMultiple                 
00005557  I2C_ReadMultiple                  
00005639  MutimodDAC_Init                   
00005713  MutimodDAC_Write                  
00005767  MutimodDAC_Read                   
00005801  SPI_Init                          
00005869  SPI_WriteSingle                   
00005887  SPI_ReadSingle                    
000058af  SPI_WriteMultiple                 
0000590f  SPI_ReadMultiple                  
0000598d  PCA9555_GetInput                  
000059bf  PCA9555_SetPinDir                 
00005a03  PCA9555_SetPinPol                 
00005a47  PCA9555_SetOutput                 
00005a8b  PCA9555_ReadReg                   
00005ad5  PCA9956b_Init                     
00005b27  PCA9956b_SetAllMax                
00005b51  PCA9956b_SetAllOff                
00005b7b  PCA9956b_EnableOutput             
00005b89  PCA9956b_DisableOutput            
00005b97  PCA9556b_SetLED                   
00005beb  PCA9956b_GetChipID                
00005c15  JOYSTICK_Init                     
00005c5f  JOYSTICK_IntEnable                
00005c83  JOYSTICK_GetPress                 
00005c97  JOYSTICK_GetX                     
00005ca7  JOYSTICK_GetY                     
00005cb9  JOYSTICK_GetXY                    
00005d05  MultimodMic_Init                  
00005db1  __aeabi_memcpy                    
00005db1  __aeabi_memcpy4                   
00005db1  __aeabi_memcpy8                   
00005db1  memcpy                            
00005e4d  SysTickEnable                     
00005e59  SysTickDisable                    
00005e65  SysTickIntRegister                
00005e7d  SysTickIntUnregister              
00005e91  SysTickIntEnable                  
00005e9d  SysTickIntDisable                 
00005ea9  SysTickPeriodSet                  
00005ebb  SysTickPeriodGet                  
00005ec3  SysTickValueGet                   
00005ed5  __aeabi_memclr                    
00005ed5  __aeabi_memclr4                   
00005ed5  __aeabi_memclr8                   
00005ed7  __aeabi_memset                    
00005ed7  __aeabi_memset4                   
00005ed7  __aeabi_memset8                   
00005edd  memset                            
00005f4f  __TI_decompress_lzss              
00005fc1  G8RTOS_Start                      
00005fe5  PendSV_Handler                    
00006019  UART_Init                         
0000606d  MultimodButtons_Init              
00006097  MultimodButtons_Get               
000060dd  main                              
00006101  __TI_auto_init_nobinit_nopinit    
00006145  __aeabi_uidiv                     
00006145  __aeabi_uidivmod                  
00006185  CPUcpsid                          
00006191  CPUprimask                        
0000619b  CPUcpsie                          
000061a7  CPUwfi                            
000061ab  CPUbasepriSet                     
000061b9  CPUbasepriGet                     
000061c5  _c_int00_noargs                   
000061f9  StartCriticalSection              
00006201  EndCriticalSection                
00006207  __TI_decompress_none              
00006215  ResetISR                          
00006223  __TI_zero_init                    
0000622f  SysCtlDelay                       
00006235  _system_pre_init                  
00006239  C$$EXIT                           
00006239  abort                             
000069e0  __TI_Handler_Table_Base           
000069ec  __TI_Handler_Table_Limit          
00006a08  __TI_CINIT_Base                   
00006a20  __TI_CINIT_Limit                  
20000000  __start___llvm_prf_cnts           
20000000  __stop___llvm_prf_cnts            
20000000  g_pfnRAMVectors                   
20001bcc  CurrentlyRunningThread            
20001bd0  IBit_State                        
20001bd4  SystemTime                        
20001bd8  __stack                           
20001c58  __STACK_END                       
20001dd8  __STACK_TOP                       
ffffffff  __TI_pprof_out_hndl               
ffffffff  __TI_prof_data_size               
ffffffff  __TI_prof_data_start              
ffffffff  __binit__                         
ffffffff  __c_args__                        
ffffffff  binit                             
UNDEFED   __mpu_init                        
UNDEFED   _system_post_cinit                

[463 symbols]
