<?xml version="1.0" encoding="ISO-8859-1" ?>
<link_info>
   <banner>TI ARM Linker PC v20.2.7.LTS</banner>
   <copyright>Copyright (c) 1996-2018 Texas Instruments Incorporated</copyright>
   <link_time>0x67279acc</link_time>
   <link_errors>0x1</link_errors>
   <output_file>Lab5.out</output_file>
   <entry_point>
      <name>_c_int00_noargs</name>
      <address>0x61c5</address>
   </entry_point>
   <input_file_list>
      <input_file id="fl-2">
         <path>.\</path>
         <kind>object</kind>
         <file>main.obj</file>
         <name>main.obj</name>
      </input_file>
      <input_file id="fl-3">
         <path>.\</path>
         <kind>object</kind>
         <file>threads.obj</file>
         <name>threads.obj</name>
      </input_file>
      <input_file id="fl-4">
         <path>.\</path>
         <kind>object</kind>
         <file>tm4c123gh6pm_startup_ccs.obj</file>
         <name>tm4c123gh6pm_startup_ccs.obj</name>
      </input_file>
      <input_file id="fl-5">
         <path>.\G8RTOS\src\</path>
         <kind>object</kind>
         <file>G8RTOS_CriticalSection.obj</file>
         <name>G8RTOS_CriticalSection.obj</name>
      </input_file>
      <input_file id="fl-6">
         <path>.\G8RTOS\src\</path>
         <kind>object</kind>
         <file>G8RTOS_IPC.obj</file>
         <name>G8RTOS_IPC.obj</name>
      </input_file>
      <input_file id="fl-7">
         <path>.\G8RTOS\src\</path>
         <kind>object</kind>
         <file>G8RTOS_Scheduler.obj</file>
         <name>G8RTOS_Scheduler.obj</name>
      </input_file>
      <input_file id="fl-8">
         <path>.\G8RTOS\src\</path>
         <kind>object</kind>
         <file>G8RTOS_SchedulerASM.obj</file>
         <name>G8RTOS_SchedulerASM.obj</name>
      </input_file>
      <input_file id="fl-9">
         <path>.\G8RTOS\src\</path>
         <kind>object</kind>
         <file>G8RTOS_Semaphores.obj</file>
         <name>G8RTOS_Semaphores.obj</name>
      </input_file>
      <input_file id="fl-a">
         <path>.\MiscFunctions\LinAlg\src\</path>
         <kind>object</kind>
         <file>linalg.obj</file>
         <name>linalg.obj</name>
      </input_file>
      <input_file id="fl-b">
         <path>.\MiscFunctions\LinAlg\src\</path>
         <kind>object</kind>
         <file>quaternions.obj</file>
         <name>quaternions.obj</name>
      </input_file>
      <input_file id="fl-c">
         <path>.\MiscFunctions\LinAlg\src\</path>
         <kind>object</kind>
         <file>vect3d.obj</file>
         <name>vect3d.obj</name>
      </input_file>
      <input_file id="fl-d">
         <path>.\MiscFunctions\Shapes\src\</path>
         <kind>object</kind>
         <file>cube.obj</file>
         <name>cube.obj</name>
      </input_file>
      <input_file id="fl-e">
         <path>.\MiscFunctions\Signals\src\</path>
         <kind>object</kind>
         <file>goertzel.obj</file>
         <name>goertzel.obj</name>
      </input_file>
      <input_file id="fl-f">
         <path>.\MultimodDrivers\src\</path>
         <kind>object</kind>
         <file>multimod_BMI160.obj</file>
         <name>multimod_BMI160.obj</name>
      </input_file>
      <input_file id="fl-10">
         <path>.\MultimodDrivers\src\</path>
         <kind>object</kind>
         <file>multimod_LaunchpadButtons.obj</file>
         <name>multimod_LaunchpadButtons.obj</name>
      </input_file>
      <input_file id="fl-11">
         <path>.\MultimodDrivers\src\</path>
         <kind>object</kind>
         <file>multimod_LaunchpadLED.obj</file>
         <name>multimod_LaunchpadLED.obj</name>
      </input_file>
      <input_file id="fl-12">
         <path>.\MultimodDrivers\src\</path>
         <kind>object</kind>
         <file>multimod_OPT3001.obj</file>
         <name>multimod_OPT3001.obj</name>
      </input_file>
      <input_file id="fl-13">
         <path>.\MultimodDrivers\src\</path>
         <kind>object</kind>
         <file>multimod_PCA9555.obj</file>
         <name>multimod_PCA9555.obj</name>
      </input_file>
      <input_file id="fl-14">
         <path>.\MultimodDrivers\src\</path>
         <kind>object</kind>
         <file>multimod_PCA9956b.obj</file>
         <name>multimod_PCA9956b.obj</name>
      </input_file>
      <input_file id="fl-15">
         <path>.\MultimodDrivers\src\</path>
         <kind>object</kind>
         <file>multimod_ST7789.obj</file>
         <name>multimod_ST7789.obj</name>
      </input_file>
      <input_file id="fl-16">
         <path>.\MultimodDrivers\src\</path>
         <kind>object</kind>
         <file>multimod_buttons.obj</file>
         <name>multimod_buttons.obj</name>
      </input_file>
      <input_file id="fl-17">
         <path>.\MultimodDrivers\src\</path>
         <kind>object</kind>
         <file>multimod_dac.obj</file>
         <name>multimod_dac.obj</name>
      </input_file>
      <input_file id="fl-18">
         <path>.\MultimodDrivers\src\</path>
         <kind>object</kind>
         <file>multimod_i2c.obj</file>
         <name>multimod_i2c.obj</name>
      </input_file>
      <input_file id="fl-19">
         <path>.\MultimodDrivers\src\</path>
         <kind>object</kind>
         <file>multimod_joystick.obj</file>
         <name>multimod_joystick.obj</name>
      </input_file>
      <input_file id="fl-1a">
         <path>.\MultimodDrivers\src\</path>
         <kind>object</kind>
         <file>multimod_mic.obj</file>
         <name>multimod_mic.obj</name>
      </input_file>
      <input_file id="fl-1b">
         <path>.\MultimodDrivers\src\</path>
         <kind>object</kind>
         <file>multimod_spi.obj</file>
         <name>multimod_spi.obj</name>
      </input_file>
      <input_file id="fl-1c">
         <path>.\MultimodDrivers\src\</path>
         <kind>object</kind>
         <file>multimod_uart.obj</file>
         <name>multimod_uart.obj</name>
      </input_file>
      <input_file id="fl-1d">
         <path>.\driverlib\</path>
         <kind>object</kind>
         <file>adc.obj</file>
         <name>adc.obj</name>
      </input_file>
      <input_file id="fl-1e">
         <path>.\driverlib\</path>
         <kind>object</kind>
         <file>aes.obj</file>
         <name>aes.obj</name>
      </input_file>
      <input_file id="fl-1f">
         <path>.\driverlib\</path>
         <kind>object</kind>
         <file>can.obj</file>
         <name>can.obj</name>
      </input_file>
      <input_file id="fl-20">
         <path>.\driverlib\</path>
         <kind>object</kind>
         <file>comp.obj</file>
         <name>comp.obj</name>
      </input_file>
      <input_file id="fl-21">
         <path>.\driverlib\</path>
         <kind>object</kind>
         <file>cpu.obj</file>
         <name>cpu.obj</name>
      </input_file>
      <input_file id="fl-22">
         <path>.\driverlib\</path>
         <kind>object</kind>
         <file>crc.obj</file>
         <name>crc.obj</name>
      </input_file>
      <input_file id="fl-23">
         <path>.\driverlib\</path>
         <kind>object</kind>
         <file>des.obj</file>
         <name>des.obj</name>
      </input_file>
      <input_file id="fl-24">
         <path>.\driverlib\</path>
         <kind>object</kind>
         <file>eeprom.obj</file>
         <name>eeprom.obj</name>
      </input_file>
      <input_file id="fl-25">
         <path>.\driverlib\</path>
         <kind>object</kind>
         <file>emac.obj</file>
         <name>emac.obj</name>
      </input_file>
      <input_file id="fl-26">
         <path>.\driverlib\</path>
         <kind>object</kind>
         <file>epi.obj</file>
         <name>epi.obj</name>
      </input_file>
      <input_file id="fl-27">
         <path>.\driverlib\</path>
         <kind>object</kind>
         <file>epi_workaround_ccs.obj</file>
         <name>epi_workaround_ccs.obj</name>
      </input_file>
      <input_file id="fl-28">
         <path>.\driverlib\</path>
         <kind>object</kind>
         <file>flash.obj</file>
         <name>flash.obj</name>
      </input_file>
      <input_file id="fl-29">
         <path>.\driverlib\</path>
         <kind>object</kind>
         <file>fpu.obj</file>
         <name>fpu.obj</name>
      </input_file>
      <input_file id="fl-2a">
         <path>.\driverlib\</path>
         <kind>object</kind>
         <file>gpio.obj</file>
         <name>gpio.obj</name>
      </input_file>
      <input_file id="fl-2b">
         <path>.\driverlib\</path>
         <kind>object</kind>
         <file>hibernate.obj</file>
         <name>hibernate.obj</name>
      </input_file>
      <input_file id="fl-2c">
         <path>.\driverlib\</path>
         <kind>object</kind>
         <file>i2c.obj</file>
         <name>i2c.obj</name>
      </input_file>
      <input_file id="fl-2d">
         <path>.\driverlib\</path>
         <kind>object</kind>
         <file>interrupt.obj</file>
         <name>interrupt.obj</name>
      </input_file>
      <input_file id="fl-2e">
         <path>.\driverlib\</path>
         <kind>object</kind>
         <file>lcd.obj</file>
         <name>lcd.obj</name>
      </input_file>
      <input_file id="fl-2f">
         <path>.\driverlib\</path>
         <kind>object</kind>
         <file>mpu.obj</file>
         <name>mpu.obj</name>
      </input_file>
      <input_file id="fl-30">
         <path>.\driverlib\</path>
         <kind>object</kind>
         <file>onewire.obj</file>
         <name>onewire.obj</name>
      </input_file>
      <input_file id="fl-31">
         <path>.\driverlib\</path>
         <kind>object</kind>
         <file>pwm.obj</file>
         <name>pwm.obj</name>
      </input_file>
      <input_file id="fl-32">
         <path>.\driverlib\</path>
         <kind>object</kind>
         <file>qei.obj</file>
         <name>qei.obj</name>
      </input_file>
      <input_file id="fl-33">
         <path>.\driverlib\</path>
         <kind>object</kind>
         <file>shamd5.obj</file>
         <name>shamd5.obj</name>
      </input_file>
      <input_file id="fl-34">
         <path>.\driverlib\</path>
         <kind>object</kind>
         <file>ssi.obj</file>
         <name>ssi.obj</name>
      </input_file>
      <input_file id="fl-35">
         <path>.\driverlib\</path>
         <kind>object</kind>
         <file>sw_crc.obj</file>
         <name>sw_crc.obj</name>
      </input_file>
      <input_file id="fl-36">
         <path>.\driverlib\</path>
         <kind>object</kind>
         <file>sysctl.obj</file>
         <name>sysctl.obj</name>
      </input_file>
      <input_file id="fl-37">
         <path>.\driverlib\</path>
         <kind>object</kind>
         <file>sysexc.obj</file>
         <name>sysexc.obj</name>
      </input_file>
      <input_file id="fl-38">
         <path>.\driverlib\</path>
         <kind>object</kind>
         <file>systick.obj</file>
         <name>systick.obj</name>
      </input_file>
      <input_file id="fl-39">
         <path>.\driverlib\</path>
         <kind>object</kind>
         <file>timer.obj</file>
         <name>timer.obj</name>
      </input_file>
      <input_file id="fl-3a">
         <path>.\driverlib\</path>
         <kind>object</kind>
         <file>uart.obj</file>
         <name>uart.obj</name>
      </input_file>
      <input_file id="fl-3b">
         <path>.\driverlib\</path>
         <kind>object</kind>
         <file>uartstdio.obj</file>
         <name>uartstdio.obj</name>
      </input_file>
      <input_file id="fl-3c">
         <path>.\driverlib\</path>
         <kind>object</kind>
         <file>udma.obj</file>
         <name>udma.obj</name>
      </input_file>
      <input_file id="fl-3d">
         <path>.\driverlib\</path>
         <kind>object</kind>
         <file>usb.obj</file>
         <name>usb.obj</name>
      </input_file>
      <input_file id="fl-3e">
         <path>.\driverlib\</path>
         <kind>object</kind>
         <file>watchdog.obj</file>
         <name>watchdog.obj</name>
      </input_file>
      <input_file id="fl-46">
         <kind>object</kind>
         <file>&lt;internal&gt;</file>
         <name>&lt;internal&gt;</name>
      </input_file>
      <input_file id="fl-fc">
         <path>C:\ti\ccs1280\ccs\tools\compiler\ti-cgt-arm_20.2.7.LTS\lib\</path>
         <kind>archive</kind>
         <file>rtsv7M4_T_le_v4SPD16_eabi.lib</file>
         <name>e_powf.c.obj</name>
      </input_file>
      <input_file id="fl-fd">
         <path>C:\ti\ccs1280\ccs\tools\compiler\ti-cgt-arm_20.2.7.LTS\lib\</path>
         <kind>archive</kind>
         <file>rtsv7M4_T_le_v4SPD16_eabi.lib</file>
         <name>e_sqrtf.c.obj</name>
      </input_file>
      <input_file id="fl-fe">
         <path>C:\ti\ccs1280\ccs\tools\compiler\ti-cgt-arm_20.2.7.LTS\lib\</path>
         <kind>archive</kind>
         <file>rtsv7M4_T_le_v4SPD16_eabi.lib</file>
         <name>s_lrint.c.obj</name>
      </input_file>
      <input_file id="fl-ff">
         <path>C:\ti\ccs1280\ccs\tools\compiler\ti-cgt-arm_20.2.7.LTS\lib\</path>
         <kind>archive</kind>
         <file>rtsv7M4_T_le_v4SPD16_eabi.lib</file>
         <name>s_scalbnf.c.obj</name>
      </input_file>
      <input_file id="fl-100">
         <path>C:\ti\ccs1280\ccs\tools\compiler\ti-cgt-arm_20.2.7.LTS\lib\</path>
         <kind>archive</kind>
         <file>rtsv7M4_T_le_v4SPD16_eabi.lib</file>
         <name>s_cexp.c.obj</name>
      </input_file>
      <input_file id="fl-101">
         <path>C:\ti\ccs1280\ccs\tools\compiler\ti-cgt-arm_20.2.7.LTS\lib\</path>
         <kind>archive</kind>
         <file>rtsv7M4_T_le_v4SPD16_eabi.lib</file>
         <name>e_exp.c.obj</name>
      </input_file>
      <input_file id="fl-102">
         <path>C:\ti\ccs1280\ccs\tools\compiler\ti-cgt-arm_20.2.7.LTS\lib\</path>
         <kind>archive</kind>
         <file>rtsv7M4_T_le_v4SPD16_eabi.lib</file>
         <name>e_sqrt.c.obj</name>
      </input_file>
      <input_file id="fl-103">
         <path>C:\ti\ccs1280\ccs\tools\compiler\ti-cgt-arm_20.2.7.LTS\lib\</path>
         <kind>archive</kind>
         <file>rtsv7M4_T_le_v4SPD16_eabi.lib</file>
         <name>s_cos.c.obj</name>
      </input_file>
      <input_file id="fl-104">
         <path>C:\ti\ccs1280\ccs\tools\compiler\ti-cgt-arm_20.2.7.LTS\lib\</path>
         <kind>archive</kind>
         <file>rtsv7M4_T_le_v4SPD16_eabi.lib</file>
         <name>s_rint.c.obj</name>
      </input_file>
      <input_file id="fl-105">
         <path>C:\ti\ccs1280\ccs\tools\compiler\ti-cgt-arm_20.2.7.LTS\lib\</path>
         <kind>archive</kind>
         <file>rtsv7M4_T_le_v4SPD16_eabi.lib</file>
         <name>s_sin.c.obj</name>
      </input_file>
      <input_file id="fl-106">
         <path>C:\ti\ccs1280\ccs\tools\compiler\ti-cgt-arm_20.2.7.LTS\lib\</path>
         <kind>archive</kind>
         <file>rtsv7M4_T_le_v4SPD16_eabi.lib</file>
         <name>c99_complex.c.obj</name>
      </input_file>
      <input_file id="fl-107">
         <path>C:\ti\ccs1280\ccs\tools\compiler\ti-cgt-arm_20.2.7.LTS\lib\</path>
         <kind>archive</kind>
         <file>rtsv7M4_T_le_v4SPD16_eabi.lib</file>
         <name>ti_fenv.c.obj</name>
      </input_file>
      <input_file id="fl-108">
         <path>C:\ti\ccs1280\ccs\tools\compiler\ti-cgt-arm_20.2.7.LTS\lib\</path>
         <kind>archive</kind>
         <file>rtsv7M4_T_le_v4SPD16_eabi.lib</file>
         <name>s_copysignf.c.obj</name>
      </input_file>
      <input_file id="fl-109">
         <path>C:\ti\ccs1280\ccs\tools\compiler\ti-cgt-arm_20.2.7.LTS\lib\</path>
         <kind>archive</kind>
         <file>rtsv7M4_T_le_v4SPD16_eabi.lib</file>
         <name>fd_add_t2.asm.obj</name>
      </input_file>
      <input_file id="fl-10a">
         <path>C:\ti\ccs1280\ccs\tools\compiler\ti-cgt-arm_20.2.7.LTS\lib\</path>
         <kind>archive</kind>
         <file>rtsv7M4_T_le_v4SPD16_eabi.lib</file>
         <name>fd_cmp_t2.asm.obj</name>
      </input_file>
      <input_file id="fl-10b">
         <path>C:\ti\ccs1280\ccs\tools\compiler\ti-cgt-arm_20.2.7.LTS\lib\</path>
         <kind>archive</kind>
         <file>rtsv7M4_T_le_v4SPD16_eabi.lib</file>
         <name>fd_div_t2.asm.obj</name>
      </input_file>
      <input_file id="fl-10c">
         <path>C:\ti\ccs1280\ccs\tools\compiler\ti-cgt-arm_20.2.7.LTS\lib\</path>
         <kind>archive</kind>
         <file>rtsv7M4_T_le_v4SPD16_eabi.lib</file>
         <name>fd_mul_t2.asm.obj</name>
      </input_file>
      <input_file id="fl-10d">
         <path>C:\ti\ccs1280\ccs\tools\compiler\ti-cgt-arm_20.2.7.LTS\lib\</path>
         <kind>archive</kind>
         <file>rtsv7M4_T_le_v4SPD16_eabi.lib</file>
         <name>fd_toi_t2.asm.obj</name>
      </input_file>
      <input_file id="fl-10e">
         <path>C:\ti\ccs1280\ccs\tools\compiler\ti-cgt-arm_20.2.7.LTS\lib\</path>
         <kind>archive</kind>
         <file>rtsv7M4_T_le_v4SPD16_eabi.lib</file>
         <name>fd_tos_t2.asm.obj</name>
      </input_file>
      <input_file id="fl-10f">
         <path>C:\ti\ccs1280\ccs\tools\compiler\ti-cgt-arm_20.2.7.LTS\lib\</path>
         <kind>archive</kind>
         <file>rtsv7M4_T_le_v4SPD16_eabi.lib</file>
         <name>fs_tod_t2.asm.obj</name>
      </input_file>
      <input_file id="fl-110">
         <path>C:\ti\ccs1280\ccs\tools\compiler\ti-cgt-arm_20.2.7.LTS\lib\</path>
         <kind>archive</kind>
         <file>rtsv7M4_T_le_v4SPD16_eabi.lib</file>
         <name>i_tofd_t2.asm.obj</name>
      </input_file>
      <input_file id="fl-111">
         <path>C:\ti\ccs1280\ccs\tools\compiler\ti-cgt-arm_20.2.7.LTS\lib\</path>
         <kind>archive</kind>
         <file>rtsv7M4_T_le_v4SPD16_eabi.lib</file>
         <name>memset_t2.asm.obj</name>
      </input_file>
      <input_file id="fl-112">
         <path>C:\ti\ccs1280\ccs\tools\compiler\ti-cgt-arm_20.2.7.LTS\lib\</path>
         <kind>archive</kind>
         <file>rtsv7M4_T_le_v4SPD16_eabi.lib</file>
         <name>u_divt2.asm.obj</name>
      </input_file>
      <input_file id="fl-113">
         <path>C:\ti\ccs1280\ccs\tools\compiler\ti-cgt-arm_20.2.7.LTS\lib\</path>
         <kind>archive</kind>
         <file>rtsv7M4_T_le_v4SPD16_eabi.lib</file>
         <name>copy_zero_init.c.obj</name>
      </input_file>
      <input_file id="fl-114">
         <path>C:\ti\ccs1280\ccs\tools\compiler\ti-cgt-arm_20.2.7.LTS\lib\</path>
         <kind>archive</kind>
         <file>rtsv7M4_T_le_v4SPD16_eabi.lib</file>
         <name>copy_decompress_none.c.obj</name>
      </input_file>
      <input_file id="fl-115">
         <path>C:\ti\ccs1280\ccs\tools\compiler\ti-cgt-arm_20.2.7.LTS\lib\</path>
         <kind>archive</kind>
         <file>rtsv7M4_T_le_v4SPD16_eabi.lib</file>
         <name>copy_decompress_lzss.c.obj</name>
      </input_file>
      <input_file id="fl-116">
         <path>C:\ti\ccs1280\ccs\tools\compiler\ti-cgt-arm_20.2.7.LTS\lib\</path>
         <kind>archive</kind>
         <file>rtsv7M4_T_le_v4SPD16_eabi.lib</file>
         <name>signal.c.obj</name>
      </input_file>
      <input_file id="fl-117">
         <path>C:\ti\ccs1280\ccs\tools\compiler\ti-cgt-arm_20.2.7.LTS\lib\</path>
         <kind>archive</kind>
         <file>rtsv7M4_T_le_v4SPD16_eabi.lib</file>
         <name>k_rem_pio2.c.obj</name>
      </input_file>
      <input_file id="fl-118">
         <path>C:\ti\ccs1280\ccs\tools\compiler\ti-cgt-arm_20.2.7.LTS\lib\</path>
         <kind>archive</kind>
         <file>rtsv7M4_T_le_v4SPD16_eabi.lib</file>
         <name>boot_cortex_m.c.obj</name>
      </input_file>
      <input_file id="fl-119">
         <path>C:\ti\ccs1280\ccs\tools\compiler\ti-cgt-arm_20.2.7.LTS\lib\</path>
         <kind>archive</kind>
         <file>rtsv7M4_T_le_v4SPD16_eabi.lib</file>
         <name>errno.c.obj</name>
      </input_file>
      <input_file id="fl-11a">
         <path>C:\ti\ccs1280\ccs\tools\compiler\ti-cgt-arm_20.2.7.LTS\lib\</path>
         <kind>archive</kind>
         <file>rtsv7M4_T_le_v4SPD16_eabi.lib</file>
         <name>k_exp.c.obj</name>
      </input_file>
      <input_file id="fl-11b">
         <path>C:\ti\ccs1280\ccs\tools\compiler\ti-cgt-arm_20.2.7.LTS\lib\</path>
         <kind>archive</kind>
         <file>rtsv7M4_T_le_v4SPD16_eabi.lib</file>
         <name>k_cos.c.obj</name>
      </input_file>
      <input_file id="fl-11c">
         <path>C:\ti\ccs1280\ccs\tools\compiler\ti-cgt-arm_20.2.7.LTS\lib\</path>
         <kind>archive</kind>
         <file>rtsv7M4_T_le_v4SPD16_eabi.lib</file>
         <name>k_sin.c.obj</name>
      </input_file>
      <input_file id="fl-11d">
         <path>C:\ti\ccs1280\ccs\tools\compiler\ti-cgt-arm_20.2.7.LTS\lib\</path>
         <kind>archive</kind>
         <file>rtsv7M4_T_le_v4SPD16_eabi.lib</file>
         <name>s_floor.c.obj</name>
      </input_file>
      <input_file id="fl-11e">
         <path>C:\ti\ccs1280\ccs\tools\compiler\ti-cgt-arm_20.2.7.LTS\lib\</path>
         <kind>archive</kind>
         <file>rtsv7M4_T_le_v4SPD16_eabi.lib</file>
         <name>s_scalbn.c.obj</name>
      </input_file>
      <input_file id="fl-11f">
         <path>C:\ti\ccs1280\ccs\tools\compiler\ti-cgt-arm_20.2.7.LTS\lib\</path>
         <kind>archive</kind>
         <file>rtsv7M4_T_le_v4SPD16_eabi.lib</file>
         <name>div0.asm.obj</name>
      </input_file>
      <input_file id="fl-120">
         <path>C:\ti\ccs1280\ccs\tools\compiler\ti-cgt-arm_20.2.7.LTS\lib\</path>
         <kind>archive</kind>
         <file>rtsv7M4_T_le_v4SPD16_eabi.lib</file>
         <name>memcpy_t2.asm.obj</name>
      </input_file>
      <input_file id="fl-121">
         <path>C:\ti\ccs1280\ccs\tools\compiler\ti-cgt-arm_20.2.7.LTS\lib\</path>
         <kind>archive</kind>
         <file>rtsv7M4_T_le_v4SPD16_eabi.lib</file>
         <name>autoinit.c.obj</name>
      </input_file>
      <input_file id="fl-122">
         <path>C:\ti\ccs1280\ccs\tools\compiler\ti-cgt-arm_20.2.7.LTS\lib\</path>
         <kind>archive</kind>
         <file>rtsv7M4_T_le_v4SPD16_eabi.lib</file>
         <name>pre_init.c.obj</name>
      </input_file>
      <input_file id="fl-123">
         <path>C:\ti\ccs1280\ccs\tools\compiler\ti-cgt-arm_20.2.7.LTS\lib\</path>
         <kind>archive</kind>
         <file>rtsv7M4_T_le_v4SPD16_eabi.lib</file>
         <name>cpy_tbl.c.obj</name>
      </input_file>
      <input_file id="fl-124">
         <path>C:\ti\ccs1280\ccs\tools\compiler\ti-cgt-arm_20.2.7.LTS\lib\</path>
         <kind>archive</kind>
         <file>rtsv7M4_T_le_v4SPD16_eabi.lib</file>
         <name>exit.c.obj</name>
      </input_file>
      <input_file id="fl-125">
         <path>C:\ti\ccs1280\ccs\tools\compiler\ti-cgt-arm_20.2.7.LTS\lib\</path>
         <kind>archive</kind>
         <file>rtsv7M4_T_le_v4SPD16_eabi.lib</file>
         <name>_lock.c.obj</name>
      </input_file>
      <input_file id="fl-126">
         <path>C:\ti\ccs1280\ccs\tools\compiler\ti-cgt-arm_20.2.7.LTS\lib\</path>
         <kind>archive</kind>
         <file>rtsv7M4_T_le_v4SPD16_eabi.lib</file>
         <name>args_main.c.obj</name>
      </input_file>
      <input_file id="fl-127">
         <path>C:\ti\ccs1280\ccs\tools\compiler\ti-cgt-arm_20.2.7.LTS\lib\</path>
         <kind>archive</kind>
         <file>rtsv7M4_T_le_v4SPD16_eabi.lib</file>
         <name>s_copysign.c.obj</name>
      </input_file>
   </input_file_list>
   <object_component_list>
      <object_component id="oc-12">
         <name>.intvecs</name>
         <load_address>0x0</load_address>
         <run_address>0x0</run_address>
         <size>0x26c</size>
         <input_file_ref idref="fl-4"/>
      </object_component>
      <object_component id="oc-f3">
         <name>.text</name>
         <load_address>0x26c</load_address>
         <run_address>0x26c</run_address>
         <size>0xf80</size>
         <input_file_ref idref="fl-36"/>
      </object_component>
      <object_component id="oc-14b">
         <name>.text</name>
         <load_address>0x11ec</load_address>
         <run_address>0x11ec</run_address>
         <size>0xc14</size>
         <input_file_ref idref="fl-2a"/>
      </object_component>
      <object_component id="oc-179">
         <name>.text</name>
         <load_address>0x1e00</load_address>
         <run_address>0x1e00</run_address>
         <size>0x840</size>
         <input_file_ref idref="fl-1d"/>
      </object_component>
      <object_component id="oc-c9">
         <name>.text</name>
         <load_address>0x2640</load_address>
         <run_address>0x2640</run_address>
         <size>0x740</size>
         <input_file_ref idref="fl-15"/>
      </object_component>
      <object_component id="oc-186">
         <name>.text</name>
         <load_address>0x2d80</load_address>
         <run_address>0x2d80</run_address>
         <size>0x6f8</size>
         <input_file_ref idref="fl-2c"/>
      </object_component>
      <object_component id="oc-fa">
         <name>.text</name>
         <load_address>0x3478</load_address>
         <run_address>0x3478</run_address>
         <size>0x6ec</size>
         <input_file_ref idref="fl-7"/>
      </object_component>
      <object_component id="oc-17f">
         <name>.text</name>
         <load_address>0x3b64</load_address>
         <run_address>0x3b64</run_address>
         <size>0x642</size>
         <input_file_ref idref="fl-39"/>
      </object_component>
      <object_component id="oc-2e2">
         <name>.text</name>
         <load_address>0x41a6</load_address>
         <run_address>0x41a6</run_address>
         <size>0x2</size>
         <input_file_ref idref="fl-11f"/>
      </object_component>
      <object_component id="oc-16c">
         <name>.text</name>
         <load_address>0x41a8</load_address>
         <run_address>0x41a8</run_address>
         <size>0x62e</size>
         <input_file_ref idref="fl-3a"/>
      </object_component>
      <object_component id="oc-172">
         <name>.text</name>
         <load_address>0x47d8</load_address>
         <run_address>0x47d8</run_address>
         <size>0x4a8</size>
         <input_file_ref idref="fl-3b"/>
      </object_component>
      <object_component id="oc-199">
         <name>.text</name>
         <load_address>0x4c80</load_address>
         <run_address>0x4c80</run_address>
         <size>0x3c0</size>
         <input_file_ref idref="fl-2d"/>
      </object_component>
      <object_component id="oc-18c">
         <name>.text</name>
         <load_address>0x5040</load_address>
         <run_address>0x5040</run_address>
         <size>0x362</size>
         <input_file_ref idref="fl-34"/>
      </object_component>
      <object_component id="oc-158">
         <name>.text</name>
         <load_address>0x53a4</load_address>
         <run_address>0x53a4</run_address>
         <size>0x294</size>
         <input_file_ref idref="fl-18"/>
      </object_component>
      <object_component id="oc-e1">
         <name>.text</name>
         <load_address>0x5638</load_address>
         <run_address>0x5638</run_address>
         <size>0x1c8</size>
         <input_file_ref idref="fl-17"/>
      </object_component>
      <object_component id="oc-151">
         <name>.text</name>
         <load_address>0x5800</load_address>
         <run_address>0x5800</run_address>
         <size>0x18c</size>
         <input_file_ref idref="fl-1b"/>
      </object_component>
      <object_component id="oc-15e">
         <name>.text</name>
         <load_address>0x598c</load_address>
         <run_address>0x598c</run_address>
         <size>0x148</size>
         <input_file_ref idref="fl-13"/>
      </object_component>
      <object_component id="oc-cf">
         <name>.text</name>
         <load_address>0x5ad4</load_address>
         <run_address>0x5ad4</run_address>
         <size>0x140</size>
         <input_file_ref idref="fl-14"/>
      </object_component>
      <object_component id="oc-ed">
         <name>.text</name>
         <load_address>0x5c14</load_address>
         <run_address>0x5c14</run_address>
         <size>0xf0</size>
         <input_file_ref idref="fl-19"/>
      </object_component>
      <object_component id="oc-db">
         <name>.text</name>
         <load_address>0x5d04</load_address>
         <run_address>0x5d04</run_address>
         <size>0xac</size>
         <input_file_ref idref="fl-1a"/>
      </object_component>
      <object_component id="oc-3b">
         <name>.text</name>
         <load_address>0x5db0</load_address>
         <run_address>0x5db0</run_address>
         <size>0x9c</size>
         <input_file_ref idref="fl-120"/>
      </object_component>
      <object_component id="oc-1b5">
         <name>.text</name>
         <load_address>0x5e4c</load_address>
         <run_address>0x5e4c</run_address>
         <size>0x88</size>
         <input_file_ref idref="fl-38"/>
      </object_component>
      <object_component id="oc-8f">
         <name>.text</name>
         <load_address>0x5ed4</load_address>
         <run_address>0x5ed4</run_address>
         <size>0x7a</size>
         <input_file_ref idref="fl-111"/>
      </object_component>
      <object_component id="oc-15">
         <name>.text:decompress:lzss:__TI_decompress_lzss</name>
         <load_address>0x5f4e</load_address>
         <run_address>0x5f4e</run_address>
         <size>0x68</size>
         <input_file_ref idref="fl-115"/>
      </object_component>
      <object_component id="oc-1bb">
         <name>.text</name>
         <load_address>0x5fb8</load_address>
         <run_address>0x5fb8</run_address>
         <size>0x60</size>
         <input_file_ref idref="fl-8"/>
      </object_component>
      <object_component id="oc-d5">
         <name>.text</name>
         <load_address>0x6018</load_address>
         <run_address>0x6018</run_address>
         <size>0x54</size>
         <input_file_ref idref="fl-1c"/>
      </object_component>
      <object_component id="oc-e7">
         <name>.text</name>
         <load_address>0x606c</load_address>
         <run_address>0x606c</run_address>
         <size>0x4c</size>
         <input_file_ref idref="fl-16"/>
      </object_component>
      <object_component id="oc-9b">
         <name>.text</name>
         <load_address>0x60b8</load_address>
         <run_address>0x60b8</run_address>
         <size>0x48</size>
         <input_file_ref idref="fl-2"/>
      </object_component>
      <object_component id="oc-10d">
         <name>.text:__TI_auto_init_nobinit_nopinit:__TI_auto_init_nobinit_nopinit</name>
         <load_address>0x6100</load_address>
         <run_address>0x6100</run_address>
         <size>0x44</size>
         <input_file_ref idref="fl-121"/>
      </object_component>
      <object_component id="oc-234">
         <name>.text</name>
         <load_address>0x6144</load_address>
         <run_address>0x6144</run_address>
         <size>0x40</size>
         <input_file_ref idref="fl-112"/>
      </object_component>
      <object_component id="oc-19f">
         <name>.text</name>
         <load_address>0x6184</load_address>
         <run_address>0x6184</run_address>
         <size>0x3e</size>
         <input_file_ref idref="fl-21"/>
      </object_component>
      <object_component id="oc-59">
         <name>.text:_c_int00_noargs:_c_int00_noargs</name>
         <load_address>0x61c4</load_address>
         <run_address>0x61c4</run_address>
         <size>0x34</size>
         <input_file_ref idref="fl-118"/>
      </object_component>
      <object_component id="oc-1ca">
         <name>.text</name>
         <load_address>0x61f8</load_address>
         <run_address>0x61f8</run_address>
         <size>0xe</size>
         <input_file_ref idref="fl-5"/>
      </object_component>
      <object_component id="oc-1b">
         <name>.text:decompress:none:__TI_decompress_none</name>
         <load_address>0x6206</load_address>
         <run_address>0x6206</run_address>
         <size>0xe</size>
         <input_file_ref idref="fl-114"/>
      </object_component>
      <object_component id="oc-27">
         <name>.text</name>
         <load_address>0x6214</load_address>
         <run_address>0x6214</run_address>
         <size>0xe</size>
         <input_file_ref idref="fl-4"/>
      </object_component>
      <object_component id="oc-4d">
         <name>.text:decompress:ZI:__TI_zero_init</name>
         <load_address>0x6222</load_address>
         <run_address>0x6222</run_address>
         <size>0xc</size>
         <input_file_ref idref="fl-113"/>
      </object_component>
      <object_component id="oc-f9">
         <name>.text:SysCtlDelay</name>
         <load_address>0x622e</load_address>
         <run_address>0x622e</run_address>
         <size>0x6</size>
         <input_file_ref idref="fl-36"/>
      </object_component>
      <object_component id="oc-95">
         <name>.text:_system_pre_init</name>
         <load_address>0x6234</load_address>
         <run_address>0x6234</run_address>
         <size>0x4</size>
         <input_file_ref idref="fl-122"/>
      </object_component>
      <object_component id="oc-101">
         <name>.text:abort:abort</name>
         <load_address>0x6238</load_address>
         <run_address>0x6238</run_address>
         <size>0x4</size>
         <input_file_ref idref="fl-124"/>
      </object_component>
      <object_component id="oc-1ab">
         <name>.const:g_pppui32XTALtoVCO</name>
         <load_address>0x623c</load_address>
         <run_address>0x623c</run_address>
         <size>0x1b0</size>
         <input_file_ref idref="fl-36"/>
      </object_component>
      <object_component id="oc-206">
         <name>.const:g_ppui32GPIOIntMapSnowflake</name>
         <load_address>0x63ec</load_address>
         <run_address>0x63ec</run_address>
         <size>0xd8</size>
         <input_file_ref idref="fl-2a"/>
      </object_component>
      <object_component id="oc-203">
         <name>.const:g_ppui32GPIOIntMapBlizzard</name>
         <load_address>0x64c4</load_address>
         <run_address>0x64c4</run_address>
         <size>0xc0</size>
         <input_file_ref idref="fl-2a"/>
      </object_component>
      <object_component id="oc-26a">
         <name>.const:g_pui32Regs</name>
         <load_address>0x6584</load_address>
         <run_address>0x6584</run_address>
         <size>0x9c</size>
         <input_file_ref idref="fl-2d"/>
      </object_component>
      <object_component id="oc-209">
         <name>.const:g_pui32GPIOBaseAddrs</name>
         <load_address>0x6620</load_address>
         <run_address>0x6620</run_address>
         <size>0x90</size>
         <input_file_ref idref="fl-2a"/>
      </object_component>
      <object_component id="oc-1a5">
         <name>.const:g_pui32Xtals</name>
         <load_address>0x66b0</load_address>
         <run_address>0x66b0</run_address>
         <size>0x6c</size>
         <input_file_ref idref="fl-36"/>
      </object_component>
      <object_component id="oc-248">
         <name>.const:g_ppui32TimerIntMap</name>
         <load_address>0x671c</load_address>
         <run_address>0x671c</run_address>
         <size>0x60</size>
         <input_file_ref idref="fl-39"/>
      </object_component>
      <object_component id="oc-253">
         <name>.const:g_ppui32I2CIntMapSnowflake</name>
         <load_address>0x677c</load_address>
         <run_address>0x677c</run_address>
         <size>0x50</size>
         <input_file_ref idref="fl-2c"/>
      </object_component>
      <object_component id="oc-24b">
         <name>.const:g_ppui32TimerIntMapSnowflake</name>
         <load_address>0x67cc</load_address>
         <run_address>0x67cc</run_address>
         <size>0x40</size>
         <input_file_ref idref="fl-39"/>
      </object_component>
      <object_component id="oc-223">
         <name>.const:g_ppui32UARTIntMap</name>
         <load_address>0x680c</load_address>
         <run_address>0x680c</run_address>
         <size>0x40</size>
         <input_file_ref idref="fl-3a"/>
      </object_component>
      <object_component id="oc-226">
         <name>.const:g_ppui32UARTIntMapSnowflake</name>
         <load_address>0x684c</load_address>
         <run_address>0x684c</run_address>
         <size>0x40</size>
         <input_file_ref idref="fl-3a"/>
      </object_component>
      <object_component id="oc-250">
         <name>.const:g_ppui32I2CIntMap</name>
         <load_address>0x688c</load_address>
         <run_address>0x688c</run_address>
         <size>0x30</size>
         <input_file_ref idref="fl-2c"/>
      </object_component>
      <object_component id="oc-196">
         <name>.const:g_sXTALtoMEMTIM</name>
         <load_address>0x68bc</load_address>
         <run_address>0x68bc</run_address>
         <size>0x30</size>
         <input_file_ref idref="fl-36"/>
      </object_component>
      <object_component id="oc-258">
         <name>.const:g_ppui32SSIIntMap</name>
         <load_address>0x68ec</load_address>
         <run_address>0x68ec</run_address>
         <size>0x20</size>
         <input_file_ref idref="fl-34"/>
      </object_component>
      <object_component id="oc-25b">
         <name>.const:g_ppui32SSIIntMapSnowflake</name>
         <load_address>0x690c</load_address>
         <run_address>0x690c</run_address>
         <size>0x20</size>
         <input_file_ref idref="fl-34"/>
      </object_component>
      <object_component id="oc-267">
         <name>.const:g_pui32Priority</name>
         <load_address>0x692c</load_address>
         <run_address>0x692c</run_address>
         <size>0x20</size>
         <input_file_ref idref="fl-2d"/>
      </object_component>
      <object_component id="oc-270">
         <name>.const:g_pui32Dii16Regs</name>
         <load_address>0x694c</load_address>
         <run_address>0x694c</run_address>
         <size>0x14</size>
         <input_file_ref idref="fl-2d"/>
      </object_component>
      <object_component id="oc-26d">
         <name>.const:g_pui32EnRegs</name>
         <load_address>0x6960</load_address>
         <run_address>0x6960</run_address>
         <size>0x14</size>
         <input_file_ref idref="fl-2d"/>
      </object_component>
      <object_component id="oc-273">
         <name>.const:g_pui32PendRegs</name>
         <load_address>0x6974</load_address>
         <run_address>0x6974</run_address>
         <size>0x14</size>
         <input_file_ref idref="fl-2d"/>
      </object_component>
      <object_component id="oc-276">
         <name>.const:g_pui32UnpendRegs</name>
         <load_address>0x6988</load_address>
         <run_address>0x6988</run_address>
         <size>0x14</size>
         <input_file_ref idref="fl-2d"/>
      </object_component>
      <object_component id="oc-2e8">
         <name>.const:.string</name>
         <load_address>0x699c</load_address>
         <run_address>0x699c</run_address>
         <size>0x12</size>
         <input_file_ref idref="fl-3b"/>
      </object_component>
      <object_component id="oc-164">
         <name>.const:.string:$P$T0$1</name>
         <load_address>0x69ae</load_address>
         <run_address>0x69ae</run_address>
         <size>0x2</size>
         <input_file_ref idref="fl-14"/>
      </object_component>
      <object_component id="oc-231">
         <name>.const:g_ui32UARTBase</name>
         <load_address>0x69b0</load_address>
         <run_address>0x69b0</run_address>
         <size>0xc</size>
         <input_file_ref idref="fl-3b"/>
      </object_component>
      <object_component id="oc-22b">
         <name>.const:g_ui32UARTPeriph</name>
         <load_address>0x69bc</load_address>
         <run_address>0x69bc</run_address>
         <size>0xc</size>
         <input_file_ref idref="fl-3b"/>
      </object_component>
      <object_component id="oc-1a8">
         <name>.const:g_pui32VCOFrequencies</name>
         <load_address>0x69c8</load_address>
         <run_address>0x69c8</run_address>
         <size>0x8</size>
         <input_file_ref idref="fl-36"/>
      </object_component>
      <object_component id="oc-239">
         <name>.const</name>
         <load_address>0x69d0</load_address>
         <run_address>0x69d0</run_address>
         <size>0x4</size>
         <input_file_ref idref="fl-3b"/>
      </object_component>
      <object_component id="oc-212">
         <name>.const:.string:$P$T0$1</name>
         <load_address>0x69d4</load_address>
         <run_address>0x69d4</run_address>
         <size>0x3</size>
         <input_file_ref idref="fl-13"/>
      </object_component>
      <object_component id="oc-215">
         <name>.const:.string:$P$T1$2</name>
         <load_address>0x69d7</load_address>
         <run_address>0x69d7</run_address>
         <size>0x3</size>
         <input_file_ref idref="fl-13"/>
      </object_component>
      <object_component id="oc-218">
         <name>.const:.string:$P$T2$3</name>
         <load_address>0x69da</load_address>
         <run_address>0x69da</run_address>
         <size>0x3</size>
         <input_file_ref idref="fl-13"/>
      </object_component>
      <object_component id="oc-167">
         <name>.const:.string:$P$T1$2</name>
         <load_address>0x69dd</load_address>
         <run_address>0x69dd</run_address>
         <size>0x2</size>
         <input_file_ref idref="fl-14"/>
      </object_component>
      <object_component id="oc-34e">
         <name>__TI_handler_table</name>
         <load_address>0x69e0</load_address>
         <run_address>0x69e0</run_address>
         <size>0xc</size>
      </object_component>
      <object_component id="oc-352">
         <name>.cinit..bss.load</name>
         <load_address>0x69f0</load_address>
         <run_address>0x69f0</run_address>
         <size>0x8</size>
      </object_component>
      <object_component id="oc-350">
         <name>.cinit..vtable.load</name>
         <load_address>0x69f8</load_address>
         <run_address>0x69f8</run_address>
         <size>0x8</size>
      </object_component>
      <object_component id="oc-351">
         <name>.cinit..data.load</name>
         <load_address>0x6a00</load_address>
         <run_address>0x6a00</run_address>
         <size>0x7</size>
      </object_component>
      <object_component id="oc-34f">
         <name>__TI_cinit_table</name>
         <load_address>0x6a08</load_address>
         <run_address>0x6a08</run_address>
         <size>0x18</size>
      </object_component>
      <object_component id="oc-264">
         <name>.vtable</name>
         <uninitialized>true</uninitialized>
         <run_address>0x20000000</run_address>
         <size>0x26c</size>
         <input_file_ref idref="fl-2d"/>
      </object_component>
      <object_component id="oc-1d7">
         <name>.data</name>
         <load_address>0x20001c60</load_address>
         <run_address>0x20001c60</run_address>
         <size>0x4</size>
         <input_file_ref idref="fl-7"/>
      </object_component>
      <object_component id="oc-22e">
         <name>.data</name>
         <load_address>0x20001c58</load_address>
         <run_address>0x20001c58</run_address>
         <size>0x5</size>
         <input_file_ref idref="fl-3b"/>
      </object_component>
      <object_component id="oc-1cf">
         <name>.bss:threadControlBlocks</name>
         <uninitialized>true</uninitialized>
         <run_address>0x20001a6c</run_address>
         <size>0x108</size>
         <input_file_ref idref="fl-7"/>
      </object_component>
      <object_component id="oc-1da">
         <name>.bss:threadStacks</name>
         <uninitialized>true</uninitialized>
         <run_address>0x2000026c</run_address>
         <size>0x1800</size>
         <input_file_ref idref="fl-7"/>
      </object_component>
      <object_component id="oc-1c7">
         <name>.bss:pthreadControlBlocks</name>
         <uninitialized>true</uninitialized>
         <run_address>0x20001b74</run_address>
         <size>0x48</size>
         <input_file_ref idref="fl-7"/>
      </object_component>
      <object_component id="oc-1c4">
         <name>.bss</name>
         <uninitialized>true</uninitialized>
         <run_address>0x20001bbc</run_address>
         <size>0x8</size>
         <input_file_ref idref="fl-7"/>
      </object_component>
      <object_component id="oc-243">
         <name>.bss:g_pui8OversampleFactor</name>
         <uninitialized>true</uninitialized>
         <run_address>0x20001bc4</run_address>
         <size>0x8</size>
         <input_file_ref idref="fl-1d"/>
      </object_component>
      <object_component id="oc-1d2">
         <name>.common:IBit_State</name>
         <uninitialized>true</uninitialized>
         <run_address>0x20001bd0</run_address>
         <size>0x4</size>
      </object_component>
      <object_component id="oc-1c0">
         <name>.common:SystemTime</name>
         <uninitialized>true</uninitialized>
         <run_address>0x20001bd4</run_address>
         <size>0x4</size>
      </object_component>
      <object_component id="oc-1c3">
         <name>.common:CurrentlyRunningThread</name>
         <uninitialized>true</uninitialized>
         <run_address>0x20001bcc</run_address>
         <size>0x4</size>
      </object_component>
      <object_component id="oc-24">
         <name>.stack</name>
         <uninitialized>true</uninitialized>
         <run_address>0x20001bd8</run_address>
         <size>0x4</size>
         <input_file_ref idref="fl-118"/>
      </object_component>
      <object_component id="oc-354">
         <name>.stack</name>
         <uninitialized>true</uninitialized>
         <run_address>0x20001bd8</run_address>
         <size>0x0</size>
      </object_component>
      <object_component id="oc-b7">
         <name>.debug_info</name>
         <load_address>0x0</load_address>
         <run_address>0x0</run_address>
         <size>0x594</size>
         <input_file_ref idref="fl-2"/>
      </object_component>
      <object_component id="oc-9e">
         <name>.debug_info</name>
         <load_address>0x594</load_address>
         <run_address>0x594</run_address>
         <size>0x2b9</size>
         <input_file_ref idref="fl-2"/>
      </object_component>
      <object_component id="oc-1de">
         <name>.debug_info</name>
         <load_address>0x84d</load_address>
         <run_address>0x84d</run_address>
         <size>0x7e</size>
         <input_file_ref idref="fl-2"/>
      </object_component>
      <object_component id="oc-70">
         <name>.debug_info</name>
         <load_address>0x8cb</load_address>
         <run_address>0x8cb</run_address>
         <size>0x26b</size>
         <input_file_ref idref="fl-2"/>
      </object_component>
      <object_component id="oc-b2">
         <name>.debug_info</name>
         <load_address>0xb36</load_address>
         <run_address>0xb36</run_address>
         <size>0x8b</size>
         <input_file_ref idref="fl-2"/>
      </object_component>
      <object_component id="oc-ad">
         <name>.debug_info</name>
         <load_address>0xbc1</load_address>
         <run_address>0xbc1</run_address>
         <size>0x2a4</size>
         <input_file_ref idref="fl-2"/>
      </object_component>
      <object_component id="oc-1af">
         <name>.debug_info</name>
         <load_address>0xe65</load_address>
         <run_address>0xe65</run_address>
         <size>0xef</size>
         <input_file_ref idref="fl-2"/>
      </object_component>
      <object_component id="oc-75">
         <name>.debug_info</name>
         <load_address>0xf54</load_address>
         <run_address>0xf54</run_address>
         <size>0xbb</size>
         <input_file_ref idref="fl-2"/>
      </object_component>
      <object_component id="oc-141">
         <name>.debug_info</name>
         <load_address>0x100f</load_address>
         <run_address>0x100f</run_address>
         <size>0x2c</size>
         <input_file_ref idref="fl-2"/>
      </object_component>
      <object_component id="oc-146">
         <name>.debug_info</name>
         <load_address>0x103b</load_address>
         <run_address>0x103b</run_address>
         <size>0x1a2</size>
         <input_file_ref idref="fl-2"/>
      </object_component>
      <object_component id="oc-23e">
         <name>.debug_info</name>
         <load_address>0x11dd</load_address>
         <run_address>0x11dd</run_address>
         <size>0x2c</size>
         <input_file_ref idref="fl-2"/>
      </object_component>
      <object_component id="oc-1d3">
         <name>.debug_info</name>
         <load_address>0x1209</load_address>
         <run_address>0x1209</run_address>
         <size>0x5e0</size>
         <input_file_ref idref="fl-3"/>
      </object_component>
      <object_component id="oc-296">
         <name>.debug_info</name>
         <load_address>0x17e9</load_address>
         <run_address>0x17e9</run_address>
         <size>0x35</size>
         <input_file_ref idref="fl-3"/>
      </object_component>
      <object_component id="oc-2f">
         <name>.debug_info</name>
         <load_address>0x181e</load_address>
         <run_address>0x181e</run_address>
         <size>0x2f2</size>
         <input_file_ref idref="fl-4"/>
      </object_component>
      <object_component id="oc-13">
         <name>.debug_info</name>
         <load_address>0x1b10</load_address>
         <run_address>0x1b10</run_address>
         <size>0x131</size>
         <input_file_ref idref="fl-4"/>
      </object_component>
      <object_component id="oc-28">
         <name>.debug_info</name>
         <load_address>0x1c41</load_address>
         <run_address>0x1c41</run_address>
         <size>0x2b8</size>
         <input_file_ref idref="fl-4"/>
      </object_component>
      <object_component id="oc-36">
         <name>.debug_info</name>
         <load_address>0x1ef9</load_address>
         <run_address>0x1ef9</run_address>
         <size>0x84</size>
         <input_file_ref idref="fl-4"/>
      </object_component>
      <object_component id="oc-1cc">
         <name>.debug_info</name>
         <load_address>0x1f7d</load_address>
         <run_address>0x1f7d</run_address>
         <size>0x191</size>
         <input_file_ref idref="fl-5"/>
      </object_component>
      <object_component id="oc-1c1">
         <name>.debug_info</name>
         <load_address>0x210e</load_address>
         <run_address>0x210e</run_address>
         <size>0x5c2</size>
         <input_file_ref idref="fl-7"/>
      </object_component>
      <object_component id="oc-1d0">
         <name>.debug_info</name>
         <load_address>0x26d0</load_address>
         <run_address>0x26d0</run_address>
         <size>0x141</size>
         <input_file_ref idref="fl-7"/>
      </object_component>
      <object_component id="oc-1db">
         <name>.debug_info</name>
         <load_address>0x2811</load_address>
         <run_address>0x2811</run_address>
         <size>0x133</size>
         <input_file_ref idref="fl-7"/>
      </object_component>
      <object_component id="oc-1c8">
         <name>.debug_info</name>
         <load_address>0x2944</load_address>
         <run_address>0x2944</run_address>
         <size>0x143</size>
         <input_file_ref idref="fl-7"/>
      </object_component>
      <object_component id="oc-1c5">
         <name>.debug_info</name>
         <load_address>0x2a87</load_address>
         <run_address>0x2a87</run_address>
         <size>0x169</size>
         <input_file_ref idref="fl-7"/>
      </object_component>
      <object_component id="oc-1d8">
         <name>.debug_info</name>
         <load_address>0x2bf0</load_address>
         <run_address>0x2bf0</run_address>
         <size>0x135</size>
         <input_file_ref idref="fl-7"/>
      </object_component>
      <object_component id="oc-fd">
         <name>.debug_info</name>
         <load_address>0x2d25</load_address>
         <run_address>0x2d25</run_address>
         <size>0xe91</size>
         <input_file_ref idref="fl-7"/>
      </object_component>
      <object_component id="oc-1be">
         <name>.debug_info</name>
         <load_address>0x3bb6</load_address>
         <run_address>0x3bb6</run_address>
         <size>0x18d</size>
         <input_file_ref idref="fl-8"/>
      </object_component>
      <object_component id="oc-1d5">
         <name>.debug_info</name>
         <load_address>0x3d43</load_address>
         <run_address>0x3d43</run_address>
         <size>0x3b3</size>
         <input_file_ref idref="fl-9"/>
      </object_component>
      <object_component id="oc-21c">
         <name>.debug_info</name>
         <load_address>0x40f6</load_address>
         <run_address>0x40f6</run_address>
         <size>0x3b3</size>
         <input_file_ref idref="fl-13"/>
      </object_component>
      <object_component id="oc-213">
         <name>.debug_info</name>
         <load_address>0x44a9</load_address>
         <run_address>0x44a9</run_address>
         <size>0x132</size>
         <input_file_ref idref="fl-13"/>
      </object_component>
      <object_component id="oc-216">
         <name>.debug_info</name>
         <load_address>0x45db</load_address>
         <run_address>0x45db</run_address>
         <size>0x132</size>
         <input_file_ref idref="fl-13"/>
      </object_component>
      <object_component id="oc-219">
         <name>.debug_info</name>
         <load_address>0x470d</load_address>
         <run_address>0x470d</run_address>
         <size>0x132</size>
         <input_file_ref idref="fl-13"/>
      </object_component>
      <object_component id="oc-15f">
         <name>.debug_info</name>
         <load_address>0x483f</load_address>
         <run_address>0x483f</run_address>
         <size>0x709</size>
         <input_file_ref idref="fl-13"/>
      </object_component>
      <object_component id="oc-16b">
         <name>.debug_info</name>
         <load_address>0x4f48</load_address>
         <run_address>0x4f48</run_address>
         <size>0x517</size>
         <input_file_ref idref="fl-14"/>
      </object_component>
      <object_component id="oc-165">
         <name>.debug_info</name>
         <load_address>0x545f</load_address>
         <run_address>0x545f</run_address>
         <size>0x133</size>
         <input_file_ref idref="fl-14"/>
      </object_component>
      <object_component id="oc-168">
         <name>.debug_info</name>
         <load_address>0x5592</load_address>
         <run_address>0x5592</run_address>
         <size>0x133</size>
         <input_file_ref idref="fl-14"/>
      </object_component>
      <object_component id="oc-d3">
         <name>.debug_info</name>
         <load_address>0x56c5</load_address>
         <run_address>0x56c5</run_address>
         <size>0x794</size>
         <input_file_ref idref="fl-14"/>
      </object_component>
      <object_component id="oc-cc">
         <name>.debug_info</name>
         <load_address>0x5e59</load_address>
         <run_address>0x5e59</run_address>
         <size>0x182c</size>
         <input_file_ref idref="fl-15"/>
      </object_component>
      <object_component id="oc-eb">
         <name>.debug_info</name>
         <load_address>0x7685</load_address>
         <run_address>0x7685</run_address>
         <size>0x2ef</size>
         <input_file_ref idref="fl-16"/>
      </object_component>
      <object_component id="oc-e2">
         <name>.debug_info</name>
         <load_address>0x7974</load_address>
         <run_address>0x7974</run_address>
         <size>0x709</size>
         <input_file_ref idref="fl-17"/>
      </object_component>
      <object_component id="oc-211">
         <name>.debug_info</name>
         <load_address>0x807d</load_address>
         <run_address>0x807d</run_address>
         <size>0x553</size>
         <input_file_ref idref="fl-18"/>
      </object_component>
      <object_component id="oc-15c">
         <name>.debug_info</name>
         <load_address>0x85d0</load_address>
         <run_address>0x85d0</run_address>
         <size>0xa55</size>
         <input_file_ref idref="fl-18"/>
      </object_component>
      <object_component id="oc-195">
         <name>.debug_info</name>
         <load_address>0x9025</load_address>
         <run_address>0x9025</run_address>
         <size>0x61f</size>
         <input_file_ref idref="fl-19"/>
      </object_component>
      <object_component id="oc-ee">
         <name>.debug_info</name>
         <load_address>0x9644</load_address>
         <run_address>0x9644</run_address>
         <size>0x6b2</size>
         <input_file_ref idref="fl-19"/>
      </object_component>
      <object_component id="oc-dc">
         <name>.debug_info</name>
         <load_address>0x9cf6</load_address>
         <run_address>0x9cf6</run_address>
         <size>0x33e</size>
         <input_file_ref idref="fl-1a"/>
      </object_component>
      <object_component id="oc-20f">
         <name>.debug_info</name>
         <load_address>0xa034</load_address>
         <run_address>0xa034</run_address>
         <size>0x4db</size>
         <input_file_ref idref="fl-1b"/>
      </object_component>
      <object_component id="oc-152">
         <name>.debug_info</name>
         <load_address>0xa50f</load_address>
         <run_address>0xa50f</run_address>
         <size>0x72f</size>
         <input_file_ref idref="fl-1b"/>
      </object_component>
      <object_component id="oc-d6">
         <name>.debug_info</name>
         <load_address>0xac3e</load_address>
         <run_address>0xac3e</run_address>
         <size>0x25b</size>
         <input_file_ref idref="fl-1c"/>
      </object_component>
      <object_component id="oc-247">
         <name>.debug_info</name>
         <load_address>0xae99</load_address>
         <run_address>0xae99</run_address>
         <size>0x378</size>
         <input_file_ref idref="fl-1d"/>
      </object_component>
      <object_component id="oc-244">
         <name>.debug_info</name>
         <load_address>0xb211</load_address>
         <run_address>0xb211</run_address>
         <size>0x139</size>
         <input_file_ref idref="fl-1d"/>
      </object_component>
      <object_component id="oc-17a">
         <name>.debug_info</name>
         <load_address>0xb34a</load_address>
         <run_address>0xb34a</run_address>
         <size>0x2b8d</size>
         <input_file_ref idref="fl-1d"/>
      </object_component>
      <object_component id="oc-1a0">
         <name>.debug_info</name>
         <load_address>0xded7</load_address>
         <run_address>0xded7</run_address>
         <size>0x37e</size>
         <input_file_ref idref="fl-21"/>
      </object_component>
      <object_component id="oc-20d">
         <name>.debug_info</name>
         <load_address>0xe255</load_address>
         <run_address>0xe255</run_address>
         <size>0x3a2</size>
         <input_file_ref idref="fl-2a"/>
      </object_component>
      <object_component id="oc-204">
         <name>.debug_info</name>
         <load_address>0xe5f7</load_address>
         <run_address>0xe5f7</run_address>
         <size>0x142</size>
         <input_file_ref idref="fl-2a"/>
      </object_component>
      <object_component id="oc-207">
         <name>.debug_info</name>
         <load_address>0xe739</load_address>
         <run_address>0xe739</run_address>
         <size>0x144</size>
         <input_file_ref idref="fl-2a"/>
      </object_component>
      <object_component id="oc-20a">
         <name>.debug_info</name>
         <load_address>0xe87d</load_address>
         <run_address>0xe87d</run_address>
         <size>0x136</size>
         <input_file_ref idref="fl-2a"/>
      </object_component>
      <object_component id="oc-14c">
         <name>.debug_info</name>
         <load_address>0xe9b3</load_address>
         <run_address>0xe9b3</run_address>
         <size>0x322b</size>
         <input_file_ref idref="fl-2a"/>
      </object_component>
      <object_component id="oc-257">
         <name>.debug_info</name>
         <load_address>0x11bde</load_address>
         <run_address>0x11bde</run_address>
         <size>0x393</size>
         <input_file_ref idref="fl-2c"/>
      </object_component>
      <object_component id="oc-251">
         <name>.debug_info</name>
         <load_address>0x11f71</load_address>
         <run_address>0x11f71</run_address>
         <size>0x12f</size>
         <input_file_ref idref="fl-2c"/>
      </object_component>
      <object_component id="oc-254">
         <name>.debug_info</name>
         <load_address>0x120a0</load_address>
         <run_address>0x120a0</run_address>
         <size>0x141</size>
         <input_file_ref idref="fl-2c"/>
      </object_component>
      <object_component id="oc-189">
         <name>.debug_info</name>
         <load_address>0x121e1</load_address>
         <run_address>0x121e1</run_address>
         <size>0x2b9b</size>
         <input_file_ref idref="fl-2c"/>
      </object_component>
      <object_component id="oc-27a">
         <name>.debug_info</name>
         <load_address>0x14d7c</load_address>
         <run_address>0x14d7c</run_address>
         <size>0x37f</size>
         <input_file_ref idref="fl-2d"/>
      </object_component>
      <object_component id="oc-268">
         <name>.debug_info</name>
         <load_address>0x150fb</load_address>
         <run_address>0x150fb</run_address>
         <size>0x131</size>
         <input_file_ref idref="fl-2d"/>
      </object_component>
      <object_component id="oc-26b">
         <name>.debug_info</name>
         <load_address>0x1522c</load_address>
         <run_address>0x1522c</run_address>
         <size>0x129</size>
         <input_file_ref idref="fl-2d"/>
      </object_component>
      <object_component id="oc-26e">
         <name>.debug_info</name>
         <load_address>0x15355</load_address>
         <run_address>0x15355</run_address>
         <size>0x12d</size>
         <input_file_ref idref="fl-2d"/>
      </object_component>
      <object_component id="oc-271">
         <name>.debug_info</name>
         <load_address>0x15482</load_address>
         <run_address>0x15482</run_address>
         <size>0x133</size>
         <input_file_ref idref="fl-2d"/>
      </object_component>
      <object_component id="oc-274">
         <name>.debug_info</name>
         <load_address>0x155b5</load_address>
         <run_address>0x155b5</run_address>
         <size>0x131</size>
         <input_file_ref idref="fl-2d"/>
      </object_component>
      <object_component id="oc-277">
         <name>.debug_info</name>
         <load_address>0x156e6</load_address>
         <run_address>0x156e6</run_address>
         <size>0x135</size>
         <input_file_ref idref="fl-2d"/>
      </object_component>
      <object_component id="oc-265">
         <name>.debug_info</name>
         <load_address>0x1581b</load_address>
         <run_address>0x1581b</run_address>
         <size>0x132</size>
         <input_file_ref idref="fl-2d"/>
      </object_component>
      <object_component id="oc-19d">
         <name>.debug_info</name>
         <load_address>0x1594d</load_address>
         <run_address>0x1594d</run_address>
         <size>0xd32</size>
         <input_file_ref idref="fl-2d"/>
      </object_component>
      <object_component id="oc-25f">
         <name>.debug_info</name>
         <load_address>0x1667f</load_address>
         <run_address>0x1667f</run_address>
         <size>0x383</size>
         <input_file_ref idref="fl-34"/>
      </object_component>
      <object_component id="oc-259">
         <name>.debug_info</name>
         <load_address>0x16a02</load_address>
         <run_address>0x16a02</run_address>
         <size>0x12f</size>
         <input_file_ref idref="fl-34"/>
      </object_component>
      <object_component id="oc-25c">
         <name>.debug_info</name>
         <load_address>0x16b31</load_address>
         <run_address>0x16b31</run_address>
         <size>0x141</size>
         <input_file_ref idref="fl-34"/>
      </object_component>
      <object_component id="oc-18d">
         <name>.debug_info</name>
         <load_address>0x16c72</load_address>
         <run_address>0x16c72</run_address>
         <size>0x16aa</size>
         <input_file_ref idref="fl-34"/>
      </object_component>
      <object_component id="oc-1b4">
         <name>.debug_info</name>
         <load_address>0x1831c</load_address>
         <run_address>0x1831c</run_address>
         <size>0x404</size>
         <input_file_ref idref="fl-36"/>
      </object_component>
      <object_component id="oc-1a6">
         <name>.debug_info</name>
         <load_address>0x18720</load_address>
         <run_address>0x18720</run_address>
         <size>0x128</size>
         <input_file_ref idref="fl-36"/>
      </object_component>
      <object_component id="oc-1ac">
         <name>.debug_info</name>
         <load_address>0x18848</load_address>
         <run_address>0x18848</run_address>
         <size>0x134</size>
         <input_file_ref idref="fl-36"/>
      </object_component>
      <object_component id="oc-197">
         <name>.debug_info</name>
         <load_address>0x1897c</load_address>
         <run_address>0x1897c</run_address>
         <size>0x12e</size>
         <input_file_ref idref="fl-36"/>
      </object_component>
      <object_component id="oc-1a9">
         <name>.debug_info</name>
         <load_address>0x18aaa</load_address>
         <run_address>0x18aaa</run_address>
         <size>0x13b</size>
         <input_file_ref idref="fl-36"/>
      </object_component>
      <object_component id="oc-f7">
         <name>.debug_info</name>
         <load_address>0x18be5</load_address>
         <run_address>0x18be5</run_address>
         <size>0x2b78</size>
         <input_file_ref idref="fl-36"/>
      </object_component>
      <object_component id="oc-284">
         <name>.debug_info</name>
         <load_address>0x1b75d</load_address>
         <run_address>0x1b75d</run_address>
         <size>0x51</size>
         <input_file_ref idref="fl-36"/>
      </object_component>
      <object_component id="oc-289">
         <name>.debug_info</name>
         <load_address>0x1b7ae</load_address>
         <run_address>0x1b7ae</run_address>
         <size>0x30e</size>
         <input_file_ref idref="fl-38"/>
      </object_component>
      <object_component id="oc-1b7">
         <name>.debug_info</name>
         <load_address>0x1babc</load_address>
         <run_address>0x1babc</run_address>
         <size>0x587</size>
         <input_file_ref idref="fl-38"/>
      </object_component>
      <object_component id="oc-24f">
         <name>.debug_info</name>
         <load_address>0x1c043</load_address>
         <run_address>0x1c043</run_address>
         <size>0x38f</size>
         <input_file_ref idref="fl-39"/>
      </object_component>
      <object_component id="oc-249">
         <name>.debug_info</name>
         <load_address>0x1c3d2</load_address>
         <run_address>0x1c3d2</run_address>
         <size>0x135</size>
         <input_file_ref idref="fl-39"/>
      </object_component>
      <object_component id="oc-24c">
         <name>.debug_info</name>
         <load_address>0x1c507</load_address>
         <run_address>0x1c507</run_address>
         <size>0x147</size>
         <input_file_ref idref="fl-39"/>
      </object_component>
      <object_component id="oc-180">
         <name>.debug_info</name>
         <load_address>0x1c64e</load_address>
         <run_address>0x1c64e</run_address>
         <size>0x24cb</size>
         <input_file_ref idref="fl-39"/>
      </object_component>
      <object_component id="oc-22a">
         <name>.debug_info</name>
         <load_address>0x1eb19</load_address>
         <run_address>0x1eb19</run_address>
         <size>0x384</size>
         <input_file_ref idref="fl-3a"/>
      </object_component>
      <object_component id="oc-224">
         <name>.debug_info</name>
         <load_address>0x1ee9d</load_address>
         <run_address>0x1ee9d</run_address>
         <size>0x132</size>
         <input_file_ref idref="fl-3a"/>
      </object_component>
      <object_component id="oc-227">
         <name>.debug_info</name>
         <load_address>0x1efcf</load_address>
         <run_address>0x1efcf</run_address>
         <size>0x144</size>
         <input_file_ref idref="fl-3a"/>
      </object_component>
      <object_component id="oc-16d">
         <name>.debug_info</name>
         <load_address>0x1f113</load_address>
         <run_address>0x1f113</run_address>
         <size>0x2744</size>
         <input_file_ref idref="fl-3a"/>
      </object_component>
      <object_component id="oc-23d">
         <name>.debug_info</name>
         <load_address>0x21857</load_address>
         <run_address>0x21857</run_address>
         <size>0x430</size>
         <input_file_ref idref="fl-3b"/>
      </object_component>
      <object_component id="oc-22f">
         <name>.debug_info</name>
         <load_address>0x21c87</load_address>
         <run_address>0x21c87</run_address>
         <size>0x127</size>
         <input_file_ref idref="fl-3b"/>
      </object_component>
      <object_component id="oc-23a">
         <name>.debug_info</name>
         <load_address>0x21dae</load_address>
         <run_address>0x21dae</run_address>
         <size>0x121</size>
         <input_file_ref idref="fl-3b"/>
      </object_component>
      <object_component id="oc-232">
         <name>.debug_info</name>
         <load_address>0x21ecf</load_address>
         <run_address>0x21ecf</run_address>
         <size>0x12f</size>
         <input_file_ref idref="fl-3b"/>
      </object_component>
      <object_component id="oc-22c">
         <name>.debug_info</name>
         <load_address>0x21ffe</load_address>
         <run_address>0x21ffe</run_address>
         <size>0x133</size>
         <input_file_ref idref="fl-3b"/>
      </object_component>
      <object_component id="oc-174">
         <name>.debug_info</name>
         <load_address>0x22131</load_address>
         <run_address>0x22131</run_address>
         <size>0x848</size>
         <input_file_ref idref="fl-3b"/>
      </object_component>
      <object_component id="oc-91">
         <name>.debug_info</name>
         <load_address>0x22979</load_address>
         <run_address>0x22979</run_address>
         <size>0x147</size>
         <input_file_ref idref="fl-111"/>
      </object_component>
      <object_component id="oc-236">
         <name>.debug_info</name>
         <load_address>0x22ac0</load_address>
         <run_address>0x22ac0</run_address>
         <size>0x142</size>
         <input_file_ref idref="fl-112"/>
      </object_component>
      <object_component id="oc-8e">
         <name>.debug_info</name>
         <load_address>0x22c02</load_address>
         <run_address>0x22c02</run_address>
         <size>0x2d4</size>
         <input_file_ref idref="fl-113"/>
      </object_component>
      <object_component id="oc-51">
         <name>.debug_info</name>
         <load_address>0x22ed6</load_address>
         <run_address>0x22ed6</run_address>
         <size>0x1b5</size>
         <input_file_ref idref="fl-113"/>
      </object_component>
      <object_component id="oc-89">
         <name>.debug_info</name>
         <load_address>0x2308b</load_address>
         <run_address>0x2308b</run_address>
         <size>0x46</size>
         <input_file_ref idref="fl-113"/>
      </object_component>
      <object_component id="oc-c0">
         <name>.debug_info</name>
         <load_address>0x230d1</load_address>
         <run_address>0x230d1</run_address>
         <size>0x2c</size>
         <input_file_ref idref="fl-113"/>
      </object_component>
      <object_component id="oc-46">
         <name>.debug_info</name>
         <load_address>0x230fd</load_address>
         <run_address>0x230fd</run_address>
         <size>0x2a8</size>
         <input_file_ref idref="fl-114"/>
      </object_component>
      <object_component id="oc-1c">
         <name>.debug_info</name>
         <load_address>0x233a5</load_address>
         <run_address>0x233a5</run_address>
         <size>0x1ea</size>
         <input_file_ref idref="fl-114"/>
      </object_component>
      <object_component id="oc-41">
         <name>.debug_info</name>
         <load_address>0x2358f</load_address>
         <run_address>0x2358f</run_address>
         <size>0x46</size>
         <input_file_ref idref="fl-114"/>
      </object_component>
      <object_component id="oc-81">
         <name>.debug_info</name>
         <load_address>0x235d5</load_address>
         <run_address>0x235d5</run_address>
         <size>0x2c</size>
         <input_file_ref idref="fl-114"/>
      </object_component>
      <object_component id="oc-7f">
         <name>.debug_info</name>
         <load_address>0x23601</load_address>
         <run_address>0x23601</run_address>
         <size>0x29e</size>
         <input_file_ref idref="fl-115"/>
      </object_component>
      <object_component id="oc-17">
         <name>.debug_info</name>
         <load_address>0x2389f</load_address>
         <run_address>0x2389f</run_address>
         <size>0x250</size>
         <input_file_ref idref="fl-115"/>
      </object_component>
      <object_component id="oc-31">
         <name>.debug_info</name>
         <load_address>0x23aef</load_address>
         <run_address>0x23aef</run_address>
         <size>0x60</size>
         <input_file_ref idref="fl-115"/>
      </object_component>
      <object_component id="oc-b9">
         <name>.debug_info</name>
         <load_address>0x23b4f</load_address>
         <run_address>0x23b4f</run_address>
         <size>0x46</size>
         <input_file_ref idref="fl-115"/>
      </object_component>
      <object_component id="oc-7a">
         <name>.debug_info</name>
         <load_address>0x23b95</load_address>
         <run_address>0x23b95</run_address>
         <size>0x39</size>
         <input_file_ref idref="fl-115"/>
      </object_component>
      <object_component id="oc-25">
         <name>.debug_info</name>
         <load_address>0x23bce</load_address>
         <run_address>0x23bce</run_address>
         <size>0x10b</size>
         <input_file_ref idref="fl-118"/>
      </object_component>
      <object_component id="oc-5a">
         <name>.debug_info</name>
         <load_address>0x23cd9</load_address>
         <run_address>0x23cd9</run_address>
         <size>0x1a9</size>
         <input_file_ref idref="fl-118"/>
      </object_component>
      <object_component id="oc-2e5">
         <name>.debug_info</name>
         <load_address>0x23e82</load_address>
         <run_address>0x23e82</run_address>
         <size>0x115</size>
         <input_file_ref idref="fl-11f"/>
      </object_component>
      <object_component id="oc-3c">
         <name>.debug_info</name>
         <load_address>0x23f97</load_address>
         <run_address>0x23f97</run_address>
         <size>0x119</size>
         <input_file_ref idref="fl-120"/>
      </object_component>
      <object_component id="oc-1ee">
         <name>.debug_info</name>
         <load_address>0x240b0</load_address>
         <run_address>0x240b0</run_address>
         <size>0x4b3</size>
         <input_file_ref idref="fl-121"/>
      </object_component>
      <object_component id="oc-10f">
         <name>.debug_info</name>
         <load_address>0x24563</load_address>
         <run_address>0x24563</run_address>
         <size>0x1a6</size>
         <input_file_ref idref="fl-121"/>
      </object_component>
      <object_component id="oc-2b1">
         <name>.debug_info</name>
         <load_address>0x24709</load_address>
         <run_address>0x24709</run_address>
         <size>0x39</size>
         <input_file_ref idref="fl-121"/>
      </object_component>
      <object_component id="oc-318">
         <name>.debug_info</name>
         <load_address>0x24742</load_address>
         <run_address>0x24742</run_address>
         <size>0x39</size>
         <input_file_ref idref="fl-121"/>
      </object_component>
      <object_component id="oc-2b6">
         <name>.debug_info</name>
         <load_address>0x2477b</load_address>
         <run_address>0x2477b</run_address>
         <size>0x39</size>
         <input_file_ref idref="fl-121"/>
      </object_component>
      <object_component id="oc-2bb">
         <name>.debug_info</name>
         <load_address>0x247b4</load_address>
         <run_address>0x247b4</run_address>
         <size>0xcd</size>
         <input_file_ref idref="fl-121"/>
      </object_component>
      <object_component id="oc-99">
         <name>.debug_info</name>
         <load_address>0x24881</load_address>
         <run_address>0x24881</run_address>
         <size>0x153</size>
         <input_file_ref idref="fl-122"/>
      </object_component>
      <object_component id="oc-102">
         <name>.debug_info</name>
         <load_address>0x249d4</load_address>
         <run_address>0x249d4</run_address>
         <size>0x122</size>
         <input_file_ref idref="fl-124"/>
      </object_component>
      <object_component id="oc-355">
         <name>.debug_info</name>
         <load_address>0x24af6</load_address>
         <run_address>0x24af6</run_address>
         <size>0xe4</size>
      </object_component>
      <object_component id="oc-140">
         <name>.debug_line</name>
         <load_address>0x0</load_address>
         <run_address>0x0</run_address>
         <size>0x221</size>
         <input_file_ref idref="fl-2"/>
      </object_component>
      <object_component id="oc-9d">
         <name>.debug_line</name>
         <load_address>0x221</load_address>
         <run_address>0x221</run_address>
         <size>0x8a</size>
         <input_file_ref idref="fl-2"/>
      </object_component>
      <object_component id="oc-1e1">
         <name>.debug_line</name>
         <load_address>0x2ab</load_address>
         <run_address>0x2ab</run_address>
         <size>0x40</size>
         <input_file_ref idref="fl-2"/>
      </object_component>
      <object_component id="oc-73">
         <name>.debug_line</name>
         <load_address>0x2eb</load_address>
         <run_address>0x2eb</run_address>
         <size>0x6f</size>
         <input_file_ref idref="fl-2"/>
      </object_component>
      <object_component id="oc-b5">
         <name>.debug_line</name>
         <load_address>0x35a</load_address>
         <run_address>0x35a</run_address>
         <size>0x20</size>
         <input_file_ref idref="fl-2"/>
      </object_component>
      <object_component id="oc-b0">
         <name>.debug_line</name>
         <load_address>0x37a</load_address>
         <run_address>0x37a</run_address>
         <size>0x73</size>
         <input_file_ref idref="fl-2"/>
      </object_component>
      <object_component id="oc-1b2">
         <name>.debug_line</name>
         <load_address>0x3ed</load_address>
         <run_address>0x3ed</run_address>
         <size>0x6f</size>
         <input_file_ref idref="fl-2"/>
      </object_component>
      <object_component id="oc-78">
         <name>.debug_line</name>
         <load_address>0x45c</load_address>
         <run_address>0x45c</run_address>
         <size>0x70</size>
         <input_file_ref idref="fl-2"/>
      </object_component>
      <object_component id="oc-144">
         <name>.debug_line</name>
         <load_address>0x4cc</load_address>
         <run_address>0x4cc</run_address>
         <size>0x41</size>
         <input_file_ref idref="fl-2"/>
      </object_component>
      <object_component id="oc-149">
         <name>.debug_line</name>
         <load_address>0x50d</load_address>
         <run_address>0x50d</run_address>
         <size>0x41</size>
         <input_file_ref idref="fl-2"/>
      </object_component>
      <object_component id="oc-241">
         <name>.debug_line</name>
         <load_address>0x54e</load_address>
         <run_address>0x54e</run_address>
         <size>0x6b</size>
         <input_file_ref idref="fl-2"/>
      </object_component>
      <object_component id="oc-295">
         <name>.debug_line</name>
         <load_address>0x5b9</load_address>
         <run_address>0x5b9</run_address>
         <size>0x120</size>
         <input_file_ref idref="fl-3"/>
      </object_component>
      <object_component id="oc-299">
         <name>.debug_line</name>
[...]
         <object_component_ref idref="oc-1b5"/>
      </symbol>
      <symbol id="sm-7cd">
         <name>SysTickPeriodGet</name>
         <value>0x5ebb</value>
         <object_component_ref idref="oc-1b5"/>
      </symbol>
      <symbol id="sm-7ce">
         <name>SysTickIntRegister</name>
         <value>0x5e65</value>
         <object_component_ref idref="oc-1b5"/>
      </symbol>
      <symbol id="sm-7cf">
         <name>SysTickIntEnable</name>
         <value>0x5e91</value>
         <object_component_ref idref="oc-1b5"/>
      </symbol>
      <symbol id="sm-7d0">
         <name>SysTickValueGet</name>
         <value>0x5ec3</value>
         <object_component_ref idref="oc-1b5"/>
      </symbol>
      <symbol id="sm-7d1">
         <name>SysTickIntUnregister</name>
         <value>0x5e7d</value>
         <object_component_ref idref="oc-1b5"/>
      </symbol>
      <symbol id="sm-7d2">
         <name>SysTickPeriodSet</name>
         <value>0x5ea9</value>
         <object_component_ref idref="oc-1b5"/>
      </symbol>
      <symbol id="sm-7d3">
         <name>SysTickDisable</name>
         <value>0x5e59</value>
         <object_component_ref idref="oc-1b5"/>
      </symbol>
      <symbol id="sm-84b">
         <name>TimerMatchSet</name>
         <value>0x3fc9</value>
         <object_component_ref idref="oc-17f"/>
      </symbol>
      <symbol id="sm-84c">
         <name>TimerLoadSet</name>
         <value>0x3ee9</value>
         <object_component_ref idref="oc-17f"/>
      </symbol>
      <symbol id="sm-84d">
         <name>TimerDMAEventSet</name>
         <value>0x4133</value>
         <object_component_ref idref="oc-17f"/>
      </symbol>
      <symbol id="sm-84e">
         <name>TimerADCEventSet</name>
         <value>0x4113</value>
         <object_component_ref idref="oc-17f"/>
      </symbol>
      <symbol id="sm-84f">
         <name>TimerPrescaleMatchGet</name>
         <value>0x3ecd</value>
         <object_component_ref idref="oc-17f"/>
      </symbol>
      <symbol id="sm-850">
         <name>TimerPrescaleGet</name>
         <value>0x3e83</value>
         <object_component_ref idref="oc-17f"/>
      </symbol>
      <symbol id="sm-851">
         <name>TimerControlLevel</name>
         <value>0x3c8f</value>
         <object_component_ref idref="oc-17f"/>
      </symbol>
      <symbol id="sm-852">
         <name>TimerDisable</name>
         <value>0x3bf5</value>
         <object_component_ref idref="oc-17f"/>
      </symbol>
      <symbol id="sm-853">
         <name>TimerUpdateMode</name>
         <value>0x4153</value>
         <object_component_ref idref="oc-17f"/>
      </symbol>
      <symbol id="sm-854">
         <name>TimerIntRegister</name>
         <value>0x405b</value>
         <object_component_ref idref="oc-17f"/>
      </symbol>
      <symbol id="sm-855">
         <name>TimerMatchSet64</name>
         <value>0x400f</value>
         <object_component_ref idref="oc-17f"/>
      </symbol>
      <symbol id="sm-856">
         <name>TimerEnable</name>
         <value>0x3bd7</value>
         <object_component_ref idref="oc-17f"/>
      </symbol>
      <symbol id="sm-857">
         <name>TimerLoadGet64</name>
         <value>0x3f49</value>
         <object_component_ref idref="oc-17f"/>
      </symbol>
      <symbol id="sm-858">
         <name>TimerIntUnregister</name>
         <value>0x4083</value>
         <object_component_ref idref="oc-17f"/>
      </symbol>
      <symbol id="sm-859">
         <name>TimerValueGet64</name>
         <value>0x3f97</value>
         <object_component_ref idref="oc-17f"/>
      </symbol>
      <symbol id="sm-85a">
         <name>TimerMatchGet</name>
         <value>0x3ff3</value>
         <object_component_ref idref="oc-17f"/>
      </symbol>
      <symbol id="sm-85b">
         <name>TimerIntStatus</name>
         <value>0x40d1</value>
         <object_component_ref idref="oc-17f"/>
      </symbol>
      <symbol id="sm-85c">
         <name>TimerClockSourceGet</name>
         <value>0x3e49</value>
         <object_component_ref idref="oc-17f"/>
      </symbol>
      <symbol id="sm-85d">
         <name>TimerIntDisable</name>
         <value>0x40b9</value>
         <object_component_ref idref="oc-17f"/>
      </symbol>
      <symbol id="sm-85e">
         <name>TimerValueGet</name>
         <value>0x3f7b</value>
         <object_component_ref idref="oc-17f"/>
      </symbol>
      <symbol id="sm-85f">
         <name>TimerControlTrigger</name>
         <value>0x3cc5</value>
         <object_component_ref idref="oc-17f"/>
      </symbol>
      <symbol id="sm-860">
         <name>TimerPrescaleSet</name>
         <value>0x3e59</value>
         <object_component_ref idref="oc-17f"/>
      </symbol>
      <symbol id="sm-861">
         <name>TimerControlStall</name>
         <value>0x3d5d</value>
         <object_component_ref idref="oc-17f"/>
      </symbol>
      <symbol id="sm-862">
         <name>TimerMatchGet64</name>
         <value>0x4029</value>
         <object_component_ref idref="oc-17f"/>
      </symbol>
      <symbol id="sm-863">
         <name>TimerRTCEnable</name>
         <value>0x3df3</value>
         <object_component_ref idref="oc-17f"/>
      </symbol>
      <symbol id="sm-864">
         <name>TimerLoadGet</name>
         <value>0x3f13</value>
         <object_component_ref idref="oc-17f"/>
      </symbol>
      <symbol id="sm-865">
         <name>TimerIntEnable</name>
         <value>0x40a1</value>
         <object_component_ref idref="oc-17f"/>
      </symbol>
      <symbol id="sm-866">
         <name>TimerClockSourceSet</name>
         <value>0x3e1f</value>
         <object_component_ref idref="oc-17f"/>
      </symbol>
      <symbol id="sm-867">
         <name>TimerLoadSet64</name>
         <value>0x3f2f</value>
         <object_component_ref idref="oc-17f"/>
      </symbol>
      <symbol id="sm-868">
         <name>TimerDMAEventGet</name>
         <value>0x4145</value>
         <object_component_ref idref="oc-17f"/>
      </symbol>
      <symbol id="sm-869">
         <name>TimerRTCDisable</name>
         <value>0x3e09</value>
         <object_component_ref idref="oc-17f"/>
      </symbol>
      <symbol id="sm-86a">
         <name>TimerADCEventGet</name>
         <value>0x4125</value>
         <object_component_ref idref="oc-17f"/>
      </symbol>
      <symbol id="sm-86b">
         <name>TimerPrescaleMatchSet</name>
         <value>0x3e9f</value>
         <object_component_ref idref="oc-17f"/>
      </symbol>
      <symbol id="sm-86c">
         <name>TimerControlWaitOnTrigger</name>
         <value>0x3d93</value>
         <object_component_ref idref="oc-17f"/>
      </symbol>
      <symbol id="sm-86d">
         <name>TimerConfigure</name>
         <value>0x3c13</value>
         <object_component_ref idref="oc-17f"/>
      </symbol>
      <symbol id="sm-86e">
         <name>TimerControlEvent</name>
         <value>0x3d33</value>
         <object_component_ref idref="oc-17f"/>
      </symbol>
      <symbol id="sm-86f">
         <name>TimerIntClear</name>
         <value>0x40ef</value>
         <object_component_ref idref="oc-17f"/>
      </symbol>
      <symbol id="sm-870">
         <name>TimerSynchronize</name>
         <value>0x4101</value>
         <object_component_ref idref="oc-17f"/>
      </symbol>
      <symbol id="sm-8e3">
         <name>UARTClockSourceGet</name>
         <value>0x4717</value>
         <object_component_ref idref="oc-16c"/>
      </symbol>
      <symbol id="sm-8e4">
         <name>UARTCharPutNonBlocking</name>
         <value>0x4589</value>
         <object_component_ref idref="oc-16c"/>
      </symbol>
      <symbol id="sm-8e5">
         <name>UARTDMAEnable</name>
         <value>0x46b1</value>
         <object_component_ref idref="oc-16c"/>
      </symbol>
      <symbol id="sm-8e6">
         <name>UARTTxIntModeSet</name>
         <value>0x44ed</value>
         <object_component_ref idref="oc-16c"/>
      </symbol>
      <symbol id="sm-8e7">
         <name>UARTFIFODisable</name>
         <value>0x439b</value>
         <object_component_ref idref="oc-16c"/>
      </symbol>
      <symbol id="sm-8e8">
         <name>UARTIntUnregister</name>
         <value>0x4631</value>
         <object_component_ref idref="oc-16c"/>
      </symbol>
      <symbol id="sm-8e9">
         <name>UARTRxErrorClear</name>
         <value>0x46f3</value>
         <object_component_ref idref="oc-16c"/>
      </symbol>
      <symbol id="sm-8ea">
         <name>UARTModemControlSet</name>
         <value>0x443d</value>
         <object_component_ref idref="oc-16c"/>
      </symbol>
      <symbol id="sm-8eb">
         <name>UARTFlowControlSet</name>
         <value>0x44bf</value>
         <object_component_ref idref="oc-16c"/>
      </symbol>
      <symbol id="sm-8ec">
         <name>UARTConfigSetExpClk</name>
         <value>0x4275</value>
         <object_component_ref idref="oc-16c"/>
      </symbol>
      <symbol id="sm-8ed">
         <name>UARTSmartCardDisable</name>
         <value>0x4427</value>
         <object_component_ref idref="oc-16c"/>
      </symbol>
      <symbol id="sm-8ee">
         <name>UARTDisable</name>
         <value>0x435b</value>
         <object_component_ref idref="oc-16c"/>
      </symbol>
      <symbol id="sm-8ef">
         <name>UART9BitDisable</name>
         <value>0x473d</value>
         <object_component_ref idref="oc-16c"/>
      </symbol>
      <symbol id="sm-8f0">
         <name>UARTFIFOLevelGet</name>
         <value>0x424d</value>
         <object_component_ref idref="oc-16c"/>
      </symbol>
      <symbol id="sm-8f1">
         <name>UARTBusy</name>
         <value>0x45f5</value>
         <object_component_ref idref="oc-16c"/>
      </symbol>
      <symbol id="sm-8f2">
         <name>UARTDisableSIR</name>
         <value>0x43df</value>
         <object_component_ref idref="oc-16c"/>
      </symbol>
      <symbol id="sm-8f3">
         <name>UARTLoopbackEnable</name>
         <value>0x47c1</value>
         <object_component_ref idref="oc-16c"/>
      </symbol>
      <symbol id="sm-8f4">
         <name>UARTIntEnable</name>
         <value>0x4651</value>
         <object_component_ref idref="oc-16c"/>
      </symbol>
      <symbol id="sm-8f5">
         <name>UARTCharsAvail</name>
         <value>0x451b</value>
         <object_component_ref idref="oc-16c"/>
      </symbol>
      <symbol id="sm-8f6">
         <name>UARTCharGetNonBlocking</name>
         <value>0x4557</value>
         <object_component_ref idref="oc-16c"/>
      </symbol>
      <symbol id="sm-8f7">
         <name>UARTClockSourceSet</name>
         <value>0x4703</value>
         <object_component_ref idref="oc-16c"/>
      </symbol>
      <symbol id="sm-8f8">
         <name>UARTTxIntModeGet</name>
         <value>0x4509</value>
         <object_component_ref idref="oc-16c"/>
      </symbol>
      <symbol id="sm-8f9">
         <name>UARTModemStatusGet</name>
         <value>0x44ab</value>
         <object_component_ref idref="oc-16c"/>
      </symbol>
      <symbol id="sm-8fa">
         <name>UARTIntDisable</name>
         <value>0x4669</value>
         <object_component_ref idref="oc-16c"/>
      </symbol>
      <symbol id="sm-8fb">
         <name>UARTCharPut</name>
         <value>0x45ad</value>
         <object_component_ref idref="oc-16c"/>
      </symbol>
      <symbol id="sm-8fc">
         <name>UARTParityModeSet</name>
         <value>0x4207</value>
         <object_component_ref idref="oc-16c"/>
      </symbol>
      <symbol id="sm-8fd">
         <name>UARTRxErrorGet</name>
         <value>0x46e1</value>
         <object_component_ref idref="oc-16c"/>
      </symbol>
      <symbol id="sm-8fe">
         <name>UARTConfigGetExpClk</name>
         <value>0x42eb</value>
         <object_component_ref idref="oc-16c"/>
      </symbol>
      <symbol id="sm-8ff">
         <name>UARTEnableSIR</name>
         <value>0x43b1</value>
         <object_component_ref idref="oc-16c"/>
      </symbol>
      <symbol id="sm-900">
         <name>UARTEnable</name>
         <value>0x4337</value>
         <object_component_ref idref="oc-16c"/>
      </symbol>
      <symbol id="sm-901">
         <name>UART9BitAddrSend</name>
         <value>0x4779</value>
         <object_component_ref idref="oc-16c"/>
      </symbol>
      <symbol id="sm-902">
         <name>UARTModemControlGet</name>
         <value>0x4499</value>
         <object_component_ref idref="oc-16c"/>
      </symbol>
      <symbol id="sm-903">
         <name>UARTSmartCardEnable</name>
         <value>0x43f5</value>
         <object_component_ref idref="oc-16c"/>
      </symbol>
      <symbol id="sm-904">
         <name>UARTFlowControlGet</name>
         <value>0x44db</value>
         <object_component_ref idref="oc-16c"/>
      </symbol>
      <symbol id="sm-905">
         <name>UARTFIFOEnable</name>
         <value>0x4385</value>
         <object_component_ref idref="oc-16c"/>
      </symbol>
      <symbol id="sm-906">
         <name>UARTIntClear</name>
         <value>0x469f</value>
         <object_component_ref idref="oc-16c"/>
      </symbol>
      <symbol id="sm-907">
         <name>UARTIntStatus</name>
         <value>0x4681</value>
         <object_component_ref idref="oc-16c"/>
      </symbol>
      <symbol id="sm-908">
         <name>UARTDMADisable</name>
         <value>0x46c9</value>
         <object_component_ref idref="oc-16c"/>
      </symbol>
      <symbol id="sm-909">
         <name>UART9BitEnable</name>
         <value>0x4727</value>
         <object_component_ref idref="oc-16c"/>
      </symbol>
      <symbol id="sm-90a">
         <name>UARTSpaceAvail</name>
         <value>0x4539</value>
         <object_component_ref idref="oc-16c"/>
      </symbol>
      <symbol id="sm-90b">
         <name>UARTCharGet</name>
         <value>0x4573</value>
         <object_component_ref idref="oc-16c"/>
      </symbol>
      <symbol id="sm-90c">
         <name>UARTFIFOLevelSet</name>
         <value>0x4235</value>
         <object_component_ref idref="oc-16c"/>
      </symbol>
      <symbol id="sm-90d">
         <name>UARTModemControlClear</name>
         <value>0x4475</value>
         <object_component_ref idref="oc-16c"/>
      </symbol>
      <symbol id="sm-90e">
         <name>UARTParityModeGet</name>
         <value>0x4223</value>
         <object_component_ref idref="oc-16c"/>
      </symbol>
      <symbol id="sm-90f">
         <name>UARTIntRegister</name>
         <value>0x4613</value>
         <object_component_ref idref="oc-16c"/>
      </symbol>
      <symbol id="sm-910">
         <name>UARTBreakCtl</name>
         <value>0x45cb</value>
         <object_component_ref idref="oc-16c"/>
      </symbol>
      <symbol id="sm-911">
         <name>UART9BitAddrSet</name>
         <value>0x4753</value>
         <object_component_ref idref="oc-16c"/>
      </symbol>
      <symbol id="sm-981">
         <name>UARTgetc</name>
         <value>0x4929</value>
         <object_component_ref idref="oc-172"/>
      </symbol>
      <symbol id="sm-982">
         <name>UARTgets</name>
         <value>0x486f</value>
         <object_component_ref idref="oc-172"/>
      </symbol>
      <symbol id="sm-983">
         <name>UARTStdioConfig</name>
         <value>0x47d9</value>
         <object_component_ref idref="oc-172"/>
      </symbol>
      <symbol id="sm-984">
         <name>UARTwrite</name>
         <value>0x481f</value>
         <object_component_ref idref="oc-172"/>
      </symbol>
      <symbol id="sm-985">
         <name>UARTprintf</name>
         <value>0x4c4b</value>
         <object_component_ref idref="oc-172"/>
      </symbol>
      <symbol id="sm-986">
         <name>UARTvprintf</name>
         <value>0x4951</value>
         <object_component_ref idref="oc-172"/>
      </symbol>
      <symbol id="sm-9ad">
         <name>__aeabi_memset</name>
         <value>0x5ed7</value>
         <object_component_ref idref="oc-8f"/>
      </symbol>
      <symbol id="sm-9ae">
         <name>memset</name>
         <value>0x5edd</value>
         <object_component_ref idref="oc-8f"/>
      </symbol>
      <symbol id="sm-9af">
         <name>__aeabi_memset8</name>
         <value>0x5ed7</value>
         <object_component_ref idref="oc-8f"/>
      </symbol>
      <symbol id="sm-9b0">
         <name>__aeabi_memset4</name>
         <value>0x5ed7</value>
         <object_component_ref idref="oc-8f"/>
      </symbol>
      <symbol id="sm-9b1">
         <name>__aeabi_memclr8</name>
         <value>0x5ed5</value>
         <object_component_ref idref="oc-8f"/>
      </symbol>
      <symbol id="sm-9b2">
         <name>__aeabi_memclr4</name>
         <value>0x5ed5</value>
         <object_component_ref idref="oc-8f"/>
      </symbol>
      <symbol id="sm-9b3">
         <name>__aeabi_memclr</name>
         <value>0x5ed5</value>
         <object_component_ref idref="oc-8f"/>
      </symbol>
      <symbol id="sm-9c2">
         <name>__aeabi_uidivmod</name>
         <value>0x6145</value>
         <object_component_ref idref="oc-234"/>
      </symbol>
      <symbol id="sm-9c3">
         <name>__aeabi_uidiv</name>
         <value>0x6145</value>
         <object_component_ref idref="oc-234"/>
      </symbol>
      <symbol id="sm-9da">
         <name>__TI_zero_init</name>
         <value>0x6223</value>
         <object_component_ref idref="oc-4d"/>
      </symbol>
      <symbol id="sm-9f1">
         <name>__TI_decompress_none</name>
         <value>0x6207</value>
         <object_component_ref idref="oc-1b"/>
      </symbol>
      <symbol id="sm-a14">
         <name>__TI_decompress_lzss</name>
         <value>0x5f4f</value>
         <object_component_ref idref="oc-15"/>
      </symbol>
      <symbol id="sm-a29">
         <name>__stack</name>
         <value>0x20001bd8</value>
         <object_component_ref idref="oc-24"/>
      </symbol>
      <symbol id="sm-a2a">
         <name>_c_int00_noargs</name>
         <value>0x61c5</value>
         <object_component_ref idref="oc-59"/>
      </symbol>
      <symbol id="sm-a3a">
         <name>__aeabi_idiv0</name>
         <value>0x41a7</value>
         <object_component_ref idref="oc-2e2"/>
      </symbol>
      <symbol id="sm-a3b">
         <name>__aeabi_ldiv0</name>
         <value>0x41a7</value>
         <object_component_ref idref="oc-2e2"/>
      </symbol>
      <symbol id="sm-a56">
         <name>memcpy</name>
         <value>0x5db1</value>
         <object_component_ref idref="oc-3b"/>
      </symbol>
      <symbol id="sm-a57">
         <name>__aeabi_memcpy</name>
         <value>0x5db1</value>
         <object_component_ref idref="oc-3b"/>
      </symbol>
      <symbol id="sm-a58">
         <name>__aeabi_memcpy8</name>
         <value>0x5db1</value>
         <object_component_ref idref="oc-3b"/>
      </symbol>
      <symbol id="sm-a59">
         <name>__aeabi_memcpy4</name>
         <value>0x5db1</value>
         <object_component_ref idref="oc-3b"/>
      </symbol>
      <symbol id="sm-a81">
         <name>__TI_auto_init_nobinit_nopinit</name>
         <value>0x6101</value>
         <object_component_ref idref="oc-10d"/>
      </symbol>
      <symbol id="sm-a8b">
         <name>_system_pre_init</name>
         <value>0x6235</value>
         <object_component_ref idref="oc-95"/>
      </symbol>
      <symbol id="sm-a97">
         <name>C$$EXIT</name>
         <value>0x6239</value>
         <object_component_ref idref="oc-101"/>
      </symbol>
      <symbol id="sm-a98">
         <name>abort</name>
         <value>0x6239</value>
         <object_component_ref idref="oc-101"/>
      </symbol>
      <symbol id="sm-a9c">
         <name>__TI_static_base__</name>
         <value>0x0</value>
      </symbol>
      <symbol id="sm-a9f">
         <name>__mpu_init</name>
         <value>0x0</value>
      </symbol>
      <symbol id="sm-aa0">
         <name>_system_post_cinit</name>
         <value>0x0</value>
      </symbol>
   </symbol_table>
   <title>Link errors: red sections failed placement</title>
</link_info>
