******************************************************************************
                  TI ARM Linker PC v20.2.7                     
******************************************************************************
>> Linked Sun Sep 15 21:13:15 2024

OUTPUT FILE NAME:   <Lab2.out>
ENTRY POINT SYMBOL: "_c_int00_noargs"  address: 0000394d


MEMORY CONFIGURATION

         name            origin    length      used     unused   attr    fill
----------------------  --------  ---------  --------  --------  ----  --------
  FLASH                 00000000   00040000  000040bc  0003bf44  R  X
  SRAM                  20000000   00008000  00000477  00007b89  RW X


SEGMENT ALLOCATION MAP

run origin  load origin   length   init length attrs members
----------  ----------- ---------- ----------- ----- -------
00000000    00000000    000040c0   000040c0    r-x
  00000000    00000000    0000026c   0000026c    r-- .intvecs
  0000026c    0000026c    00003758   00003758    r-x .text
  000039c4    000039c4    000006b8   000006b8    r-- .const
  00004080    00004080    00000040   00000040    r-- .cinit
20000000    20000000    0000047d   00000000    rw-
  20000000    20000000    0000026c   00000000    rw- .vtable
  20000270    20000270    00000200   00000000    rw- .stack
  20000470    20000470    00000006   00000000    rw- .bss
  20000478    20000478    00000005   00000000    rw- .data


SECTION ALLOCATION MAP

 output                                  attributes/
section   page    origin      length       input sections
--------  ----  ----------  ----------   ----------------
.intvecs   0    00000000    0000026c     
                  00000000    0000026c     tm4c123gh6pm_startup_ccs.obj (.intvecs)

.text      0    0000026c    00003758     
                  0000026c    00000f80     sysctl.obj (.text)
                  000011ec    00000c14     gpio.obj (.text)
                  00001e00    000006f8     i2c.obj (.text)
                  000024f8    0000062e     uart.obj (.text)
                  00002b26    00000002     rtsv7M4_T_le_v4SPD16_eabi.lib : div0.asm.obj (.text)
                  00002b28    000004a8     uartstdio.obj (.text)
                  00002fd0    000003c0     interrupt.obj (.text)
                  00003390    00000220     multimod_i2c.obj (.text)
                  000035b0    00000128     multimod_BME280.obj (.text)
                  000036d8    0000009c     rtsv7M4_T_le_v4SPD16_eabi.lib : memcpy_t2.asm.obj (.text)
                  00003774    00000068                                   : copy_decompress_lzss.c.obj (.text:decompress:lzss:__TI_decompress_lzss)
                  000037dc    00000058     Lab2Bonus.obj (.text)
                  00003834    00000054     multimod_uart.obj (.text)
                  00003888    00000044     rtsv7M4_T_le_v4SPD16_eabi.lib : autoinit.c.obj (.text:__TI_auto_init_nobinit_nopinit:__TI_auto_init_nobinit_nopinit)
                  000038cc    00000040                                   : u_divt2.asm.obj (.text)
                  0000390c    0000003e     cpu.obj (.text)
                  0000394a    00000002     --HOLE-- [fill = 0]
                  0000394c    00000034     rtsv7M4_T_le_v4SPD16_eabi.lib : boot_cortex_m.c.obj (.text:_c_int00_noargs:_c_int00_noargs)
                  00003980    0000001c                                   : copy_zero_init.c.obj (.text:decompress:ZI:__TI_zero_init_nomemset:__TI_zero_init_nomemset)
                  0000399c    0000000e                                   : copy_decompress_none.c.obj (.text:decompress:none:__TI_decompress_none)
                  000039aa    0000000c     tm4c123gh6pm_startup_ccs.obj (.text)
                  000039b6    00000006     sysctl.obj (.text:SysCtlDelay)
                  000039bc    00000004     rtsv7M4_T_le_v4SPD16_eabi.lib : pre_init.c.obj (.text:_system_pre_init)
                  000039c0    00000004                                   : exit.c.obj (.text:abort:abort)

.const     0    000039c4    000006b8     
                  000039c4    000001b0     sysctl.obj (.const:g_pppui32XTALtoVCO)
                  00003b74    000000d8     gpio.obj (.const:g_ppui32GPIOIntMapSnowflake)
                  00003c4c    000000c0     gpio.obj (.const:g_ppui32GPIOIntMapBlizzard)
                  00003d0c    0000009c     interrupt.obj (.const:g_pui32Regs)
                  00003da8    00000090     gpio.obj (.const:g_pui32GPIOBaseAddrs)
                  00003e38    0000006c     sysctl.obj (.const:g_pui32Xtals)
                  00003ea4    00000050     i2c.obj (.const:g_ppui32I2CIntMapSnowflake)
                  00003ef4    00000040     uart.obj (.const:g_ppui32UARTIntMap)
                  00003f34    00000040     uart.obj (.const:g_ppui32UARTIntMapSnowflake)
                  00003f74    00000030     i2c.obj (.const:g_ppui32I2CIntMap)
                  00003fa4    00000030     sysctl.obj (.const:g_sXTALtoMEMTIM)
                  00003fd4    00000020     interrupt.obj (.const:g_pui32Priority)
                  00003ff4    00000014     interrupt.obj (.const:g_pui32Dii16Regs)
                  00004008    00000014     interrupt.obj (.const:g_pui32EnRegs)
                  0000401c    00000014     interrupt.obj (.const:g_pui32PendRegs)
                  00004030    00000014     interrupt.obj (.const:g_pui32UnpendRegs)
                  00004044    00000012     uartstdio.obj (.const:.string)
                  00004056    00000002     --HOLE-- [fill = 0]
                  00004058    0000000c     uartstdio.obj (.const:g_ui32UARTBase)
                  00004064    0000000c     uartstdio.obj (.const:g_ui32UARTPeriph)
                  00004070    00000008     sysctl.obj (.const:g_pui32VCOFrequencies)
                  00004078    00000004     uartstdio.obj (.const)

.cinit     0    00004080    00000040     
                  00004080    0000000c     (__TI_handler_table)
                  0000408c    00000004     --HOLE-- [fill = 0]
                  00004090    00000008     (.cinit..bss.load) [load image, compression = zero_init]
                  00004098    00000008     (.cinit..vtable.load) [load image, compression = zero_init]
                  000040a0    00000007     (.cinit..data.load) [load image, compression = lzss]
                  000040a7    00000001     --HOLE-- [fill = 0]
                  000040a8    00000018     (__TI_cinit_table)

.init_array 
*          0    00000000    00000000     UNINITIALIZED

.vtable    0    20000000    0000026c     UNINITIALIZED
                  20000000    0000026c     interrupt.obj (.vtable)

.bss       0    20000470    00000006     UNINITIALIZED
                  20000470    00000006     multimod_BME280.obj (.bss)

.data      0    20000478    00000005     UNINITIALIZED
                  20000478    00000005     uartstdio.obj (.data)

.stack     0    20000270    00000200     UNINITIALIZED
                  20000270    00000004     rtsv7M4_T_le_v4SPD16_eabi.lib : boot_cortex_m.c.obj (.stack)
                  20000274    000001fc     --HOLE--

__llvm_prf_cnts 
*          0    20000000    00000000     UNINITIALIZED

MODULE SUMMARY

       Module                         code    ro data   rw data
       ------                         ----    -------   -------
    .\
       tm4c123gh6pm_startup_ccs.obj   12      620       0      
       Lab2Bonus.obj                  88      0         0      
    +--+------------------------------+-------+---------+---------+
       Total:                         100     620       0      
                                                               
    .\MultimodDrivers\src\
       multimod_i2c.obj               544     0         0      
       multimod_BME280.obj            296     0         6      
       multimod_uart.obj              84      0         0      
    +--+------------------------------+-------+---------+---------+
       Total:                         924     0         6      
                                                               
    .\driverlib\
       sysctl.obj                     3974    596       0      
       gpio.obj                       3092    552       0      
       i2c.obj                        1784    128       0      
       interrupt.obj                  960     268       620    
       uart.obj                       1582    128       0      
       uartstdio.obj                  1192    46        5      
       cpu.obj                        62      0         0      
    +--+------------------------------+-------+---------+---------+
       Total:                         12646   1718      625    
                                                               
    C:\ti\ccs1280\ccs\tools\compiler\ti-cgt-arm_20.2.7.LTS\lib\rtsv7M4_T_le_v4SPD16_eabi.lib
       memcpy_t2.asm.obj              156     0         0      
       copy_decompress_lzss.c.obj     104     0         0      
       autoinit.c.obj                 68      0         0      
       u_divt2.asm.obj                64      0         0      
       boot_cortex_m.c.obj            52      0         0      
       copy_zero_init.c.obj           28      0         0      
       copy_decompress_none.c.obj     14      0         0      
       exit.c.obj                     4       0         0      
       pre_init.c.obj                 4       0         0      
       div0.asm.obj                   2       0         0      
    +--+------------------------------+-------+---------+---------+
       Total:                         496     0         0      
                                                               
       Stack:                         0       0         512    
       Linker Generated:              0       59        0      
    +--+------------------------------+-------+---------+---------+
       Grand Total:                   14166   2397      1143   


LINKER GENERATED COPY TABLES

__TI_cinit_table @ 000040a8 records: 3, size/record: 8, table size: 24
	.bss: load addr=00004090, load size=00000008 bytes, run addr=20000470, run size=00000006 bytes, compression=zero_init
	.vtable: load addr=00004098, load size=00000008 bytes, run addr=20000000, run size=0000026c bytes, compression=zero_init
	.data: load addr=000040a0, load size=00000007 bytes, run addr=20000478, run size=00000005 bytes, compression=lzss


LINKER GENERATED HANDLER TABLE

__TI_handler_table @ 00004080 records: 3, size/record: 4, table size: 12
	index: 0, handler: __TI_zero_init
	index: 1, handler: __TI_decompress_lzss
	index: 2, handler: __TI_decompress_none


GLOBAL SYMBOLS: SORTED ALPHABETICALLY BY Name 

address   name                            
-------   ----                            
000035b1  BME280_Init                     
0000362f  BME280_ReadTemperature          
000039c1  C$$EXIT                         
00003941  CPUbasepriGet                   
00003933  CPUbasepriSet                   
0000390d  CPUcpsid                        
00003923  CPUcpsie                        
00003919  CPUprimask                      
0000392f  CPUwfi                          
00001db1  GPIOADCTriggerDisable           
00001d93  GPIOADCTriggerEnable            
00001d75  GPIODMATriggerDisable           
00001d57  GPIODMATriggerEnable            
000012a7  GPIODirModeGet                  
0000124b  GPIODirModeSet                  
00001861  GPIOIntClear                    
00001825  GPIOIntDisable                  
00001801  GPIOIntEnable                   
00001875  GPIOIntRegister                 
000018ad  GPIOIntRegisterPin              
0000183f  GPIOIntStatus                   
00001397  GPIOIntTypeGet                  
000012f3  GPIOIntTypeSet                  
00001893  GPIOIntUnregister               
000018db  GPIOIntUnregisterPin            
0000168f  GPIOPadConfigGet                
00001421  GPIOPadConfigSet                
00001cf9  GPIOPinConfigure                
000018ff  GPIOPinRead                     
00001937  GPIOPinTypeADC                  
0000195b  GPIOPinTypeCAN                  
0000197f  GPIOPinTypeComparator           
000019a3  GPIOPinTypeComparatorOutput     
000019c7  GPIOPinTypeDIVSCLK              
000019eb  GPIOPinTypeEPI                  
00001a0f  GPIOPinTypeEthernetLED          
00001a33  GPIOPinTypeEthernetMII          
00001a57  GPIOPinTypeGPIOInput            
00001a7b  GPIOPinTypeGPIOOutput           
00001aa5  GPIOPinTypeGPIOOutputOD         
00001ac9  GPIOPinTypeHibernateRTCCLK      
00001aed  GPIOPinTypeI2C                  
00001b11  GPIOPinTypeI2CSCL               
00001b35  GPIOPinTypeLCD                  
00001b59  GPIOPinTypeOneWire              
00001b7d  GPIOPinTypePWM                  
00001ba1  GPIOPinTypeQEI                  
00001bc5  GPIOPinTypeSSI                  
00001be9  GPIOPinTypeTimer                
00001c0d  GPIOPinTypeTrace                
00001c31  GPIOPinTypeUART                 
00001c55  GPIOPinTypeUSBAnalog            
00001c79  GPIOPinTypeUSBDigital           
00001c9d  GPIOPinTypeWakeHigh             
00001cc3  GPIOPinTypeWakeLow              
00001ce9  GPIOPinWakeStatus               
00001917  GPIOPinWrite                    
00001dcf  GPIOUnlockPin                   
000023f7  I2CFIFODataGet                  
00002411  I2CFIFODataGetNonBlocking       
000023ad  I2CFIFODataPut                  
000023cf  I2CFIFODataPutNonBlocking       
0000239d  I2CFIFOStatus                   
00001f91  I2CIntRegister                  
00001faf  I2CIntUnregister                
000024d3  I2CLoopbackEnable               
0000244d  I2CMasterBurstCountGet          
00002437  I2CMasterBurstLengthSet         
000021f5  I2CMasterBusBusy                
000021dd  I2CMasterBusy                   
0000220d  I2CMasterControl                
00002261  I2CMasterDataGet                
0000224b  I2CMasterDataPut                
00001f5d  I2CMasterDisable                
00001f29  I2CMasterEnable                 
0000221f  I2CMasterErr                    
0000245b  I2CMasterGlitchFilterConfigSet  
00001e5f  I2CMasterInitExpClk             
00002157  I2CMasterIntClear               
00002175  I2CMasterIntClearEx             
00002023  I2CMasterIntDisable             
00002033  I2CMasterIntDisableEx           
00001fc9  I2CMasterIntEnable              
00001fd9  I2CMasterIntEnableEx            
0000207d  I2CMasterIntStatus              
000020c1  I2CMasterIntStatusEx            
000021cf  I2CMasterLineStateGet           
000021ad  I2CMasterSlaveAddrSet           
0000226f  I2CMasterTimeoutSet             
0000235d  I2CRxFIFOConfigSet              
00002385  I2CRxFIFOFlush                  
00002281  I2CSlaveACKOverride             
000022b3  I2CSlaveACKValueSet             
00001eeb  I2CSlaveAddressSet              
0000230d  I2CSlaveDataGet                 
000022f5  I2CSlaveDataPut                 
00001f73  I2CSlaveDisable                 
00001f3f  I2CSlaveEnable                  
000024c1  I2CSlaveFIFODisable             
000024a9  I2CSlaveFIFOEnable              
00001ed1  I2CSlaveInit                    
00002187  I2CSlaveIntClear                
00002199  I2CSlaveIntClearEx              
0000204b  I2CSlaveIntDisable              
00002063  I2CSlaveIntDisableEx            
00001ff1  I2CSlaveIntEnable               
00002009  I2CSlaveIntEnableEx             
000020ed  I2CSlaveIntStatus               
00002135  I2CSlaveIntStatusEx             
000022e5  I2CSlaveStatus                  
0000231d  I2CTxFIFOConfigSet              
00002345  I2CTxFIFOFlush                  
00003391  I2C_Init                        
00003503  I2C_ReadMultiple                
0000342d  I2C_ReadSingle                  
00003463  I2C_WriteMultiple               
000033f7  I2C_WriteSingle                 
00003191  IntDisable                      
0000311f  IntEnable                       
00003203  IntIsEnabled                    
00002fe3  IntMasterDisable                
00002fd3  IntMasterEnable                 
000032f9  IntPendClear                    
00003289  IntPendSet                      
000030fb  IntPriorityGet                  
00003073  IntPriorityGroupingGet          
00003059  IntPriorityGroupingSet          
00003353  IntPriorityMaskGet              
00003347  IntPriorityMaskSet              
000030ab  IntPrioritySet                  
00002ff3  IntRegister                     
0000335b  IntTrigger                      
00003045  IntUnregister                   
000039ab  ResetISR                        
000011a9  SysCtlAltClkConfig              
000008d1  SysCtlClockFreqSet              
00000d99  SysCtlClockGet                  
0000118d  SysCtlClockOutConfig            
00000bc9  SysCtlClockSet                  
000007d5  SysCtlDeepSleep                 
00000f5d  SysCtlDeepSleepClockConfigSet   
00000f3f  SysCtlDeepSleepClockSet         
000007b5  SysCtlDeepSleepPowerSet         
000039b7  SysCtlDelay                     
00000363  SysCtlFlashSectorSizeGet        
00000337  SysCtlFlashSizeGet              
00001033  SysCtlGPIOAHBDisable            
00001017  SysCtlGPIOAHBEnable             
00000749  SysCtlIntClear                  
00000731  SysCtlIntDisable                
0000071d  SysCtlIntEnable                 
000006f5  SysCtlIntRegister               
00000759  SysCtlIntStatus                 
0000070d  SysCtlIntUnregister             
0000079b  SysCtlLDODeepSleepGet           
0000078b  SysCtlLDODeepSleepSet           
00000785  SysCtlLDOSleepGet               
00000775  SysCtlLDOSleepSet               
0000080b  SysCtlMOSCConfigSet             
00001171  SysCtlNMIClear                  
0000115d  SysCtlNMIStatus                 
00000821  SysCtlPIOSCCalibrate            
00001001  SysCtlPWMClockGet               
00000fe7  SysCtlPWMClockSet               
000006a1  SysCtlPeripheralClockGating     
00000659  SysCtlPeripheralDeepSleepDisable
00000609  SysCtlPeripheralDeepSleepEnable 
00000545  SysCtlPeripheralDisable         
00000509  SysCtlPeripheralEnable          
00000445  SysCtlPeripheralPowerOff        
00000409  SysCtlPeripheralPowerOn         
00000389  SysCtlPeripheralPresent         
000003c9  SysCtlPeripheralReady           
00000481  SysCtlPeripheralReset           
000005cd  SysCtlPeripheralSleepDisable    
00000589  SysCtlPeripheralSleepEnable     
000007c5  SysCtlReset                     
00000881  SysCtlResetBehaviorGet          
00000871  SysCtlResetBehaviorSet          
000007f7  SysCtlResetCauseClear           
000007f1  SysCtlResetCauseGet             
0000032d  SysCtlSRAMSizeGet               
000007cd  SysCtlSleep                     
000007a1  SysCtlSleepPowerSet             
0000105b  SysCtlUSBPLLDisable             
0000104f  SysCtlUSBPLLEnable              
000010a1  SysCtlVCOGet                    
00001089  SysCtlVoltageEventClear         
0000106d  SysCtlVoltageEventConfig        
0000107d  SysCtlVoltageEventStatus        
UNDEFED   TIMER0A_Handler                 
UNDEFED   TIMER0B_Handler                 
UNDEFED   TIMER1A_Handler                 
UNDEFED   TIMER1B_Handler                 
00002ac9  UART9BitAddrSend                
00002aa3  UART9BitAddrSet                 
00002a8d  UART9BitDisable                 
00002a77  UART9BitEnable                  
0000291b  UARTBreakCtl                    
00002945  UARTBusy                        
000028c3  UARTCharGet                     
000028a7  UARTCharGetNonBlocking          
000028fd  UARTCharPut                     
000028d9  UARTCharPutNonBlocking          
0000286b  UARTCharsAvail                  
00002a67  UARTClockSourceGet              
00002a53  UARTClockSourceSet              
0000263b  UARTConfigGetExpClk             
000025c5  UARTConfigSetExpClk             
00002a19  UARTDMADisable                  
00002a01  UARTDMAEnable                   
000026ab  UARTDisable                     
0000272f  UARTDisableSIR                  
00002687  UARTEnable                      
00002701  UARTEnableSIR                   
000026eb  UARTFIFODisable                 
000026d5  UARTFIFOEnable                  
0000259d  UARTFIFOLevelGet                
00002585  UARTFIFOLevelSet                
0000282b  UARTFlowControlGet              
0000280f  UARTFlowControlSet              
000029ef  UARTIntClear                    
000029b9  UARTIntDisable                  
000029a1  UARTIntEnable                   
00002963  UARTIntRegister                 
000029d1  UARTIntStatus                   
00002981  UARTIntUnregister               
00002b11  UARTLoopbackEnable              
000027c5  UARTModemControlClear           
000027e9  UARTModemControlGet             
0000278d  UARTModemControlSet             
000027fb  UARTModemStatusGet              
00002573  UARTParityModeGet               
00002557  UARTParityModeSet               
00002a43  UARTRxErrorClear                
00002a31  UARTRxErrorGet                  
00002777  UARTSmartCardDisable            
00002745  UARTSmartCardEnable             
00002889  UARTSpaceAvail                  
00002b29  UARTStdioConfig                 
00002859  UARTTxIntModeGet                
0000283d  UARTTxIntModeSet                
00003835  UART_Init                       
00002c79  UARTgetc                        
00002bbf  UARTgets                        
00002f9b  UARTprintf                      
00002ca1  UARTvprintf                     
00002b6f  UARTwrite                       
20000470  __STACK_END                     
00000200  __STACK_SIZE                    
20000470  __STACK_TOP                     
000040a8  __TI_CINIT_Base                 
000040c0  __TI_CINIT_Limit                
00004080  __TI_Handler_Table_Base         
0000408c  __TI_Handler_Table_Limit        
00003889  __TI_auto_init_nobinit_nopinit  
00003775  __TI_decompress_lzss            
0000399d  __TI_decompress_none            
ffffffff  __TI_pprof_out_hndl             
ffffffff  __TI_prof_data_size             
ffffffff  __TI_prof_data_start            
00000000  __TI_static_base__              
00003981  __TI_zero_init_nomemset         
00002b27  __aeabi_idiv0                   
00002b27  __aeabi_ldiv0                   
000036d9  __aeabi_memcpy                  
000036d9  __aeabi_memcpy4                 
000036d9  __aeabi_memcpy8                 
000038cd  __aeabi_uidiv                   
000038cd  __aeabi_uidivmod                
ffffffff  __binit__                       
ffffffff  __c_args__                      
UNDEFED   __mpu_init                      
20000270  __stack                         
20000000  __start___llvm_prf_cnts         
20000000  __stop___llvm_prf_cnts          
0000394d  _c_int00_noargs                 
UNDEFED   _system_post_cinit              
000039bd  _system_pre_init                
000039c1  abort                           
ffffffff  binit                           
20000000  g_pfnRAMVectors                 
00000000  g_pfnVectors                    
000037dd  main                            
000036d9  memcpy                          


GLOBAL SYMBOLS: SORTED BY Symbol Address 

address   name                            
-------   ----                            
00000000  __TI_static_base__              
00000000  g_pfnVectors                    
00000200  __STACK_SIZE                    
0000032d  SysCtlSRAMSizeGet               
00000337  SysCtlFlashSizeGet              
00000363  SysCtlFlashSectorSizeGet        
00000389  SysCtlPeripheralPresent         
000003c9  SysCtlPeripheralReady           
00000409  SysCtlPeripheralPowerOn         
00000445  SysCtlPeripheralPowerOff        
00000481  SysCtlPeripheralReset           
00000509  SysCtlPeripheralEnable          
00000545  SysCtlPeripheralDisable         
00000589  SysCtlPeripheralSleepEnable     
000005cd  SysCtlPeripheralSleepDisable    
00000609  SysCtlPeripheralDeepSleepEnable 
00000659  SysCtlPeripheralDeepSleepDisable
000006a1  SysCtlPeripheralClockGating     
000006f5  SysCtlIntRegister               
0000070d  SysCtlIntUnregister             
0000071d  SysCtlIntEnable                 
00000731  SysCtlIntDisable                
00000749  SysCtlIntClear                  
00000759  SysCtlIntStatus                 
00000775  SysCtlLDOSleepSet               
00000785  SysCtlLDOSleepGet               
0000078b  SysCtlLDODeepSleepSet           
0000079b  SysCtlLDODeepSleepGet           
000007a1  SysCtlSleepPowerSet             
000007b5  SysCtlDeepSleepPowerSet         
000007c5  SysCtlReset                     
000007cd  SysCtlSleep                     
000007d5  SysCtlDeepSleep                 
000007f1  SysCtlResetCauseGet             
000007f7  SysCtlResetCauseClear           
0000080b  SysCtlMOSCConfigSet             
00000821  SysCtlPIOSCCalibrate            
00000871  SysCtlResetBehaviorSet          
00000881  SysCtlResetBehaviorGet          
000008d1  SysCtlClockFreqSet              
00000bc9  SysCtlClockSet                  
00000d99  SysCtlClockGet                  
00000f3f  SysCtlDeepSleepClockSet         
00000f5d  SysCtlDeepSleepClockConfigSet   
00000fe7  SysCtlPWMClockSet               
00001001  SysCtlPWMClockGet               
00001017  SysCtlGPIOAHBEnable             
00001033  SysCtlGPIOAHBDisable            
0000104f  SysCtlUSBPLLEnable              
0000105b  SysCtlUSBPLLDisable             
0000106d  SysCtlVoltageEventConfig        
0000107d  SysCtlVoltageEventStatus        
00001089  SysCtlVoltageEventClear         
000010a1  SysCtlVCOGet                    
0000115d  SysCtlNMIStatus                 
00001171  SysCtlNMIClear                  
0000118d  SysCtlClockOutConfig            
000011a9  SysCtlAltClkConfig              
0000124b  GPIODirModeSet                  
000012a7  GPIODirModeGet                  
000012f3  GPIOIntTypeSet                  
00001397  GPIOIntTypeGet                  
00001421  GPIOPadConfigSet                
0000168f  GPIOPadConfigGet                
00001801  GPIOIntEnable                   
00001825  GPIOIntDisable                  
0000183f  GPIOIntStatus                   
00001861  GPIOIntClear                    
00001875  GPIOIntRegister                 
00001893  GPIOIntUnregister               
000018ad  GPIOIntRegisterPin              
000018db  GPIOIntUnregisterPin            
000018ff  GPIOPinRead                     
00001917  GPIOPinWrite                    
00001937  GPIOPinTypeADC                  
0000195b  GPIOPinTypeCAN                  
0000197f  GPIOPinTypeComparator           
000019a3  GPIOPinTypeComparatorOutput     
000019c7  GPIOPinTypeDIVSCLK              
000019eb  GPIOPinTypeEPI                  
00001a0f  GPIOPinTypeEthernetLED          
00001a33  GPIOPinTypeEthernetMII          
00001a57  GPIOPinTypeGPIOInput            
00001a7b  GPIOPinTypeGPIOOutput           
00001aa5  GPIOPinTypeGPIOOutputOD         
00001ac9  GPIOPinTypeHibernateRTCCLK      
00001aed  GPIOPinTypeI2C                  
00001b11  GPIOPinTypeI2CSCL               
00001b35  GPIOPinTypeLCD                  
00001b59  GPIOPinTypeOneWire              
00001b7d  GPIOPinTypePWM                  
00001ba1  GPIOPinTypeQEI                  
00001bc5  GPIOPinTypeSSI                  
00001be9  GPIOPinTypeTimer                
00001c0d  GPIOPinTypeTrace                
00001c31  GPIOPinTypeUART                 
00001c55  GPIOPinTypeUSBAnalog            
00001c79  GPIOPinTypeUSBDigital           
00001c9d  GPIOPinTypeWakeHigh             
00001cc3  GPIOPinTypeWakeLow              
00001ce9  GPIOPinWakeStatus               
00001cf9  GPIOPinConfigure                
00001d57  GPIODMATriggerEnable            
00001d75  GPIODMATriggerDisable           
00001d93  GPIOADCTriggerEnable            
00001db1  GPIOADCTriggerDisable           
00001dcf  GPIOUnlockPin                   
00001e5f  I2CMasterInitExpClk             
00001ed1  I2CSlaveInit                    
00001eeb  I2CSlaveAddressSet              
00001f29  I2CMasterEnable                 
00001f3f  I2CSlaveEnable                  
00001f5d  I2CMasterDisable                
00001f73  I2CSlaveDisable                 
00001f91  I2CIntRegister                  
00001faf  I2CIntUnregister                
00001fc9  I2CMasterIntEnable              
00001fd9  I2CMasterIntEnableEx            
00001ff1  I2CSlaveIntEnable               
00002009  I2CSlaveIntEnableEx             
00002023  I2CMasterIntDisable             
00002033  I2CMasterIntDisableEx           
0000204b  I2CSlaveIntDisable              
00002063  I2CSlaveIntDisableEx            
0000207d  I2CMasterIntStatus              
000020c1  I2CMasterIntStatusEx            
000020ed  I2CSlaveIntStatus               
00002135  I2CSlaveIntStatusEx             
00002157  I2CMasterIntClear               
00002175  I2CMasterIntClearEx             
00002187  I2CSlaveIntClear                
00002199  I2CSlaveIntClearEx              
000021ad  I2CMasterSlaveAddrSet           
000021cf  I2CMasterLineStateGet           
000021dd  I2CMasterBusy                   
000021f5  I2CMasterBusBusy                
0000220d  I2CMasterControl                
0000221f  I2CMasterErr                    
0000224b  I2CMasterDataPut                
00002261  I2CMasterDataGet                
0000226f  I2CMasterTimeoutSet             
00002281  I2CSlaveACKOverride             
000022b3  I2CSlaveACKValueSet             
000022e5  I2CSlaveStatus                  
000022f5  I2CSlaveDataPut                 
0000230d  I2CSlaveDataGet                 
0000231d  I2CTxFIFOConfigSet              
00002345  I2CTxFIFOFlush                  
0000235d  I2CRxFIFOConfigSet              
00002385  I2CRxFIFOFlush                  
0000239d  I2CFIFOStatus                   
000023ad  I2CFIFODataPut                  
000023cf  I2CFIFODataPutNonBlocking       
000023f7  I2CFIFODataGet                  
00002411  I2CFIFODataGetNonBlocking       
00002437  I2CMasterBurstLengthSet         
0000244d  I2CMasterBurstCountGet          
0000245b  I2CMasterGlitchFilterConfigSet  
000024a9  I2CSlaveFIFOEnable              
000024c1  I2CSlaveFIFODisable             
000024d3  I2CLoopbackEnable               
00002557  UARTParityModeSet               
00002573  UARTParityModeGet               
00002585  UARTFIFOLevelSet                
0000259d  UARTFIFOLevelGet                
000025c5  UARTConfigSetExpClk             
0000263b  UARTConfigGetExpClk             
00002687  UARTEnable                      
000026ab  UARTDisable                     
000026d5  UARTFIFOEnable                  
000026eb  UARTFIFODisable                 
00002701  UARTEnableSIR                   
0000272f  UARTDisableSIR                  
00002745  UARTSmartCardEnable             
00002777  UARTSmartCardDisable            
0000278d  UARTModemControlSet             
000027c5  UARTModemControlClear           
000027e9  UARTModemControlGet             
000027fb  UARTModemStatusGet              
0000280f  UARTFlowControlSet              
0000282b  UARTFlowControlGet              
0000283d  UARTTxIntModeSet                
00002859  UARTTxIntModeGet                
0000286b  UARTCharsAvail                  
00002889  UARTSpaceAvail                  
000028a7  UARTCharGetNonBlocking          
000028c3  UARTCharGet                     
000028d9  UARTCharPutNonBlocking          
000028fd  UARTCharPut                     
0000291b  UARTBreakCtl                    
00002945  UARTBusy                        
00002963  UARTIntRegister                 
00002981  UARTIntUnregister               
000029a1  UARTIntEnable                   
000029b9  UARTIntDisable                  
000029d1  UARTIntStatus                   
000029ef  UARTIntClear                    
00002a01  UARTDMAEnable                   
00002a19  UARTDMADisable                  
00002a31  UARTRxErrorGet                  
00002a43  UARTRxErrorClear                
00002a53  UARTClockSourceSet              
00002a67  UARTClockSourceGet              
00002a77  UART9BitEnable                  
00002a8d  UART9BitDisable                 
00002aa3  UART9BitAddrSet                 
00002ac9  UART9BitAddrSend                
00002b11  UARTLoopbackEnable              
00002b27  __aeabi_idiv0                   
00002b27  __aeabi_ldiv0                   
00002b29  UARTStdioConfig                 
00002b6f  UARTwrite                       
00002bbf  UARTgets                        
00002c79  UARTgetc                        
00002ca1  UARTvprintf                     
00002f9b  UARTprintf                      
00002fd3  IntMasterEnable                 
00002fe3  IntMasterDisable                
00002ff3  IntRegister                     
00003045  IntUnregister                   
00003059  IntPriorityGroupingSet          
00003073  IntPriorityGroupingGet          
000030ab  IntPrioritySet                  
000030fb  IntPriorityGet                  
0000311f  IntEnable                       
00003191  IntDisable                      
00003203  IntIsEnabled                    
00003289  IntPendSet                      
000032f9  IntPendClear                    
00003347  IntPriorityMaskSet              
00003353  IntPriorityMaskGet              
0000335b  IntTrigger                      
00003391  I2C_Init                        
000033f7  I2C_WriteSingle                 
0000342d  I2C_ReadSingle                  
00003463  I2C_WriteMultiple               
00003503  I2C_ReadMultiple                
000035b1  BME280_Init                     
0000362f  BME280_ReadTemperature          
000036d9  __aeabi_memcpy                  
000036d9  __aeabi_memcpy4                 
000036d9  __aeabi_memcpy8                 
000036d9  memcpy                          
00003775  __TI_decompress_lzss            
000037dd  main                            
00003835  UART_Init                       
00003889  __TI_auto_init_nobinit_nopinit  
000038cd  __aeabi_uidiv                   
000038cd  __aeabi_uidivmod                
0000390d  CPUcpsid                        
00003919  CPUprimask                      
00003923  CPUcpsie                        
0000392f  CPUwfi                          
00003933  CPUbasepriSet                   
00003941  CPUbasepriGet                   
0000394d  _c_int00_noargs                 
00003981  __TI_zero_init_nomemset         
0000399d  __TI_decompress_none            
000039ab  ResetISR                        
000039b7  SysCtlDelay                     
000039bd  _system_pre_init                
000039c1  C$$EXIT                         
000039c1  abort                           
00004080  __TI_Handler_Table_Base         
0000408c  __TI_Handler_Table_Limit        
000040a8  __TI_CINIT_Base                 
000040c0  __TI_CINIT_Limit                
20000000  __start___llvm_prf_cnts         
20000000  __stop___llvm_prf_cnts          
20000000  g_pfnRAMVectors                 
20000270  __stack                         
20000470  __STACK_END                     
20000470  __STACK_TOP                     
ffffffff  __TI_pprof_out_hndl             
ffffffff  __TI_prof_data_size             
ffffffff  __TI_prof_data_start            
ffffffff  __binit__                       
ffffffff  __c_args__                      
ffffffff  binit                           
UNDEFED   TIMER0A_Handler                 
UNDEFED   TIMER0B_Handler                 
UNDEFED   TIMER1A_Handler                 
UNDEFED   TIMER1B_Handler                 
UNDEFED   __mpu_init                      
UNDEFED   _system_post_cinit              

[285 symbols]
