<?xml version="1.0" encoding="ISO-8859-1" ?>
<link_info>
   <banner>TI ARM Linker PC v20.2.7.LTS</banner>
   <copyright>Copyright (c) 1996-2018 Texas Instruments Incorporated</copyright>
   <link_time>0x66e71cd6</link_time>
   <link_errors>0x0</link_errors>
   <output_file>Lab2.out</output_file>
   <entry_point>
      <name>_c_int00_noargs</name>
      <address>0x45dd</address>
   </entry_point>
   <input_file_list>
      <input_file id="fl-2">
         <path>.\</path>
         <kind>object</kind>
         <file>Lab2c.obj</file>
         <name>Lab2c.obj</name>
      </input_file>
      <input_file id="fl-3">
         <path>.\</path>
         <kind>object</kind>
         <file>temp.obj</file>
         <name>temp.obj</name>
      </input_file>
      <input_file id="fl-4">
         <path>.\</path>
         <kind>object</kind>
         <file>tm4c123gh6pm_startup_ccs.obj</file>
         <name>tm4c123gh6pm_startup_ccs.obj</name>
      </input_file>
      <input_file id="fl-5">
         <path>.\MultimodDrivers\src\</path>
         <kind>object</kind>
         <file>multimod_BMI160.obj</file>
         <name>multimod_BMI160.obj</name>
      </input_file>
      <input_file id="fl-6">
         <path>.\MultimodDrivers\src\</path>
         <kind>object</kind>
         <file>multimod_OPT3001.obj</file>
         <name>multimod_OPT3001.obj</name>
      </input_file>
      <input_file id="fl-7">
         <path>.\MultimodDrivers\src\</path>
         <kind>object</kind>
         <file>multimod_PCA9956b.obj</file>
         <name>multimod_PCA9956b.obj</name>
      </input_file>
      <input_file id="fl-8">
         <path>.\MultimodDrivers\src\</path>
         <kind>object</kind>
         <file>multimod_i2c.obj</file>
         <name>multimod_i2c.obj</name>
      </input_file>
      <input_file id="fl-9">
         <path>.\MultimodDrivers\src\</path>
         <kind>object</kind>
         <file>multimod_uart.obj</file>
         <name>multimod_uart.obj</name>
      </input_file>
      <input_file id="fl-a">
         <path>.\driverlib\</path>
         <kind>object</kind>
         <file>adc.obj</file>
         <name>adc.obj</name>
      </input_file>
      <input_file id="fl-b">
         <path>.\driverlib\</path>
         <kind>object</kind>
         <file>aes.obj</file>
         <name>aes.obj</name>
      </input_file>
      <input_file id="fl-c">
         <path>.\driverlib\</path>
         <kind>object</kind>
         <file>can.obj</file>
         <name>can.obj</name>
      </input_file>
      <input_file id="fl-d">
         <path>.\driverlib\</path>
         <kind>object</kind>
         <file>comp.obj</file>
         <name>comp.obj</name>
      </input_file>
      <input_file id="fl-e">
         <path>.\driverlib\</path>
         <kind>object</kind>
         <file>cpu.obj</file>
         <name>cpu.obj</name>
      </input_file>
      <input_file id="fl-f">
         <path>.\driverlib\</path>
         <kind>object</kind>
         <file>crc.obj</file>
         <name>crc.obj</name>
      </input_file>
      <input_file id="fl-10">
         <path>.\driverlib\</path>
         <kind>object</kind>
         <file>des.obj</file>
         <name>des.obj</name>
      </input_file>
      <input_file id="fl-11">
         <path>.\driverlib\</path>
         <kind>object</kind>
         <file>eeprom.obj</file>
         <name>eeprom.obj</name>
      </input_file>
      <input_file id="fl-12">
         <path>.\driverlib\</path>
         <kind>object</kind>
         <file>emac.obj</file>
         <name>emac.obj</name>
      </input_file>
      <input_file id="fl-13">
         <path>.\driverlib\</path>
         <kind>object</kind>
         <file>epi.obj</file>
         <name>epi.obj</name>
      </input_file>
      <input_file id="fl-14">
         <path>.\driverlib\</path>
         <kind>object</kind>
         <file>epi_workaround_ccs.obj</file>
         <name>epi_workaround_ccs.obj</name>
      </input_file>
      <input_file id="fl-15">
         <path>.\driverlib\</path>
         <kind>object</kind>
         <file>flash.obj</file>
         <name>flash.obj</name>
      </input_file>
      <input_file id="fl-16">
         <path>.\driverlib\</path>
         <kind>object</kind>
         <file>fpu.obj</file>
         <name>fpu.obj</name>
      </input_file>
      <input_file id="fl-17">
         <path>.\driverlib\</path>
         <kind>object</kind>
         <file>gpio.obj</file>
         <name>gpio.obj</name>
      </input_file>
      <input_file id="fl-18">
         <path>.\driverlib\</path>
         <kind>object</kind>
         <file>hibernate.obj</file>
         <name>hibernate.obj</name>
      </input_file>
      <input_file id="fl-19">
         <path>.\driverlib\</path>
         <kind>object</kind>
         <file>i2c.obj</file>
         <name>i2c.obj</name>
      </input_file>
      <input_file id="fl-1a">
         <path>.\driverlib\</path>
         <kind>object</kind>
         <file>interrupt.obj</file>
         <name>interrupt.obj</name>
      </input_file>
      <input_file id="fl-1b">
         <path>.\driverlib\</path>
         <kind>object</kind>
         <file>lcd.obj</file>
         <name>lcd.obj</name>
      </input_file>
      <input_file id="fl-1c">
         <path>.\driverlib\</path>
         <kind>object</kind>
         <file>mpu.obj</file>
         <name>mpu.obj</name>
      </input_file>
      <input_file id="fl-1d">
         <path>.\driverlib\</path>
         <kind>object</kind>
         <file>onewire.obj</file>
         <name>onewire.obj</name>
      </input_file>
      <input_file id="fl-1e">
         <path>.\driverlib\</path>
         <kind>object</kind>
         <file>pwm.obj</file>
         <name>pwm.obj</name>
      </input_file>
      <input_file id="fl-1f">
         <path>.\driverlib\</path>
         <kind>object</kind>
         <file>qei.obj</file>
         <name>qei.obj</name>
      </input_file>
      <input_file id="fl-20">
         <path>.\driverlib\</path>
         <kind>object</kind>
         <file>shamd5.obj</file>
         <name>shamd5.obj</name>
      </input_file>
      <input_file id="fl-21">
         <path>.\driverlib\</path>
         <kind>object</kind>
         <file>ssi.obj</file>
         <name>ssi.obj</name>
      </input_file>
      <input_file id="fl-22">
         <path>.\driverlib\</path>
         <kind>object</kind>
         <file>sw_crc.obj</file>
         <name>sw_crc.obj</name>
      </input_file>
      <input_file id="fl-23">
         <path>.\driverlib\</path>
         <kind>object</kind>
         <file>sysctl.obj</file>
         <name>sysctl.obj</name>
      </input_file>
      <input_file id="fl-24">
         <path>.\driverlib\</path>
         <kind>object</kind>
         <file>sysexc.obj</file>
         <name>sysexc.obj</name>
      </input_file>
      <input_file id="fl-25">
         <path>.\driverlib\</path>
         <kind>object</kind>
         <file>systick.obj</file>
         <name>systick.obj</name>
      </input_file>
      <input_file id="fl-26">
         <path>.\driverlib\</path>
         <kind>object</kind>
         <file>timer.obj</file>
         <name>timer.obj</name>
      </input_file>
      <input_file id="fl-27">
         <path>.\driverlib\</path>
         <kind>object</kind>
         <file>uart.obj</file>
         <name>uart.obj</name>
      </input_file>
      <input_file id="fl-28">
         <path>.\driverlib\</path>
         <kind>object</kind>
         <file>uartstdio.obj</file>
         <name>uartstdio.obj</name>
      </input_file>
      <input_file id="fl-29">
         <path>.\driverlib\</path>
         <kind>object</kind>
         <file>udma.obj</file>
         <name>udma.obj</name>
      </input_file>
      <input_file id="fl-2a">
         <path>.\driverlib\</path>
         <kind>object</kind>
         <file>usb.obj</file>
         <name>usb.obj</name>
      </input_file>
      <input_file id="fl-2b">
         <path>.\driverlib\</path>
         <kind>object</kind>
         <file>watchdog.obj</file>
         <name>watchdog.obj</name>
      </input_file>
      <input_file id="fl-33">
         <kind>object</kind>
         <file>&lt;internal&gt;</file>
         <name>&lt;internal&gt;</name>
      </input_file>
      <input_file id="fl-e9">
         <path>C:\ti\ccs1280\ccs\tools\compiler\ti-cgt-arm_20.2.7.LTS\lib\</path>
         <kind>archive</kind>
         <file>rtsv7M4_T_le_v4SPD16_eabi.lib</file>
         <name>fd_mul_t2.asm.obj</name>
      </input_file>
      <input_file id="fl-ea">
         <path>C:\ti\ccs1280\ccs\tools\compiler\ti-cgt-arm_20.2.7.LTS\lib\</path>
         <kind>archive</kind>
         <file>rtsv7M4_T_le_v4SPD16_eabi.lib</file>
         <name>fd_toi_t2.asm.obj</name>
      </input_file>
      <input_file id="fl-eb">
         <path>C:\ti\ccs1280\ccs\tools\compiler\ti-cgt-arm_20.2.7.LTS\lib\</path>
         <kind>archive</kind>
         <file>rtsv7M4_T_le_v4SPD16_eabi.lib</file>
         <name>i_tofd_t2.asm.obj</name>
      </input_file>
      <input_file id="fl-ec">
         <path>C:\ti\ccs1280\ccs\tools\compiler\ti-cgt-arm_20.2.7.LTS\lib\</path>
         <kind>archive</kind>
         <file>rtsv7M4_T_le_v4SPD16_eabi.lib</file>
         <name>u_divt2.asm.obj</name>
      </input_file>
      <input_file id="fl-ed">
         <path>C:\ti\ccs1280\ccs\tools\compiler\ti-cgt-arm_20.2.7.LTS\lib\</path>
         <kind>archive</kind>
         <file>rtsv7M4_T_le_v4SPD16_eabi.lib</file>
         <name>copy_zero_init.c.obj</name>
      </input_file>
      <input_file id="fl-ee">
         <path>C:\ti\ccs1280\ccs\tools\compiler\ti-cgt-arm_20.2.7.LTS\lib\</path>
         <kind>archive</kind>
         <file>rtsv7M4_T_le_v4SPD16_eabi.lib</file>
         <name>copy_decompress_none.c.obj</name>
      </input_file>
      <input_file id="fl-ef">
         <path>C:\ti\ccs1280\ccs\tools\compiler\ti-cgt-arm_20.2.7.LTS\lib\</path>
         <kind>archive</kind>
         <file>rtsv7M4_T_le_v4SPD16_eabi.lib</file>
         <name>copy_decompress_lzss.c.obj</name>
      </input_file>
      <input_file id="fl-f0">
         <path>C:\ti\ccs1280\ccs\tools\compiler\ti-cgt-arm_20.2.7.LTS\lib\</path>
         <kind>archive</kind>
         <file>rtsv7M4_T_le_v4SPD16_eabi.lib</file>
         <name>boot_cortex_m.c.obj</name>
      </input_file>
      <input_file id="fl-f1">
         <path>C:\ti\ccs1280\ccs\tools\compiler\ti-cgt-arm_20.2.7.LTS\lib\</path>
         <kind>archive</kind>
         <file>rtsv7M4_T_le_v4SPD16_eabi.lib</file>
         <name>div0.asm.obj</name>
      </input_file>
      <input_file id="fl-f2">
         <path>C:\ti\ccs1280\ccs\tools\compiler\ti-cgt-arm_20.2.7.LTS\lib\</path>
         <kind>archive</kind>
         <file>rtsv7M4_T_le_v4SPD16_eabi.lib</file>
         <name>memcpy_t2.asm.obj</name>
      </input_file>
      <input_file id="fl-f3">
         <path>C:\ti\ccs1280\ccs\tools\compiler\ti-cgt-arm_20.2.7.LTS\lib\</path>
         <kind>archive</kind>
         <file>rtsv7M4_T_le_v4SPD16_eabi.lib</file>
         <name>memset_t2.asm.obj</name>
      </input_file>
      <input_file id="fl-f4">
         <path>C:\ti\ccs1280\ccs\tools\compiler\ti-cgt-arm_20.2.7.LTS\lib\</path>
         <kind>archive</kind>
         <file>rtsv7M4_T_le_v4SPD16_eabi.lib</file>
         <name>autoinit.c.obj</name>
      </input_file>
      <input_file id="fl-f5">
         <path>C:\ti\ccs1280\ccs\tools\compiler\ti-cgt-arm_20.2.7.LTS\lib\</path>
         <kind>archive</kind>
         <file>rtsv7M4_T_le_v4SPD16_eabi.lib</file>
         <name>pre_init.c.obj</name>
      </input_file>
      <input_file id="fl-f6">
         <path>C:\ti\ccs1280\ccs\tools\compiler\ti-cgt-arm_20.2.7.LTS\lib\</path>
         <kind>archive</kind>
         <file>rtsv7M4_T_le_v4SPD16_eabi.lib</file>
         <name>cpy_tbl.c.obj</name>
      </input_file>
      <input_file id="fl-f7">
         <path>C:\ti\ccs1280\ccs\tools\compiler\ti-cgt-arm_20.2.7.LTS\lib\</path>
         <kind>archive</kind>
         <file>rtsv7M4_T_le_v4SPD16_eabi.lib</file>
         <name>exit.c.obj</name>
      </input_file>
      <input_file id="fl-f8">
         <path>C:\ti\ccs1280\ccs\tools\compiler\ti-cgt-arm_20.2.7.LTS\lib\</path>
         <kind>archive</kind>
         <file>rtsv7M4_T_le_v4SPD16_eabi.lib</file>
         <name>_lock.c.obj</name>
      </input_file>
      <input_file id="fl-f9">
         <path>C:\ti\ccs1280\ccs\tools\compiler\ti-cgt-arm_20.2.7.LTS\lib\</path>
         <kind>archive</kind>
         <file>rtsv7M4_T_le_v4SPD16_eabi.lib</file>
         <name>args_main.c.obj</name>
      </input_file>
   </input_file_list>
   <object_component_list>
      <object_component id="oc-12">
         <name>.intvecs</name>
         <load_address>0x0</load_address>
         <run_address>0x0</run_address>
         <size>0x26c</size>
         <input_file_ref idref="fl-4"/>
      </object_component>
      <object_component id="oc-74">
         <name>.text</name>
         <load_address>0x26c</load_address>
         <run_address>0x26c</run_address>
         <size>0xf80</size>
         <input_file_ref idref="fl-23"/>
      </object_component>
      <object_component id="oc-86">
         <name>.text</name>
         <load_address>0x11ec</load_address>
         <run_address>0x11ec</run_address>
         <size>0xc14</size>
         <input_file_ref idref="fl-17"/>
      </object_component>
      <object_component id="oc-1ed">
         <name>.text</name>
         <load_address>0x1e00</load_address>
         <run_address>0x1e00</run_address>
         <size>0x6f8</size>
         <input_file_ref idref="fl-19"/>
      </object_component>
      <object_component id="oc-7a">
         <name>.text</name>
         <load_address>0x24f8</load_address>
         <run_address>0x24f8</run_address>
         <size>0x642</size>
         <input_file_ref idref="fl-26"/>
      </object_component>
      <object_component id="oc-202">
         <name>.text</name>
         <load_address>0x2b3a</load_address>
         <run_address>0x2b3a</run_address>
         <size>0x2</size>
         <input_file_ref idref="fl-f1"/>
      </object_component>
      <object_component id="oc-12a">
         <name>.text</name>
         <load_address>0x2b3c</load_address>
         <run_address>0x2b3c</run_address>
         <size>0x62e</size>
         <input_file_ref idref="fl-27"/>
      </object_component>
      <object_component id="oc-9e">
         <name>.text</name>
         <load_address>0x316c</load_address>
         <run_address>0x316c</run_address>
         <size>0x4a8</size>
         <input_file_ref idref="fl-28"/>
      </object_component>
      <object_component id="oc-80">
         <name>.text</name>
         <load_address>0x3614</load_address>
         <run_address>0x3614</run_address>
         <size>0x3c0</size>
         <input_file_ref idref="fl-1a"/>
      </object_component>
      <object_component id="oc-92">
         <name>.text</name>
         <load_address>0x39d4</load_address>
         <run_address>0x39d4</run_address>
         <size>0x2cc</size>
         <input_file_ref idref="fl-5"/>
      </object_component>
      <object_component id="oc-2d">
         <name>.text</name>
         <load_address>0x3ca0</load_address>
         <run_address>0x3ca0</run_address>
         <size>0x294</size>
         <input_file_ref idref="fl-2"/>
      </object_component>
      <object_component id="oc-131">
         <name>.text</name>
         <load_address>0x3f34</load_address>
         <run_address>0x3f34</run_address>
         <size>0x220</size>
         <input_file_ref idref="fl-8"/>
      </object_component>
      <object_component id="oc-98">
         <name>.text</name>
         <load_address>0x4154</load_address>
         <run_address>0x4154</run_address>
         <size>0x128</size>
         <input_file_ref idref="fl-6"/>
      </object_component>
      <object_component id="oc-13e">
         <name>.text</name>
         <load_address>0x427c</load_address>
         <run_address>0x427c</run_address>
         <size>0xfc</size>
         <input_file_ref idref="fl-e9"/>
      </object_component>
      <object_component id="oc-41">
         <name>.text</name>
         <load_address>0x4378</load_address>
         <run_address>0x4378</run_address>
         <size>0x9c</size>
         <input_file_ref idref="fl-f2"/>
      </object_component>
      <object_component id="oc-15">
         <name>.text:decompress:lzss:__TI_decompress_lzss</name>
         <load_address>0x4414</load_address>
         <run_address>0x4414</run_address>
         <size>0x68</size>
         <input_file_ref idref="fl-ef"/>
      </object_component>
      <object_component id="oc-8c">
         <name>.text</name>
         <load_address>0x447c</load_address>
         <run_address>0x447c</run_address>
         <size>0x54</size>
         <input_file_ref idref="fl-9"/>
      </object_component>
      <object_component id="oc-143">
         <name>.text</name>
         <load_address>0x44d0</load_address>
         <run_address>0x44d0</run_address>
         <size>0x48</size>
         <input_file_ref idref="fl-ea"/>
      </object_component>
      <object_component id="oc-186">
         <name>.text:__TI_auto_init_nobinit_nopinit:__TI_auto_init_nobinit_nopinit</name>
         <load_address>0x4518</load_address>
         <run_address>0x4518</run_address>
         <size>0x44</size>
         <input_file_ref idref="fl-f4"/>
      </object_component>
      <object_component id="oc-153">
         <name>.text</name>
         <load_address>0x455c</load_address>
         <run_address>0x455c</run_address>
         <size>0x40</size>
         <input_file_ref idref="fl-ec"/>
      </object_component>
      <object_component id="oc-e9">
         <name>.text</name>
         <load_address>0x459c</load_address>
         <run_address>0x459c</run_address>
         <size>0x3e</size>
         <input_file_ref idref="fl-e"/>
      </object_component>
      <object_component id="oc-5f">
         <name>.text:_c_int00_noargs:_c_int00_noargs</name>
         <load_address>0x45dc</load_address>
         <run_address>0x45dc</run_address>
         <size>0x34</size>
         <input_file_ref idref="fl-f0"/>
      </object_component>
      <object_component id="oc-139">
         <name>.text</name>
         <load_address>0x4610</load_address>
         <run_address>0x4610</run_address>
         <size>0x2e</size>
         <input_file_ref idref="fl-eb"/>
      </object_component>
      <object_component id="oc-4d">
         <name>.text:decompress:ZI:__TI_zero_init_nomemset:__TI_zero_init_nomemset</name>
         <load_address>0x463e</load_address>
         <run_address>0x463e</run_address>
         <size>0x1c</size>
         <input_file_ref idref="fl-ed"/>
      </object_component>
      <object_component id="oc-1b">
         <name>.text:decompress:none:__TI_decompress_none</name>
         <load_address>0x465a</load_address>
         <run_address>0x465a</run_address>
         <size>0xe</size>
         <input_file_ref idref="fl-ee"/>
      </object_component>
      <object_component id="oc-27">
         <name>.text</name>
         <load_address>0x4668</load_address>
         <run_address>0x4668</run_address>
         <size>0xc</size>
         <input_file_ref idref="fl-4"/>
      </object_component>
      <object_component id="oc-f8">
         <name>.text:SysCtlDelay</name>
         <load_address>0x4674</load_address>
         <run_address>0x4674</run_address>
         <size>0x6</size>
         <input_file_ref idref="fl-23"/>
      </object_component>
      <object_component id="oc-d4">
         <name>.text:_system_pre_init</name>
         <load_address>0x467a</load_address>
         <run_address>0x467a</run_address>
         <size>0x4</size>
         <input_file_ref idref="fl-f5"/>
      </object_component>
      <object_component id="oc-17a">
         <name>.text:abort:abort</name>
         <load_address>0x467e</load_address>
         <run_address>0x467e</run_address>
         <size>0x4</size>
         <input_file_ref idref="fl-f7"/>
      </object_component>
      <object_component id="oc-f5">
         <name>.const:g_pppui32XTALtoVCO</name>
         <load_address>0x4684</load_address>
         <run_address>0x4684</run_address>
         <size>0x1b0</size>
         <input_file_ref idref="fl-23"/>
      </object_component>
      <object_component id="oc-122">
         <name>.const:g_ppui32GPIOIntMapSnowflake</name>
         <load_address>0x4834</load_address>
         <run_address>0x4834</run_address>
         <size>0xd8</size>
         <input_file_ref idref="fl-17"/>
      </object_component>
      <object_component id="oc-11f">
         <name>.const:g_ppui32GPIOIntMapBlizzard</name>
         <load_address>0x490c</load_address>
         <run_address>0x490c</run_address>
         <size>0xc0</size>
         <input_file_ref idref="fl-17"/>
      </object_component>
      <object_component id="oc-10e">
         <name>.const:g_pui32Regs</name>
         <load_address>0x49cc</load_address>
         <run_address>0x49cc</run_address>
         <size>0x9c</size>
         <input_file_ref idref="fl-1a"/>
      </object_component>
      <object_component id="oc-125">
         <name>.const:g_pui32GPIOBaseAddrs</name>
         <load_address>0x4a68</load_address>
         <run_address>0x4a68</run_address>
         <size>0x90</size>
         <input_file_ref idref="fl-17"/>
      </object_component>
      <object_component id="oc-ef">
         <name>.const:g_pui32Xtals</name>
         <load_address>0x4af8</load_address>
         <run_address>0x4af8</run_address>
         <size>0x6c</size>
         <input_file_ref idref="fl-23"/>
      </object_component>
      <object_component id="oc-100">
         <name>.const:g_ppui32TimerIntMap</name>
         <load_address>0x4b64</load_address>
         <run_address>0x4b64</run_address>
         <size>0x60</size>
         <input_file_ref idref="fl-26"/>
      </object_component>
      <object_component id="oc-238">
         <name>.const:g_ppui32I2CIntMapSnowflake</name>
         <load_address>0x4bc4</load_address>
         <run_address>0x4bc4</run_address>
         <size>0x50</size>
         <input_file_ref idref="fl-19"/>
      </object_component>
      <object_component id="oc-103">
         <name>.const:g_ppui32TimerIntMapSnowflake</name>
         <load_address>0x4c14</load_address>
         <run_address>0x4c14</run_address>
         <size>0x40</size>
         <input_file_ref idref="fl-26"/>
      </object_component>
      <object_component id="oc-1e5">
         <name>.const:g_ppui32UARTIntMap</name>
         <load_address>0x4c54</load_address>
         <run_address>0x4c54</run_address>
         <size>0x40</size>
         <input_file_ref idref="fl-27"/>
      </object_component>
      <object_component id="oc-1e8">
         <name>.const:g_ppui32UARTIntMapSnowflake</name>
         <load_address>0x4c94</load_address>
         <run_address>0x4c94</run_address>
         <size>0x40</size>
         <input_file_ref idref="fl-27"/>
      </object_component>
      <object_component id="oc-235">
         <name>.const:g_ppui32I2CIntMap</name>
         <load_address>0x4cd4</load_address>
         <run_address>0x4cd4</run_address>
         <size>0x30</size>
         <input_file_ref idref="fl-19"/>
      </object_component>
      <object_component id="oc-e6">
         <name>.const:g_sXTALtoMEMTIM</name>
         <load_address>0x4d04</load_address>
         <run_address>0x4d04</run_address>
         <size>0x30</size>
         <input_file_ref idref="fl-23"/>
      </object_component>
      <object_component id="oc-10b">
         <name>.const:g_pui32Priority</name>
         <load_address>0x4d34</load_address>
         <run_address>0x4d34</run_address>
         <size>0x20</size>
         <input_file_ref idref="fl-1a"/>
      </object_component>
      <object_component id="oc-114">
         <name>.const:g_pui32Dii16Regs</name>
         <load_address>0x4d54</load_address>
         <run_address>0x4d54</run_address>
         <size>0x14</size>
         <input_file_ref idref="fl-1a"/>
      </object_component>
      <object_component id="oc-111">
         <name>.const:g_pui32EnRegs</name>
         <load_address>0x4d68</load_address>
         <run_address>0x4d68</run_address>
         <size>0x14</size>
         <input_file_ref idref="fl-1a"/>
      </object_component>
      <object_component id="oc-117">
         <name>.const:g_pui32PendRegs</name>
         <load_address>0x4d7c</load_address>
         <run_address>0x4d7c</run_address>
         <size>0x14</size>
         <input_file_ref idref="fl-1a"/>
      </object_component>
      <object_component id="oc-11a">
         <name>.const:g_pui32UnpendRegs</name>
         <load_address>0x4d90</load_address>
         <run_address>0x4d90</run_address>
         <size>0x14</size>
         <input_file_ref idref="fl-1a"/>
      </object_component>
      <object_component id="oc-208">
         <name>.const:.string</name>
         <load_address>0x4da4</load_address>
         <run_address>0x4da4</run_address>
         <size>0x12</size>
         <input_file_ref idref="fl-28"/>
      </object_component>
      <object_component id="oc-150">
         <name>.const:g_ui32UARTBase</name>
         <load_address>0x4db8</load_address>
         <run_address>0x4db8</run_address>
         <size>0xc</size>
         <input_file_ref idref="fl-28"/>
      </object_component>
      <object_component id="oc-14a">
         <name>.const:g_ui32UARTPeriph</name>
         <load_address>0x4dc4</load_address>
         <run_address>0x4dc4</run_address>
         <size>0xc</size>
         <input_file_ref idref="fl-28"/>
      </object_component>
      <object_component id="oc-f2">
         <name>.const:g_pui32VCOFrequencies</name>
         <load_address>0x4dd0</load_address>
         <run_address>0x4dd0</run_address>
         <size>0x8</size>
         <input_file_ref idref="fl-23"/>
      </object_component>
      <object_component id="oc-158">
         <name>.const</name>
         <load_address>0x4dd8</load_address>
         <run_address>0x4dd8</run_address>
         <size>0x4</size>
         <input_file_ref idref="fl-28"/>
      </object_component>
      <object_component id="oc-29f">
         <name>__TI_handler_table</name>
         <load_address>0x4de0</load_address>
         <run_address>0x4de0</run_address>
         <size>0xc</size>
      </object_component>
      <object_component id="oc-2a1">
         <name>.cinit..vtable.load</name>
         <load_address>0x4df0</load_address>
         <run_address>0x4df0</run_address>
         <size>0x8</size>
      </object_component>
      <object_component id="oc-2a2">
         <name>.cinit..data.load</name>
         <load_address>0x4df8</load_address>
         <run_address>0x4df8</run_address>
         <size>0x7</size>
      </object_component>
      <object_component id="oc-2a0">
         <name>__TI_cinit_table</name>
         <load_address>0x4e00</load_address>
         <run_address>0x4e00</run_address>
         <size>0x10</size>
      </object_component>
      <object_component id="oc-108">
         <name>.vtable</name>
         <uninitialized>true</uninitialized>
         <run_address>0x20000000</run_address>
         <size>0x26c</size>
         <input_file_ref idref="fl-1a"/>
      </object_component>
      <object_component id="oc-a4">
         <name>.data</name>
         <load_address>0x20000475</load_address>
         <run_address>0x20000475</run_address>
         <size>0x4</size>
         <input_file_ref idref="fl-2"/>
      </object_component>
      <object_component id="oc-14d">
         <name>.data</name>
         <load_address>0x20000470</load_address>
         <run_address>0x20000470</run_address>
         <size>0x5</size>
         <input_file_ref idref="fl-28"/>
      </object_component>
      <object_component id="oc-24">
         <name>.stack</name>
         <uninitialized>true</uninitialized>
         <run_address>0x20000270</run_address>
         <size>0x4</size>
         <input_file_ref idref="fl-f0"/>
      </object_component>
      <object_component id="oc-2a4">
         <name>.stack</name>
         <uninitialized>true</uninitialized>
         <run_address>0x20000270</run_address>
         <size>0x0</size>
      </object_component>
      <object_component id="oc-169">
         <name>.debug_info</name>
         <load_address>0x0</load_address>
         <run_address>0x0</run_address>
         <size>0x6b9</size>
         <input_file_ref idref="fl-2"/>
      </object_component>
      <object_component id="oc-a5">
         <name>.debug_info</name>
         <load_address>0x6b9</load_address>
         <run_address>0x6b9</run_address>
         <size>0x1a5</size>
         <input_file_ref idref="fl-2"/>
      </object_component>
      <object_component id="oc-2e">
         <name>.debug_info</name>
         <load_address>0x85e</load_address>
         <run_address>0x85e</run_address>
         <size>0x807</size>
         <input_file_ref idref="fl-2"/>
      </object_component>
      <object_component id="oc-b4">
         <name>.debug_info</name>
         <load_address>0x1065</load_address>
         <run_address>0x1065</run_address>
         <size>0x26b</size>
         <input_file_ref idref="fl-2"/>
      </object_component>
      <object_component id="oc-a8">
         <name>.debug_info</name>
         <load_address>0x12d0</load_address>
         <run_address>0x12d0</run_address>
         <size>0x8b</size>
         <input_file_ref idref="fl-2"/>
      </object_component>
      <object_component id="oc-164">
         <name>.debug_info</name>
         <load_address>0x135b</load_address>
         <run_address>0x135b</run_address>
         <size>0x2a4</size>
         <input_file_ref idref="fl-2"/>
      </object_component>
      <object_component id="oc-fa">
         <name>.debug_info</name>
         <load_address>0x15ff</load_address>
         <run_address>0x15ff</run_address>
         <size>0xef</size>
         <input_file_ref idref="fl-2"/>
      </object_component>
      <object_component id="oc-ad">
         <name>.debug_info</name>
         <load_address>0x16ee</load_address>
         <run_address>0x16ee</run_address>
         <size>0xbb</size>
         <input_file_ref idref="fl-2"/>
      </object_component>
      <object_component id="oc-15d">
         <name>.debug_info</name>
         <load_address>0x17a9</load_address>
         <run_address>0x17a9</run_address>
         <size>0x2c</size>
         <input_file_ref idref="fl-2"/>
      </object_component>
      <object_component id="oc-35">
         <name>.debug_info</name>
         <load_address>0x17d5</load_address>
         <run_address>0x17d5</run_address>
         <size>0x386</size>
         <input_file_ref idref="fl-4"/>
      </object_component>
      <object_component id="oc-13">
         <name>.debug_info</name>
         <load_address>0x1b5b</load_address>
         <run_address>0x1b5b</run_address>
         <size>0x12d</size>
         <input_file_ref idref="fl-4"/>
      </object_component>
      <object_component id="oc-28">
         <name>.debug_info</name>
         <load_address>0x1c88</load_address>
         <run_address>0x1c88</run_address>
         <size>0x2a9</size>
         <input_file_ref idref="fl-4"/>
      </object_component>
      <object_component id="oc-3c">
         <name>.debug_info</name>
         <load_address>0x1f31</load_address>
         <run_address>0x1f31</run_address>
         <size>0x84</size>
         <input_file_ref idref="fl-4"/>
      </object_component>
      <object_component id="oc-138">
         <name>.debug_info</name>
         <load_address>0x1fb5</load_address>
         <run_address>0x1fb5</run_address>
         <size>0x3fa</size>
         <input_file_ref idref="fl-5"/>
      </object_component>
      <object_component id="oc-95">
         <name>.debug_info</name>
         <load_address>0x23af</load_address>
         <run_address>0x23af</run_address>
         <size>0x1143</size>
         <input_file_ref idref="fl-5"/>
      </object_component>
      <object_component id="oc-149">
         <name>.debug_info</name>
         <load_address>0x34f2</load_address>
         <run_address>0x34f2</run_address>
         <size>0x3be</size>
         <input_file_ref idref="fl-6"/>
      </object_component>
      <object_component id="oc-9b">
         <name>.debug_info</name>
         <load_address>0x38b0</load_address>
         <run_address>0x38b0</run_address>
         <size>0x7cd</size>
         <input_file_ref idref="fl-6"/>
      </object_component>
      <object_component id="oc-1f4">
         <name>.debug_info</name>
         <load_address>0x407d</load_address>
         <run_address>0x407d</run_address>
         <size>0x5a4</size>
         <input_file_ref idref="fl-8"/>
      </object_component>
      <object_component id="oc-134">
         <name>.debug_info</name>
         <load_address>0x4621</load_address>
         <run_address>0x4621</run_address>
         <size>0x963</size>
         <input_file_ref idref="fl-8"/>
      </object_component>
      <object_component id="oc-8d">
         <name>.debug_info</name>
         <load_address>0x4f84</load_address>
         <run_address>0x4f84</run_address>
         <size>0x260</size>
         <input_file_ref idref="fl-9"/>
      </object_component>
      <object_component id="oc-ec">
         <name>.debug_info</name>
         <load_address>0x51e4</load_address>
         <run_address>0x51e4</run_address>
         <size>0x37a</size>
         <input_file_ref idref="fl-e"/>
      </object_component>
      <object_component id="oc-129">
         <name>.debug_info</name>
         <load_address>0x555e</load_address>
         <run_address>0x555e</run_address>
         <size>0x39e</size>
         <input_file_ref idref="fl-17"/>
      </object_component>
      <object_component id="oc-120">
         <name>.debug_info</name>
         <load_address>0x58fc</load_address>
         <run_address>0x58fc</run_address>
         <size>0x13e</size>
         <input_file_ref idref="fl-17"/>
      </object_component>
      <object_component id="oc-123">
         <name>.debug_info</name>
         <load_address>0x5a3a</load_address>
         <run_address>0x5a3a</run_address>
         <size>0x140</size>
         <input_file_ref idref="fl-17"/>
      </object_component>
      <object_component id="oc-126">
         <name>.debug_info</name>
         <load_address>0x5b7a</load_address>
         <run_address>0x5b7a</run_address>
         <size>0x132</size>
         <input_file_ref idref="fl-17"/>
      </object_component>
      <object_component id="oc-88">
         <name>.debug_info</name>
         <load_address>0x5cac</load_address>
         <run_address>0x5cac</run_address>
         <size>0x3227</size>
         <input_file_ref idref="fl-17"/>
      </object_component>
      <object_component id="oc-23c">
         <name>.debug_info</name>
         <load_address>0x8ed3</load_address>
         <run_address>0x8ed3</run_address>
         <size>0x38f</size>
         <input_file_ref idref="fl-19"/>
      </object_component>
      <object_component id="oc-236">
         <name>.debug_info</name>
         <load_address>0x9262</load_address>
         <run_address>0x9262</run_address>
         <size>0x12b</size>
         <input_file_ref idref="fl-19"/>
      </object_component>
      <object_component id="oc-239">
         <name>.debug_info</name>
         <load_address>0x938d</load_address>
         <run_address>0x938d</run_address>
         <size>0x13d</size>
         <input_file_ref idref="fl-19"/>
      </object_component>
      <object_component id="oc-1ee">
         <name>.debug_info</name>
         <load_address>0x94ca</load_address>
         <run_address>0x94ca</run_address>
         <size>0x2b97</size>
         <input_file_ref idref="fl-19"/>
      </object_component>
      <object_component id="oc-11e">
         <name>.debug_info</name>
         <load_address>0xc061</load_address>
         <run_address>0xc061</run_address>
         <size>0x37b</size>
         <input_file_ref idref="fl-1a"/>
      </object_component>
      <object_component id="oc-10c">
         <name>.debug_info</name>
         <load_address>0xc3dc</load_address>
         <run_address>0xc3dc</run_address>
         <size>0x12d</size>
         <input_file_ref idref="fl-1a"/>
      </object_component>
      <object_component id="oc-10f">
         <name>.debug_info</name>
         <load_address>0xc509</load_address>
         <run_address>0xc509</run_address>
         <size>0x125</size>
         <input_file_ref idref="fl-1a"/>
      </object_component>
      <object_component id="oc-112">
         <name>.debug_info</name>
         <load_address>0xc62e</load_address>
         <run_address>0xc62e</run_address>
         <size>0x129</size>
         <input_file_ref idref="fl-1a"/>
      </object_component>
      <object_component id="oc-115">
         <name>.debug_info</name>
         <load_address>0xc757</load_address>
         <run_address>0xc757</run_address>
         <size>0x12f</size>
         <input_file_ref idref="fl-1a"/>
      </object_component>
      <object_component id="oc-118">
         <name>.debug_info</name>
         <load_address>0xc886</load_address>
         <run_address>0xc886</run_address>
         <size>0x12d</size>
         <input_file_ref idref="fl-1a"/>
      </object_component>
      <object_component id="oc-11b">
         <name>.debug_info</name>
         <load_address>0xc9b3</load_address>
         <run_address>0xc9b3</run_address>
         <size>0x131</size>
         <input_file_ref idref="fl-1a"/>
      </object_component>
      <object_component id="oc-109">
         <name>.debug_info</name>
         <load_address>0xcae4</load_address>
         <run_address>0xcae4</run_address>
         <size>0x12e</size>
         <input_file_ref idref="fl-1a"/>
      </object_component>
      <object_component id="oc-82">
         <name>.debug_info</name>
         <load_address>0xcc12</load_address>
         <run_address>0xcc12</run_address>
         <size>0xd2e</size>
         <input_file_ref idref="fl-1a"/>
      </object_component>
      <object_component id="oc-ff">
         <name>.debug_info</name>
         <load_address>0xd940</load_address>
         <run_address>0xd940</run_address>
         <size>0x400</size>
         <input_file_ref idref="fl-23"/>
      </object_component>
      <object_component id="oc-f0">
         <name>.debug_info</name>
         <load_address>0xdd40</load_address>
         <run_address>0xdd40</run_address>
         <size>0x124</size>
         <input_file_ref idref="fl-23"/>
      </object_component>
      <object_component id="oc-f6">
         <name>.debug_info</name>
         <load_address>0xde64</load_address>
         <run_address>0xde64</run_address>
         <size>0x130</size>
         <input_file_ref idref="fl-23"/>
      </object_component>
      <object_component id="oc-e7">
         <name>.debug_info</name>
         <load_address>0xdf94</load_address>
         <run_address>0xdf94</run_address>
         <size>0x12a</size>
         <input_file_ref idref="fl-23"/>
      </object_component>
      <object_component id="oc-f3">
         <name>.debug_info</name>
         <load_address>0xe0be</load_address>
         <run_address>0xe0be</run_address>
         <size>0x137</size>
         <input_file_ref idref="fl-23"/>
      </object_component>
      <object_component id="oc-77">
         <name>.debug_info</name>
         <load_address>0xe1f5</load_address>
         <run_address>0xe1f5</run_address>
         <size>0x2b74</size>
         <input_file_ref idref="fl-23"/>
      </object_component>
      <object_component id="oc-1c3">
         <name>.debug_info</name>
         <load_address>0x10d69</load_address>
         <run_address>0x10d69</run_address>
         <size>0x51</size>
         <input_file_ref idref="fl-23"/>
      </object_component>
      <object_component id="oc-107">
         <name>.debug_info</name>
         <load_address>0x10dba</load_address>
         <run_address>0x10dba</run_address>
         <size>0x38b</size>
         <input_file_ref idref="fl-26"/>
      </object_component>
      <object_component id="oc-101">
         <name>.debug_info</name>
         <load_address>0x11145</load_address>
         <run_address>0x11145</run_address>
         <size>0x131</size>
         <input_file_ref idref="fl-26"/>
      </object_component>
      <object_component id="oc-104">
         <name>.debug_info</name>
         <load_address>0x11276</load_address>
         <run_address>0x11276</run_address>
         <size>0x143</size>
         <input_file_ref idref="fl-26"/>
      </object_component>
      <object_component id="oc-7e">
         <name>.debug_info</name>
         <load_address>0x113b9</load_address>
         <run_address>0x113b9</run_address>
         <size>0x24c7</size>
         <input_file_ref idref="fl-26"/>
      </object_component>
      <object_component id="oc-1ec">
         <name>.debug_info</name>
         <load_address>0x13880</load_address>
         <run_address>0x13880</run_address>
         <size>0x380</size>
         <input_file_ref idref="fl-27"/>
      </object_component>
      <object_component id="oc-1e6">
         <name>.debug_info</name>
         <load_address>0x13c00</load_address>
         <run_address>0x13c00</run_address>
         <size>0x12e</size>
         <input_file_ref idref="fl-27"/>
      </object_component>
      <object_component id="oc-1e9">
         <name>.debug_info</name>
         <load_address>0x13d2e</load_address>
         <run_address>0x13d2e</run_address>
         <size>0x140</size>
         <input_file_ref idref="fl-27"/>
      </object_component>
      <object_component id="oc-12b">
         <name>.debug_info</name>
         <load_address>0x13e6e</load_address>
         <run_address>0x13e6e</run_address>
         <size>0x2740</size>
         <input_file_ref idref="fl-27"/>
      </object_component>
      <object_component id="oc-15c">
         <name>.debug_info</name>
         <load_address>0x165ae</load_address>
         <run_address>0x165ae</run_address>
         <size>0x42c</size>
         <input_file_ref idref="fl-28"/>
      </object_component>
      <object_component id="oc-14e">
         <name>.debug_info</name>
         <load_address>0x169da</load_address>
         <run_address>0x169da</run_address>
         <size>0x123</size>
         <input_file_ref idref="fl-28"/>
      </object_component>
      <object_component id="oc-159">
         <name>.debug_info</name>
         <load_address>0x16afd</load_address>
         <run_address>0x16afd</run_address>
         <size>0x11d</size>
         <input_file_ref idref="fl-28"/>
      </object_component>
      <object_component id="oc-151">
         <name>.debug_info</name>
         <load_address>0x16c1a</load_address>
         <run_address>0x16c1a</run_address>
         <size>0x12b</size>
         <input_file_ref idref="fl-28"/>
      </object_component>
      <object_component id="oc-14b">
         <name>.debug_info</name>
         <load_address>0x16d45</load_address>
         <run_address>0x16d45</run_address>
         <size>0x12f</size>
         <input_file_ref idref="fl-28"/>
      </object_component>
      <object_component id="oc-9f">
         <name>.debug_info</name>
         <load_address>0x16e74</load_address>
         <run_address>0x16e74</run_address>
         <size>0x844</size>
         <input_file_ref idref="fl-28"/>
      </object_component>
      <object_component id="oc-141">
         <name>.debug_info</name>
         <load_address>0x176b8</load_address>
         <run_address>0x176b8</run_address>
         <size>0x13a</size>
         <input_file_ref idref="fl-e9"/>
      </object_component>
      <object_component id="oc-144">
         <name>.debug_info</name>
         <load_address>0x177f2</load_address>
         <run_address>0x177f2</run_address>
         <size>0x12e</size>
         <input_file_ref idref="fl-ea"/>
      </object_component>
      <object_component id="oc-13c">
         <name>.debug_info</name>
         <load_address>0x17920</load_address>
         <run_address>0x17920</run_address>
         <size>0x12c</size>
         <input_file_ref idref="fl-eb"/>
      </object_component>
      <object_component id="oc-155">
         <name>.debug_info</name>
         <load_address>0x17a4c</load_address>
         <run_address>0x17a4c</run_address>
         <size>0x142</size>
         <input_file_ref idref="fl-ec"/>
      </object_component>
      <object_component id="oc-cd">
         <name>.debug_info</name>
         <load_address>0x17b8e</load_address>
         <run_address>0x17b8e</run_address>
         <size>0x2d4</size>
         <input_file_ref idref="fl-ed"/>
      </object_component>
      <object_component id="oc-4e">
         <name>.debug_info</name>
         <load_address>0x17e62</load_address>
         <run_address>0x17e62</run_address>
         <size>0x1d2</size>
         <input_file_ref idref="fl-ed"/>
      </object_component>
      <object_component id="oc-c8">
         <name>.debug_info</name>
         <load_address>0x18034</load_address>
         <run_address>0x18034</run_address>
         <size>0x46</size>
         <input_file_ref idref="fl-ed"/>
      </object_component>
      <object_component id="oc-171">
         <name>.debug_info</name>
         <load_address>0x1807a</load_address>
         <run_address>0x1807a</run_address>
         <size>0x2c</size>
         <input_file_ref idref="fl-ed"/>
      </object_component>
      <object_component id="oc-4c">
         <name>.debug_info</name>
         <load_address>0x180a6</load_address>
         <run_address>0x180a6</run_address>
         <size>0x2a8</size>
         <input_file_ref idref="fl-ee"/>
      </object_component>
      <object_component id="oc-1c">
         <name>.debug_info</name>
         <load_address>0x1834e</load_address>
         <run_address>0x1834e</run_address>
         <size>0x1ea</size>
         <input_file_ref idref="fl-ee"/>
      </object_component>
      <object_component id="oc-47">
         <name>.debug_info</name>
         <load_address>0x18538</load_address>
         <run_address>0x18538</run_address>
         <size>0x46</size>
         <input_file_ref idref="fl-ee"/>
      </object_component>
      <object_component id="oc-c0">
         <name>.debug_info</name>
         <load_address>0x1857e</load_address>
         <run_address>0x1857e</run_address>
         <size>0x2c</size>
         <input_file_ref idref="fl-ee"/>
      </object_component>
      <object_component id="oc-be">
         <name>.debug_info</name>
         <load_address>0x185aa</load_address>
         <run_address>0x185aa</run_address>
         <size>0x29e</size>
         <input_file_ref idref="fl-ef"/>
      </object_component>
      <object_component id="oc-18">
         <name>.debug_info</name>
         <load_address>0x18848</load_address>
         <run_address>0x18848</run_address>
         <size>0x250</size>
         <input_file_ref idref="fl-ef"/>
      </object_component>
      <object_component id="oc-37">
         <name>.debug_info</name>
         <load_address>0x18a98</load_address>
         <run_address>0x18a98</run_address>
         <size>0x60</size>
         <input_file_ref idref="fl-ef"/>
      </object_component>
      <object_component id="oc-16a">
         <name>.debug_info</name>
         <load_address>0x18af8</load_address>
         <run_address>0x18af8</run_address>
         <size>0x46</size>
         <input_file_ref idref="fl-ef"/>
      </object_component>
      <object_component id="oc-b9">
         <name>.debug_info</name>
         <load_address>0x18b3e</load_address>
         <run_address>0x18b3e</run_address>
         <size>0x39</size>
         <input_file_ref idref="fl-ef"/>
      </object_component>
      <object_component id="oc-25">
         <name>.debug_info</name>
         <load_address>0x18b77</load_address>
         <run_address>0x18b77</run_address>
         <size>0x10b</size>
         <input_file_ref idref="fl-f0"/>
      </object_component>
      <object_component id="oc-61">
         <name>.debug_info</name>
         <load_address>0x18c82</load_address>
         <run_address>0x18c82</run_address>
         <size>0x1a9</size>
         <input_file_ref idref="fl-f0"/>
      </object_component>
      <object_component id="oc-204">
         <name>.debug_info</name>
         <load_address>0x18e2b</load_address>
         <run_address>0x18e2b</run_address>
         <size>0x115</size>
         <input_file_ref idref="fl-f1"/>
      </object_component>
      <object_component id="oc-42">
         <name>.debug_info</name>
         <load_address>0x18f40</load_address>
         <run_address>0x18f40</run_address>
         <size>0x119</size>
         <input_file_ref idref="fl-f2"/>
      </object_component>
      <object_component id="oc-21a">
         <name>.debug_info</name>
         <load_address>0x19059</load_address>
         <run_address>0x19059</run_address>
         <size>0x4b3</size>
         <input_file_ref idref="fl-f4"/>
      </object_component>
      <object_component id="oc-187">
         <name>.debug_info</name>
         <load_address>0x1950c</load_address>
         <run_address>0x1950c</run_address>
         <size>0x1a6</size>
         <input_file_ref idref="fl-f4"/>
      </object_component>
      <object_component id="oc-250">
         <name>.debug_info</name>
         <load_address>0x196b2</load_address>
         <run_address>0x196b2</run_address>
         <size>0x39</size>
         <input_file_ref idref="fl-f4"/>
      </object_component>
      <object_component id="oc-26a">
         <name>.debug_info</name>
         <load_address>0x196eb</load_address>
         <run_address>0x196eb</run_address>
         <size>0x39</size>
         <input_file_ref idref="fl-f4"/>
      </object_component>
      <object_component id="oc-255">
         <name>.debug_info</name>
         <load_address>0x19724</load_address>
         <run_address>0x19724</run_address>
         <size>0x39</size>
         <input_file_ref idref="fl-f4"/>
      </object_component>
      <object_component id="oc-25a">
         <name>.debug_info</name>
         <load_address>0x1975d</load_address>
         <run_address>0x1975d</run_address>
         <size>0xcd</size>
         <input_file_ref idref="fl-f4"/>
      </object_component>
      <object_component id="oc-d7">
         <name>.debug_info</name>
         <load_address>0x1982a</load_address>
         <run_address>0x1982a</run_address>
         <size>0x153</size>
         <input_file_ref idref="fl-f5"/>
      </object_component>
      <object_component id="oc-17d">
         <name>.debug_info</name>
         <load_address>0x1997d</load_address>
         <run_address>0x1997d</run_address>
         <size>0x122</size>
         <input_file_ref idref="fl-f7"/>
      </object_component>
      <object_component id="oc-2a5">
         <name>.debug_info</name>
         <load_address>0x19a9f</load_address>
         <run_address>0x19a9f</run_address>
         <size>0xe0</size>
      </object_component>
      <object_component id="oc-20e">
         <name>.debug_line</name>
         <load_address>0x0</load_address>
         <run_address>0x0</run_address>
         <size>0x324</size>
         <input_file_ref idref="fl-2"/>
      </object_component>
      <object_component id="oc-163">
         <name>.debug_line</name>
         <load_address>0x324</load_address>
         <run_address>0x324</run_address>
         <size>0x2e</size>
         <input_file_ref idref="fl-2"/>
      </object_component>
      <object_component id="oc-31">
         <name>.debug_line</name>
         <load_address>0x352</load_address>
         <run_address>0x352</run_address>
         <size>0x172</size>
         <input_file_ref idref="fl-2"/>
      </object_component>
      <object_component id="oc-b7">
         <name>.debug_line</name>
         <load_address>0x4c4</load_address>
         <run_address>0x4c4</run_address>
         <size>0x6f</size>
         <input_file_ref idref="fl-2"/>
      </object_component>
      <object_component id="oc-ab">
         <name>.debug_line</name>
         <load_address>0x533</load_address>
         <run_address>0x533</run_address>
         <size>0x20</size>
         <input_file_ref idref="fl-2"/>
      </object_component>
      <object_component id="oc-167">
         <name>.debug_line</name>
         <load_address>0x553</load_address>
         <run_address>0x553</run_address>
         <size>0x73</size>
         <input_file_ref idref="fl-2"/>
      </object_component>
      <object_component id="oc-fd">
         <name>.debug_line</name>
         <load_address>0x5c6</load_address>
         <run_address>0x5c6</run_address>
         <size>0x6f</size>
         <input_file_ref idref="fl-2"/>
      </object_component>
      <object_component id="oc-b0">
         <name>.debug_line</name>
         <load_address>0x635</load_address>
         <run_address>0x635</run_address>
         <size>0x70</size>
         <input_file_ref idref="fl-2"/>
      </object_component>
      <object_component id="oc-160">
         <name>.debug_line</name>
         <load_address>0x6a5</load_address>
         <run_address>0x6a5</run_address>
         <size>0x6b</size>
         <input_file_ref idref="fl-2"/>
      </object_component>
      <object_component id="oc-b3">
         <name>.debug_line</name>
         <load_address>0x710</load_address>
         <run_address>0x710</run_address>
         <size>0x41</size>
         <input_file_ref idref="fl-4"/>
      </object_component>
      <object_component id="oc-34">
         <name>.debug_line</name>
         <load_address>0x751</load_address>
         <run_address>0x751</run_address>
         <size>0x41</size>
         <input_file_ref idref="fl-4"/>
      </object_component>
      <object_component id="oc-2b">
         <name>.debug_line</name>
         <load_address>0x792</load_address>
         <run_address>0x792</run_address>
         <size>0xa1</size>
         <input_file_ref idref="fl-4"/>
      </object_component>
      <object_component id="oc-3f">
         <name>.debug_line</name>
         <load_address>0x833</load_address>
         <run_address>0x833</run_address>
         <size>0x20</size>
         <input_file_ref idref="fl-4"/>
      </object_component>
      <object_component id="oc-1f6">
         <name>.debug_line</name>
         <load_address>0x853</load_address>
         <run_address>0x853</run_address>
         <size>0x4c</size>
         <input_file_ref idref="fl-5"/>
      </object_component>
      <object_component id="oc-94">
         <name>.debug_line</name>
         <load_address>0x89f</load_address>
         <run_address>0x89f</run_address>
         <size>0x274</size>
         <input_file_ref idref="fl-5"/>
      </object_component>
      <object_component id="oc-1fb">
         <name>.debug_line</name>
         <load_address>0xb13</load_address>
         <run_address>0xb13</run_address>
         <size>0x4c</size>
         <input_file_ref idref="fl-6"/>
      </object_component>
      <object_component id="oc-9d">
         <name>.debug_line</name>
         <load_address>0xb5f</load_address>
         <run_address>0xb5f</run_address>
         <size>0x116</size>
         <input_file_ref idref="fl-6"/>
      </object_component>
      <object_component id="oc-23e">
         <name>.debug_line</name>
         <load_address>0xc75</load_address>
         <run_address>0xc75</run_address>
         <size>0x1a1</size>
         <input_file_ref idref="fl-8"/>
      </object_component>
      <object_component id="oc-133">
         <name>.debug_line</name>
         <load_address>0xe16</load_address>
         <run_address>0xe16</run_address>
         <size>0x128</size>
         <input_file_ref idref="fl-8"/>
      </object_component>
      <object_component id="oc-91">
         <name>.debug_line</name>
         <load_address>0xf3e</load_address>
         <run_address>0xf3e</run_address>
         <size>0x71</size>
         <input_file_ref idref="fl-9"/>
      </object_component>
      <object_component id="oc-ee">
         <name>.debug_line</name>
         <load_address>0xfaf</load_address>
         <run_address>0xfaf</run_address>
         <size>0xd9</size>
         <input_file_ref idref="fl-e"/>
      </object_component>
      <object_component id="oc-1e4">
         <name>.debug_line</name>
         <load_address>0x1088</load_address>
         <run_address>0x1088</run_address>
         <size>0xa5</size>
         <input_file_ref idref="fl-17"/>
      </object_component>
      <object_component id="oc-1de">
         <name>.debug_line</name>
         <load_address>0x112d</load_address>
         <run_address>0x112d</run_address>
         <size>0x37</size>
         <input_file_ref idref="fl-17"/>
      </object_component>
      <object_component id="oc-1e0">
         <name>.debug_line</name>
         <load_address>0x1164</load_address>
         <run_address>0x1164</run_address>
         <size>0x37</size>
         <input_file_ref idref="fl-17"/>
      </object_component>
      <object_component id="oc-1e2">
         <name>.debug_line</name>
         <load_address>0x119b</load_address>
         <run_address>0x119b</run_address>
         <size>0x37</size>
         <input_file_ref idref="fl-17"/>
      </object_component>
      <object_component id="oc-87">
         <name>.debug_line</name>
         <load_address>0x11d2</load_address>
         <run_address>0x11d2</run_address>
         <size>0x658</size>
         <input_file_ref idref="fl-17"/>
      </object_component>
      <object_component id="oc-266">
         <name>.debug_line</name>
         <load_address>0x182a</load_address>
         <run_address>0x182a</run_address>
         <size>0xa5</size>
         <input_file_ref idref="fl-19"/>
      </object_component>
      <object_component id="oc-262">
         <name>.debug_line</name>
         <load_address>0x18cf</load_address>
         <run_address>0x18cf</run_address>
         <size>0x36</size>
         <input_file_ref idref="fl-19"/>
      </object_component>
      <object_component id="oc-264">
         <name>.debug_line</name>
         <load_address>0x1905</load_address>
         <run_address>0x1905</run_address>
         <size>0x36</size>
         <input_file_ref idref="fl-19"/>
      </object_component>
      <object_component id="oc-1f2">
         <name>.debug_line</name>
         <load_address>0x193b</load_address>
         <run_address>0x193b</run_address>
         <size>0x690</size>
         <input_file_ref idref="fl-19"/>
      </object_component>
      <object_component id="oc-1dc">
         <name>.debug_line</name>
         <load_address>0x1fcb</load_address>
         <run_address>0x1fcb</run_address>
         <size>0x9f</size>
         <input_file_ref idref="fl-1a"/>
      </object_component>
      <object_component id="oc-1d0">
         <name>.debug_line</name>
         <load_address>0x206a</load_address>
         <run_address>0x206a</run_address>
         <size>0x3c</size>
         <input_file_ref idref="fl-1a"/>
      </object_component>
      <object_component id="oc-1d2">
         <name>.debug_line</name>
         <load_address>0x20a6</load_address>
         <run_address>0x20a6</run_address>
         <size>0x3c</size>
         <input_file_ref idref="fl-1a"/>
      </object_component>
      <object_component id="oc-1d4">
         <name>.debug_line</name>
         <load_address>0x20e2</load_address>
         <run_address>0x20e2</run_address>
         <size>0x3c</size>
         <input_file_ref idref="fl-1a"/>
      </object_component>
      <object_component id="oc-1d6">
         <name>.debug_line</name>
         <load_address>0x211e</load_address>
         <run_address>0x211e</run_address>
         <size>0x3c</size>
         <input_file_ref idref="fl-1a"/>
      </object_component>
      <object_component id="oc-1d8">
         <name>.debug_line</name>
         <load_address>0x215a</load_address>
         <run_address>0x215a</run_address>
         <size>0x3c</size>
         <input_file_ref idref="fl-1a"/>
      </object_component>
      <object_component id="oc-1da">
         <name>.debug_line</name>
         <load_address>0x2196</load_address>
         <run_address>0x2196</run_address>
         <size>0x3c</size>
         <input_file_ref idref="fl-1a"/>
      </object_component>
      <object_component id="oc-1ce">
         <name>.debug_line</name>
         <load_address>0x21d2</load_address>
         <run_address>0x21d2</run_address>
         <size>0x3c</size>
         <input_file_ref idref="fl-1a"/>
      </object_component>
      <object_component id="oc-85">
         <name>.debug_line</name>
         <load_address>0x220e</load_address>
         <run_address>0x220e</run_address>
         <size>0x2ba</size>
         <input_file_ref idref="fl-1a"/>
      </object_component>
      <object_component id="oc-1c2">
         <name>.debug_line</name>
         <load_address>0x24c8</load_address>
         <run_address>0x24c8</run_address>
         <size>0x1a6</size>
         <input_file_ref idref="fl-23"/>
      </object_component>
      <object_component id="oc-1bc">
         <name>.debug_line</name>
         <load_address>0x266e</load_address>
         <run_address>0x266e</run_address>
         <size>0x39</size>
         <input_file_ref idref="fl-23"/>
      </object_component>
      <object_component id="oc-1c0">
         <name>.debug_line</name>
         <load_address>0x26a7</load_address>
         <run_address>0x26a7</run_address>
         <size>0x39</size>
         <input_file_ref idref="fl-23"/>
      </object_component>
      <object_component id="oc-1b9">
         <name>.debug_line</name>
         <load_address>0x26e0</load_address>
         <run_address>0x26e0</run_address>
         <size>0x39</size>
         <input_file_ref idref="fl-23"/>
      </object_component>
      <object_component id="oc-1be">
         <name>.debug_line</name>
         <load_address>0x2719</load_address>
         <run_address>0x2719</run_address>
         <size>0x39</size>
         <input_file_ref idref="fl-23"/>
      </object_component>
      <object_component id="oc-75">
         <name>.debug_line</name>
         <load_address>0x2752</load_address>
         <run_address>0x2752</run_address>
         <size>0x977</size>
         <input_file_ref idref="fl-23"/>
      </object_component>
      <object_component id="oc-1c5">
         <name>.debug_line</name>
         <load_address>0x30c9</load_address>
         <run_address>0x30c9</run_address>
         <size>0x39</size>
         <input_file_ref idref="fl-23"/>
      </object_component>
      <object_component id="oc-1cc">
         <name>.debug_line</name>
         <load_address>0x3102</load_address>
         <run_address>0x3102</run_address>
         <size>0xa5</size>
         <input_file_ref idref="fl-26"/>
      </object_component>
      <object_component id="oc-1c8">
         <name>.debug_line</name>
         <load_address>0x31a7</load_address>
         <run_address>0x31a7</run_address>
         <size>0x38</size>
         <input_file_ref idref="fl-26"/>
      </object_component>
      <object_component id="oc-1ca">
         <name>.debug_line</name>
         <load_address>0x31df</load_address>
         <run_address>0x31df</run_address>
         <size>0x38</size>
         <input_file_ref idref="fl-26"/>
      </object_component>
      <object_component id="oc-7d">
         <name>.debug_line</name>
         <load_address>0x3217</load_address>
         <run_address>0x3217</run_address>
         <size>0x51e</size>
         <input_file_ref idref="fl-26"/>
      </object_component>
      <object_component id="oc-234">
         <name>.debug_line</name>
         <load_address>0x3735</load_address>
         <run_address>0x3735</run_address>
         <size>0xa5</size>
         <input_file_ref idref="fl-27"/>
      </object_component>
      <object_component id="oc-230">
         <name>.debug_line</name>
         <load_address>0x37da</load_address>
         <run_address>0x37da</run_address>
         <size>0x37</size>
         <input_file_ref idref="fl-27"/>
      </object_component>
      <object_component id="oc-232">
         <name>.debug_line</name>
         <load_address>0x3811</load_address>
         <run_address>0x3811</run_address>
         <size>0x37</size>
         <input_file_ref idref="fl-27"/>
      </object_component>
      <object_component id="oc-12f">
         <name>.debug_line</name>
         <load_address>0x3848</load_address>
         <run_address>0x3848</run_address>
         <size>0x5b7</size>
         <input_file_ref idref="fl-27"/>
      </object_component>
      <object_component id="oc-20c">
         <name>.debug_line</name>
         <load_address>0x3dff</load_address>
         <run_address>0x3dff</run_address>
         <size>0x122</size>
         <input_file_ref idref="fl-28"/>
      </object_component>
      <object_component id="oc-1ff">
         <name>.debug_line</name>
         <load_address>0x3f21</load_address>
         <run_address>0x3f21</run_address>
         <size>0x3c</size>
         <input_file_ref idref="fl-28"/>
      </object_component>
      <object_component id="oc-20a">
         <name>.debug_line</name>
         <load_address>0x3f5d</load_address>
         <run_address>0x3f5d</run_address>
         <size>0x3c</size>
         <input_file_ref idref="fl-28"/>
      </object_component>
      <object_component id="oc-201">
         <name>.debug_line</name>
         <load_address>0x3f99</load_address>
         <run_address>0x3f99</run_address>
         <size>0x3c</size>
         <input_file_ref idref="fl-28"/>
      </object_component>
      <object_component id="oc-1fd">
         <name>.debug_line</name>
         <load_address>0x3fd5</load_address>
         <run_address>0x3fd5</run_address>
         <size>0x3c</size>
         <input_file_ref idref="fl-28"/>
      </object_component>
      <object_component id="oc-a2">
         <name>.debug_line</name>
         <load_address>0x4011</load_address>
         <run_address>0x4011</run_address>
         <size>0x281</size>
         <input_file_ref idref="fl-28"/>
      </object_component>
      <object_component id="oc-140">
         <name>.debug_line</name>
         <load_address>0x4292</load_address>
         <run_address>0x4292</run_address>
         <size>0x8e</size>
         <input_file_ref idref="fl-e9"/>
      </object_component>
      <object_component id="oc-147">
         <name>.debug_line</name>
         <load_address>0x4320</load_address>
         <run_address>0x4320</run_address>
         <size>0x5a</size>
         <input_file_ref idref="fl-ea"/>
      </object_component>
      <object_component id="oc-13b">
         <name>.debug_line</name>
         <load_address>0x437a</load_address>
         <run_address>0x437a</run_address>
         <size>0x50</size>
         <input_file_ref idref="fl-eb"/>
      </object_component>
      <object_component id="oc-157">
         <name>.debug_line</name>
         <load_address>0x43ca</load_address>
         <run_address>0x43ca</run_address>
         <size>0x5b</size>
         <input_file_ref idref="fl-ec"/>
      </object_component>
      <object_component id="oc-177">
         <name>.debug_line</name>
         <load_address>0x4425</load_address>
         <run_address>0x4425</run_address>
         <size>0x92</size>
         <input_file_ref idref="fl-ed"/>
      </object_component>
      <object_component id="oc-52">
         <name>.debug_line</name>
         <load_address>0x44b7</load_address>
         <run_address>0x44b7</run_address>
         <size>0x4c</size>
         <input_file_ref idref="fl-ed"/>
      </object_component>
      <object_component id="oc-cb">
         <name>.debug_line</name>
         <load_address>0x4503</load_address>
         <run_address>0x4503</run_address>
         <size>0x34</size>
         <input_file_ref idref="fl-ed"/>
      </object_component>
      <object_component id="oc-174">
         <name>.debug_line</name>
         <load_address>0x4537</load_address>
         <run_address>0x4537</run_address>
         <size>0x92</size>
         <input_file_ref idref="fl-ed"/>
      </object_component>
      <object_component id="oc-c6">
         <name>.debug_line</name>
         <load_address>0x45c9</load_address>
         <run_address>0x45c9</run_address>
         <size>0x20</size>
         <input_file_ref idref="fl-ee"/>
      </object_component>
      <object_component id="oc-20">
         <name>.debug_line</name>
         <load_address>0x45e9</load_address>
         <run_address>0x45e9</run_address>
         <size>0x55</size>
         <input_file_ref idref="fl-ee"/>
      </object_component>
      <object_component id="oc-4a">
         <name>.debug_line</name>
         <load_address>0x463e</load_address>
         <run_address>0x463e</run_address>
         <size>0x3a</size>
         <input_file_ref idref="fl-ee"/>
      </object_component>
      <object_component id="oc-c3">
         <name>.debug_line</name>
         <load_address>0x4678</load_address>
         <run_address>0x4678</run_address>
         <size>0x92</size>
         <input_file_ref idref="fl-ee"/>
      </object_component>
      <object_component id="oc-170">
         <name>.debug_line</name>
         <load_address>0x470a</load_address>
         <run_address>0x470a</run_address>
         <size>0x20</size>
         <input_file_ref idref="fl-ef"/>
      </object_component>
      <object_component id="oc-1a">
         <name>.debug_line</name>
         <load_address>0x472a</load_address>
         <run_address>0x472a</run_address>
         <size>0xa9</size>
         <input_file_ref idref="fl-ef"/>
      </object_component>
      <object_component id="oc-3a">
         <name>.debug_line</name>
         <load_address>0x47d3</load_address>
         <run_address>0x47d3</run_address>
         <size>0x3a</size>
         <input_file_ref idref="fl-ef"/>
      </object_component>
      <object_component id="oc-16d">
         <name>.debug_line</name>
         <load_address>0x480d</load_address>
         <run_address>0x480d</run_address>
         <size>0x9a</size>
         <input_file_ref idref="fl-ef"/>
      </object_component>
      <object_component id="oc-bc">
         <name>.debug_line</name>
         <load_address>0x48a7</load_address>
         <run_address>0x48a7</run_address>
         <size>0x96</size>
         <input_file_ref idref="fl-ef"/>
      </object_component>
      <object_component id="oc-72">
         <name>.debug_line</name>
         <load_address>0x493d</load_address>
         <run_address>0x493d</run_address>
         <size>0x33</size>
         <input_file_ref idref="fl-f0"/>
      </object_component>
      <object_component id="oc-64">
         <name>.debug_line</name>
         <load_address>0x4970</load_address>
         <run_address>0x4970</run_address>
         <size>0x45</size>
         <input_file_ref idref="fl-f0"/>
      </object_component>
      <object_component id="oc-203">
         <name>.debug_line</name>
         <load_address>0x49b5</load_address>
         <run_address>0x49b5</run_address>
         <size>0x37</size>
         <input_file_ref idref="fl-f1"/>
      </object_component>
      <object_component id="oc-45">
         <name>.debug_line</name>
         <load_address>0x49ec</load_address>
         <run_address>0x49ec</run_address>
         <size>0x88</size>
         <input_file_ref idref="fl-f2"/>
      </object_component>
      <object_component id="oc-24f">
         <name>.debug_line</name>
         <load_address>0x4a74</load_address>
         <run_address>0x4a74</run_address>
         <size>0xbf</size>
         <input_file_ref idref="fl-f4"/>
      </object_component>
      <object_component id="oc-18a">
         <name>.debug_line</name>
         <load_address>0x4b33</load_address>
         <run_address>0x4b33</run_address>
         <size>0x6f</size>
         <input_file_ref idref="fl-f4"/>
      </object_component>
      <object_component id="oc-253">
         <name>.debug_line</name>
         <load_address>0x4ba2</load_address>
         <run_address>0x4ba2</run_address>
         <size>0x2e</size>
         <input_file_ref idref="fl-f4"/>
      </object_component>
      <object_component id="oc-26d">
         <name>.debug_line</name>
         <load_address>0x4bd0</load_address>
         <run_address>0x4bd0</run_address>
         <size>0x9a</size>
         <input_file_ref idref="fl-f4"/>
      </object_component>
      <object_component id="oc-258">
         <name>.debug_line</name>
         <load_address>0x4c6a</load_address>
         <run_address>0x4c6a</run_address>
         <size>0x97</size>
         <input_file_ref idref="fl-f4"/>
      </object_component>
      <object_component id="oc-25d">
         <name>.debug_line</name>
         <load_address>0x4d01</load_address>
         <run_address>0x4d01</run_address>
         <size>0x93</size>
         <input_file_ref idref="fl-f4"/>
      </object_component>
      <object_component id="oc-d5">
         <name>.debug_line</name>
         <load_address>0x4d94</load_address>
         <run_address>0x4d94</run_address>
         <size>0x40</size>
         <input_file_ref idref="fl-f5"/>
      </object_component>
      <object_component id="oc-17b">
         <name>.debug_line</name>
         <load_address>0x4dd4</load_address>
         <run_address>0x4dd4</run_address>
         <size>0x3c</size>
         <input_file_ref idref="fl-f7"/>
      </object_component>
      <object_component id="oc-32">
         <name>.debug_frame</name>
         <load_address>0x0</load_address>
         <run_address>0x0</run_address>
         <size>0x10c</size>
         <input_file_ref idref="fl-2"/>
      </object_component>
      <object_component id="oc-2c">
         <name>.debug_frame</name>
         <load_address>0x10c</load_address>
         <run_address>0x10c</run_address>
         <size>0x90</size>
         <input_file_ref idref="fl-4"/>
      </object_component>
      <object_component id="oc-97">
         <name>.debug_frame</name>
         <load_address>0x19c</load_address>
         <run_address>0x19c</run_address>
         <size>0x1ec</size>
         <input_file_ref idref="fl-5"/>
      </object_component>
      <object_component id="oc-99">
         <name>.debug_frame</name>
         <load_address>0x388</load_address>
         <run_address>0x388</run_address>
         <size>0xf4</size>
         <input_file_ref idref="fl-6"/>
      </object_component>
      <object_component id="oc-136">
         <name>.debug_frame</name>
         <load_address>0x47c</load_address>
         <run_address>0x47c</run_address>
         <size>0xd0</size>
         <input_file_ref idref="fl-8"/>
      </object_component>
      <object_component id="oc-90">
         <name>.debug_frame</name>
         <load_address>0x54c</load_address>
         <run_address>0x54c</run_address>
         <size>0x58</size>
         <input_file_ref idref="fl-9"/>
      </object_component>
      <object_component id="oc-ea">
         <name>.debug_frame</name>
         <load_address>0x5a4</load_address>
         <run_address>0x5a4</run_address>
         <size>0xbc</size>
         <input_file_ref idref="fl-e"/>
      </object_component>
      <object_component id="oc-8b">
         <name>.debug_frame</name>
         <load_address>0x660</load_address>
         <run_address>0x660</run_address>
         <size>0x57c</size>
         <input_file_ref idref="fl-17"/>
      </object_component>
      <object_component id="oc-1f1">
         <name>.debug_frame</name>
         <load_address>0xbdc</load_address>
         <run_address>0xbdc</run_address>
         <size>0x578</size>
         <input_file_ref idref="fl-19"/>
      </object_component>
      <object_component id="oc-81">
         <name>.debug_frame</name>
         <load_address>0x1154</load_address>
         <run_address>0x1154</run_address>
         <size>0x1d4</size>
         <input_file_ref idref="fl-1a"/>
      </object_component>
      <object_component id="oc-76">
         <name>.debug_frame</name>
         <load_address>0x1328</load_address>
         <run_address>0x1328</run_address>
         <size>0x5a8</size>
         <input_file_ref idref="fl-23"/>
      </object_component>
      <object_component id="oc-7b">
         <name>.debug_frame</name>
         <load_address>0x18d0</load_address>
         <run_address>0x18d0</run_address>
         <size>0x3f8</size>
         <input_file_ref idref="fl-26"/>
      </object_component>
      <object_component id="oc-12e">
         <name>.debug_frame</name>
         <load_address>0x1cc8</load_address>
         <run_address>0x1cc8</run_address>
         <size>0x4cc</size>
         <input_file_ref idref="fl-27"/>
      </object_component>
      <object_component id="oc-a3">
         <name>.debug_frame</name>
         <load_address>0x2194</load_address>
         <run_address>0x2194</run_address>
         <size>0x100</size>
         <input_file_ref idref="fl-28"/>
      </object_component>
      <object_component id="oc-51">
         <name>.debug_frame</name>
         <load_address>0x2294</load_address>
         <run_address>0x2294</run_address>
         <size>0x54</size>
         <input_file_ref idref="fl-ed"/>
      </object_component>
      <object_component id="oc-1f">
         <name>.debug_frame</name>
         <load_address>0x22e8</load_address>
         <run_address>0x22e8</run_address>
         <size>0x54</size>
         <input_file_ref idref="fl-ee"/>
      </object_component>
      <object_component id="oc-17">
         <name>.debug_frame</name>
         <load_address>0x233c</load_address>
         <run_address>0x233c</run_address>
         <size>0x60</size>
         <input_file_ref idref="fl-ef"/>
      </object_component>
      <object_component id="oc-60">
         <name>.debug_frame</name>
         <load_address>0x239c</load_address>
         <run_address>0x239c</run_address>
         <size>0x50</size>
         <input_file_ref idref="fl-f0"/>
      </object_component>
      <object_component id="oc-18b">
         <name>.debug_frame</name>
         <load_address>0x23ec</load_address>
         <run_address>0x23ec</run_address>
         <size>0x5c</size>
         <input_file_ref idref="fl-f4"/>
      </object_component>
      <object_component id="oc-d6">
         <name>.debug_frame</name>
         <load_address>0x2448</load_address>
         <run_address>0x2448</run_address>
         <size>0x54</size>
         <input_file_ref idref="fl-f5"/>
      </object_component>
      <object_component id="oc-17c">
         <name>.debug_frame</name>
         <load_address>0x249c</load_address>
         <run_address>0x249c</run_address>
         <size>0x54</size>
         <input_file_ref idref="fl-f7"/>
      </object_component>
      <object_component id="oc-20d">
         <name>.debug_abbrev</name>
         <load_address>0x0</load_address>
         <run_address>0x0</run_address>
         <size>0xd0</size>
         <input_file_ref idref="fl-2"/>
      </object_component>
      <object_component id="oc-162">
         <name>.debug_abbrev</name>
         <load_address>0xd0</load_address>
         <run_address>0xd0</run_address>
         <size>0x29</size>
         <input_file_ref idref="fl-2"/>
      </object_component>
      <object_component id="oc-a7">
         <name>.debug_abbrev</name>
         <load_address>0xf9</load_address>
         <run_address>0xf9</run_address>
         <size>0xa6</size>
         <input_file_ref idref="fl-2"/>
      </object_component>
      <object_component id="oc-b6">
         <name>.debug_abbrev</name>
         <load_address>0x19f</load_address>
         <run_address>0x19f</run_address>
         <size>0x69</size>
         <input_file_ref idref="fl-2"/>
      </object_component>
      <object_component id="oc-aa">
         <name>.debug_abbrev</name>
         <load_address>0x208</load_address>
         <run_address>0x208</run_address>
         <size>0x1f</size>
         <input_file_ref idref="fl-2"/>
      </object_component>
[...]
         <value>0x545</value>
         <object_component_ref idref="oc-74"/>
      </symbol>
      <symbol id="sm-513">
         <name>SysCtlPWMClockSet</name>
         <value>0xfe7</value>
         <object_component_ref idref="oc-74"/>
      </symbol>
      <symbol id="sm-514">
         <name>SysCtlUSBPLLEnable</name>
         <value>0x104f</value>
         <object_component_ref idref="oc-74"/>
      </symbol>
      <symbol id="sm-515">
         <name>SysCtlPeripheralSleepEnable</name>
         <value>0x589</value>
         <object_component_ref idref="oc-74"/>
      </symbol>
      <symbol id="sm-516">
         <name>SysCtlIntUnregister</name>
         <value>0x70d</value>
         <object_component_ref idref="oc-74"/>
      </symbol>
      <symbol id="sm-517">
         <name>SysCtlUSBPLLDisable</name>
         <value>0x105b</value>
         <object_component_ref idref="oc-74"/>
      </symbol>
      <symbol id="sm-518">
         <name>SysCtlPeripheralReady</name>
         <value>0x3c9</value>
         <object_component_ref idref="oc-74"/>
      </symbol>
      <symbol id="sm-519">
         <name>SysCtlPIOSCCalibrate</name>
         <value>0x821</value>
         <object_component_ref idref="oc-74"/>
      </symbol>
      <symbol id="sm-51a">
         <name>SysCtlResetCauseClear</name>
         <value>0x7f7</value>
         <object_component_ref idref="oc-74"/>
      </symbol>
      <symbol id="sm-51b">
         <name>SysCtlLDOSleepGet</name>
         <value>0x785</value>
         <object_component_ref idref="oc-74"/>
      </symbol>
      <symbol id="sm-51c">
         <name>SysCtlClockFreqSet</name>
         <value>0x8d1</value>
         <object_component_ref idref="oc-74"/>
      </symbol>
      <symbol id="sm-51d">
         <name>SysCtlPeripheralReset</name>
         <value>0x481</value>
         <object_component_ref idref="oc-74"/>
      </symbol>
      <symbol id="sm-597">
         <name>TimerMatchSet</name>
         <value>0x295d</value>
         <object_component_ref idref="oc-7a"/>
      </symbol>
      <symbol id="sm-598">
         <name>TimerLoadSet</name>
         <value>0x287d</value>
         <object_component_ref idref="oc-7a"/>
      </symbol>
      <symbol id="sm-599">
         <name>TimerDMAEventSet</name>
         <value>0x2ac7</value>
         <object_component_ref idref="oc-7a"/>
      </symbol>
      <symbol id="sm-59a">
         <name>TimerADCEventSet</name>
         <value>0x2aa7</value>
         <object_component_ref idref="oc-7a"/>
      </symbol>
      <symbol id="sm-59b">
         <name>TimerPrescaleMatchGet</name>
         <value>0x2861</value>
         <object_component_ref idref="oc-7a"/>
      </symbol>
      <symbol id="sm-59c">
         <name>TimerPrescaleGet</name>
         <value>0x2817</value>
         <object_component_ref idref="oc-7a"/>
      </symbol>
      <symbol id="sm-59d">
         <name>TimerControlLevel</name>
         <value>0x2623</value>
         <object_component_ref idref="oc-7a"/>
      </symbol>
      <symbol id="sm-59e">
         <name>TimerDisable</name>
         <value>0x2589</value>
         <object_component_ref idref="oc-7a"/>
      </symbol>
      <symbol id="sm-59f">
         <name>TimerUpdateMode</name>
         <value>0x2ae7</value>
         <object_component_ref idref="oc-7a"/>
      </symbol>
      <symbol id="sm-5a0">
         <name>TimerIntRegister</name>
         <value>0x29ef</value>
         <object_component_ref idref="oc-7a"/>
      </symbol>
      <symbol id="sm-5a1">
         <name>TimerMatchSet64</name>
         <value>0x29a3</value>
         <object_component_ref idref="oc-7a"/>
      </symbol>
      <symbol id="sm-5a2">
         <name>TimerEnable</name>
         <value>0x256b</value>
         <object_component_ref idref="oc-7a"/>
      </symbol>
      <symbol id="sm-5a3">
         <name>TimerLoadGet64</name>
         <value>0x28dd</value>
         <object_component_ref idref="oc-7a"/>
      </symbol>
      <symbol id="sm-5a4">
         <name>TimerIntUnregister</name>
         <value>0x2a17</value>
         <object_component_ref idref="oc-7a"/>
      </symbol>
      <symbol id="sm-5a5">
         <name>TimerValueGet64</name>
         <value>0x292b</value>
         <object_component_ref idref="oc-7a"/>
      </symbol>
      <symbol id="sm-5a6">
         <name>TimerMatchGet</name>
         <value>0x2987</value>
         <object_component_ref idref="oc-7a"/>
      </symbol>
      <symbol id="sm-5a7">
         <name>TimerIntStatus</name>
         <value>0x2a65</value>
         <object_component_ref idref="oc-7a"/>
      </symbol>
      <symbol id="sm-5a8">
         <name>TimerClockSourceGet</name>
         <value>0x27dd</value>
         <object_component_ref idref="oc-7a"/>
      </symbol>
      <symbol id="sm-5a9">
         <name>TimerIntDisable</name>
         <value>0x2a4d</value>
         <object_component_ref idref="oc-7a"/>
      </symbol>
      <symbol id="sm-5aa">
         <name>TimerValueGet</name>
         <value>0x290f</value>
         <object_component_ref idref="oc-7a"/>
      </symbol>
      <symbol id="sm-5ab">
         <name>TimerControlTrigger</name>
         <value>0x2659</value>
         <object_component_ref idref="oc-7a"/>
      </symbol>
      <symbol id="sm-5ac">
         <name>TimerPrescaleSet</name>
         <value>0x27ed</value>
         <object_component_ref idref="oc-7a"/>
      </symbol>
      <symbol id="sm-5ad">
         <name>TimerControlStall</name>
         <value>0x26f1</value>
         <object_component_ref idref="oc-7a"/>
      </symbol>
      <symbol id="sm-5ae">
         <name>TimerMatchGet64</name>
         <value>0x29bd</value>
         <object_component_ref idref="oc-7a"/>
      </symbol>
      <symbol id="sm-5af">
         <name>TimerRTCEnable</name>
         <value>0x2787</value>
         <object_component_ref idref="oc-7a"/>
      </symbol>
      <symbol id="sm-5b0">
         <name>TimerLoadGet</name>
         <value>0x28a7</value>
         <object_component_ref idref="oc-7a"/>
      </symbol>
      <symbol id="sm-5b1">
         <name>TimerIntEnable</name>
         <value>0x2a35</value>
         <object_component_ref idref="oc-7a"/>
      </symbol>
      <symbol id="sm-5b2">
         <name>TimerClockSourceSet</name>
         <value>0x27b3</value>
         <object_component_ref idref="oc-7a"/>
      </symbol>
      <symbol id="sm-5b3">
         <name>TimerLoadSet64</name>
         <value>0x28c3</value>
         <object_component_ref idref="oc-7a"/>
      </symbol>
      <symbol id="sm-5b4">
         <name>TimerDMAEventGet</name>
         <value>0x2ad9</value>
         <object_component_ref idref="oc-7a"/>
      </symbol>
      <symbol id="sm-5b5">
         <name>TimerRTCDisable</name>
         <value>0x279d</value>
         <object_component_ref idref="oc-7a"/>
      </symbol>
      <symbol id="sm-5b6">
         <name>TimerADCEventGet</name>
         <value>0x2ab9</value>
         <object_component_ref idref="oc-7a"/>
      </symbol>
      <symbol id="sm-5b7">
         <name>TimerPrescaleMatchSet</name>
         <value>0x2833</value>
         <object_component_ref idref="oc-7a"/>
      </symbol>
      <symbol id="sm-5b8">
         <name>TimerControlWaitOnTrigger</name>
         <value>0x2727</value>
         <object_component_ref idref="oc-7a"/>
      </symbol>
      <symbol id="sm-5b9">
         <name>TimerConfigure</name>
         <value>0x25a7</value>
         <object_component_ref idref="oc-7a"/>
      </symbol>
      <symbol id="sm-5ba">
         <name>TimerControlEvent</name>
         <value>0x26c7</value>
         <object_component_ref idref="oc-7a"/>
      </symbol>
      <symbol id="sm-5bb">
         <name>TimerIntClear</name>
         <value>0x2a83</value>
         <object_component_ref idref="oc-7a"/>
      </symbol>
      <symbol id="sm-5bc">
         <name>TimerSynchronize</name>
         <value>0x2a95</value>
         <object_component_ref idref="oc-7a"/>
      </symbol>
      <symbol id="sm-62f">
         <name>UARTClockSourceGet</name>
         <value>0x30ab</value>
         <object_component_ref idref="oc-12a"/>
      </symbol>
      <symbol id="sm-630">
         <name>UARTCharPutNonBlocking</name>
         <value>0x2f1d</value>
         <object_component_ref idref="oc-12a"/>
      </symbol>
      <symbol id="sm-631">
         <name>UARTDMAEnable</name>
         <value>0x3045</value>
         <object_component_ref idref="oc-12a"/>
      </symbol>
      <symbol id="sm-632">
         <name>UARTTxIntModeSet</name>
         <value>0x2e81</value>
         <object_component_ref idref="oc-12a"/>
      </symbol>
      <symbol id="sm-633">
         <name>UARTFIFODisable</name>
         <value>0x2d2f</value>
         <object_component_ref idref="oc-12a"/>
      </symbol>
      <symbol id="sm-634">
         <name>UARTIntUnregister</name>
         <value>0x2fc5</value>
         <object_component_ref idref="oc-12a"/>
      </symbol>
      <symbol id="sm-635">
         <name>UARTRxErrorClear</name>
         <value>0x3087</value>
         <object_component_ref idref="oc-12a"/>
      </symbol>
      <symbol id="sm-636">
         <name>UARTModemControlSet</name>
         <value>0x2dd1</value>
         <object_component_ref idref="oc-12a"/>
      </symbol>
      <symbol id="sm-637">
         <name>UARTFlowControlSet</name>
         <value>0x2e53</value>
         <object_component_ref idref="oc-12a"/>
      </symbol>
      <symbol id="sm-638">
         <name>UARTConfigSetExpClk</name>
         <value>0x2c09</value>
         <object_component_ref idref="oc-12a"/>
      </symbol>
      <symbol id="sm-639">
         <name>UARTSmartCardDisable</name>
         <value>0x2dbb</value>
         <object_component_ref idref="oc-12a"/>
      </symbol>
      <symbol id="sm-63a">
         <name>UARTDisable</name>
         <value>0x2cef</value>
         <object_component_ref idref="oc-12a"/>
      </symbol>
      <symbol id="sm-63b">
         <name>UART9BitDisable</name>
         <value>0x30d1</value>
         <object_component_ref idref="oc-12a"/>
      </symbol>
      <symbol id="sm-63c">
         <name>UARTFIFOLevelGet</name>
         <value>0x2be1</value>
         <object_component_ref idref="oc-12a"/>
      </symbol>
      <symbol id="sm-63d">
         <name>UARTBusy</name>
         <value>0x2f89</value>
         <object_component_ref idref="oc-12a"/>
      </symbol>
      <symbol id="sm-63e">
         <name>UARTDisableSIR</name>
         <value>0x2d73</value>
         <object_component_ref idref="oc-12a"/>
      </symbol>
      <symbol id="sm-63f">
         <name>UARTLoopbackEnable</name>
         <value>0x3155</value>
         <object_component_ref idref="oc-12a"/>
      </symbol>
      <symbol id="sm-640">
         <name>UARTIntEnable</name>
         <value>0x2fe5</value>
         <object_component_ref idref="oc-12a"/>
      </symbol>
      <symbol id="sm-641">
         <name>UARTCharsAvail</name>
         <value>0x2eaf</value>
         <object_component_ref idref="oc-12a"/>
      </symbol>
      <symbol id="sm-642">
         <name>UARTCharGetNonBlocking</name>
         <value>0x2eeb</value>
         <object_component_ref idref="oc-12a"/>
      </symbol>
      <symbol id="sm-643">
         <name>UARTClockSourceSet</name>
         <value>0x3097</value>
         <object_component_ref idref="oc-12a"/>
      </symbol>
      <symbol id="sm-644">
         <name>UARTTxIntModeGet</name>
         <value>0x2e9d</value>
         <object_component_ref idref="oc-12a"/>
      </symbol>
      <symbol id="sm-645">
         <name>UARTModemStatusGet</name>
         <value>0x2e3f</value>
         <object_component_ref idref="oc-12a"/>
      </symbol>
      <symbol id="sm-646">
         <name>UARTIntDisable</name>
         <value>0x2ffd</value>
         <object_component_ref idref="oc-12a"/>
      </symbol>
      <symbol id="sm-647">
         <name>UARTCharPut</name>
         <value>0x2f41</value>
         <object_component_ref idref="oc-12a"/>
      </symbol>
      <symbol id="sm-648">
         <name>UARTParityModeSet</name>
         <value>0x2b9b</value>
         <object_component_ref idref="oc-12a"/>
      </symbol>
      <symbol id="sm-649">
         <name>UARTRxErrorGet</name>
         <value>0x3075</value>
         <object_component_ref idref="oc-12a"/>
      </symbol>
      <symbol id="sm-64a">
         <name>UARTConfigGetExpClk</name>
         <value>0x2c7f</value>
         <object_component_ref idref="oc-12a"/>
      </symbol>
      <symbol id="sm-64b">
         <name>UARTEnableSIR</name>
         <value>0x2d45</value>
         <object_component_ref idref="oc-12a"/>
      </symbol>
      <symbol id="sm-64c">
         <name>UARTEnable</name>
         <value>0x2ccb</value>
         <object_component_ref idref="oc-12a"/>
      </symbol>
      <symbol id="sm-64d">
         <name>UART9BitAddrSend</name>
         <value>0x310d</value>
         <object_component_ref idref="oc-12a"/>
      </symbol>
      <symbol id="sm-64e">
         <name>UARTModemControlGet</name>
         <value>0x2e2d</value>
         <object_component_ref idref="oc-12a"/>
      </symbol>
      <symbol id="sm-64f">
         <name>UARTSmartCardEnable</name>
         <value>0x2d89</value>
         <object_component_ref idref="oc-12a"/>
      </symbol>
      <symbol id="sm-650">
         <name>UARTFlowControlGet</name>
         <value>0x2e6f</value>
         <object_component_ref idref="oc-12a"/>
      </symbol>
      <symbol id="sm-651">
         <name>UARTFIFOEnable</name>
         <value>0x2d19</value>
         <object_component_ref idref="oc-12a"/>
      </symbol>
      <symbol id="sm-652">
         <name>UARTIntClear</name>
         <value>0x3033</value>
         <object_component_ref idref="oc-12a"/>
      </symbol>
      <symbol id="sm-653">
         <name>UARTIntStatus</name>
         <value>0x3015</value>
         <object_component_ref idref="oc-12a"/>
      </symbol>
      <symbol id="sm-654">
         <name>UARTDMADisable</name>
         <value>0x305d</value>
         <object_component_ref idref="oc-12a"/>
      </symbol>
      <symbol id="sm-655">
         <name>UART9BitEnable</name>
         <value>0x30bb</value>
         <object_component_ref idref="oc-12a"/>
      </symbol>
      <symbol id="sm-656">
         <name>UARTSpaceAvail</name>
         <value>0x2ecd</value>
         <object_component_ref idref="oc-12a"/>
      </symbol>
      <symbol id="sm-657">
         <name>UARTCharGet</name>
         <value>0x2f07</value>
         <object_component_ref idref="oc-12a"/>
      </symbol>
      <symbol id="sm-658">
         <name>UARTFIFOLevelSet</name>
         <value>0x2bc9</value>
         <object_component_ref idref="oc-12a"/>
      </symbol>
      <symbol id="sm-659">
         <name>UARTModemControlClear</name>
         <value>0x2e09</value>
         <object_component_ref idref="oc-12a"/>
      </symbol>
      <symbol id="sm-65a">
         <name>UARTParityModeGet</name>
         <value>0x2bb7</value>
         <object_component_ref idref="oc-12a"/>
      </symbol>
      <symbol id="sm-65b">
         <name>UARTIntRegister</name>
         <value>0x2fa7</value>
         <object_component_ref idref="oc-12a"/>
      </symbol>
      <symbol id="sm-65c">
         <name>UARTBreakCtl</name>
         <value>0x2f5f</value>
         <object_component_ref idref="oc-12a"/>
      </symbol>
      <symbol id="sm-65d">
         <name>UART9BitAddrSet</name>
         <value>0x30e7</value>
         <object_component_ref idref="oc-12a"/>
      </symbol>
      <symbol id="sm-6cd">
         <name>UARTgetc</name>
         <value>0x32bd</value>
         <object_component_ref idref="oc-9e"/>
      </symbol>
      <symbol id="sm-6ce">
         <name>UARTgets</name>
         <value>0x3203</value>
         <object_component_ref idref="oc-9e"/>
      </symbol>
      <symbol id="sm-6cf">
         <name>UARTStdioConfig</name>
         <value>0x316d</value>
         <object_component_ref idref="oc-9e"/>
      </symbol>
      <symbol id="sm-6d0">
         <name>UARTwrite</name>
         <value>0x31b3</value>
         <object_component_ref idref="oc-9e"/>
      </symbol>
      <symbol id="sm-6d1">
         <name>UARTprintf</name>
         <value>0x35df</value>
         <object_component_ref idref="oc-9e"/>
      </symbol>
      <symbol id="sm-6d2">
         <name>UARTvprintf</name>
         <value>0x32e5</value>
         <object_component_ref idref="oc-9e"/>
      </symbol>
      <symbol id="sm-6e0">
         <name>__aeabi_dmul</name>
         <value>0x427d</value>
         <object_component_ref idref="oc-13e"/>
      </symbol>
      <symbol id="sm-6ea">
         <name>__aeabi_d2iz</name>
         <value>0x44d1</value>
         <object_component_ref idref="oc-143"/>
      </symbol>
      <symbol id="sm-6f4">
         <name>__aeabi_i2d</name>
         <value>0x4611</value>
         <object_component_ref idref="oc-139"/>
      </symbol>
      <symbol id="sm-703">
         <name>__aeabi_uidivmod</name>
         <value>0x455d</value>
         <object_component_ref idref="oc-153"/>
      </symbol>
      <symbol id="sm-704">
         <name>__aeabi_uidiv</name>
         <value>0x455d</value>
         <object_component_ref idref="oc-153"/>
      </symbol>
      <symbol id="sm-71d">
         <name>__TI_zero_init_nomemset</name>
         <value>0x463f</value>
         <object_component_ref idref="oc-4d"/>
      </symbol>
      <symbol id="sm-734">
         <name>__TI_decompress_none</name>
         <value>0x465b</value>
         <object_component_ref idref="oc-1b"/>
      </symbol>
      <symbol id="sm-757">
         <name>__TI_decompress_lzss</name>
         <value>0x4415</value>
         <object_component_ref idref="oc-15"/>
      </symbol>
      <symbol id="sm-76a">
         <name>__stack</name>
         <value>0x20000270</value>
         <object_component_ref idref="oc-24"/>
      </symbol>
      <symbol id="sm-76b">
         <name>_c_int00_noargs</name>
         <value>0x45dd</value>
         <object_component_ref idref="oc-5f"/>
      </symbol>
      <symbol id="sm-775">
         <name>__aeabi_idiv0</name>
         <value>0x2b3b</value>
         <object_component_ref idref="oc-202"/>
      </symbol>
      <symbol id="sm-776">
         <name>__aeabi_ldiv0</name>
         <value>0x2b3b</value>
         <object_component_ref idref="oc-202"/>
      </symbol>
      <symbol id="sm-791">
         <name>memcpy</name>
         <value>0x4379</value>
         <object_component_ref idref="oc-41"/>
      </symbol>
      <symbol id="sm-792">
         <name>__aeabi_memcpy</name>
         <value>0x4379</value>
         <object_component_ref idref="oc-41"/>
      </symbol>
      <symbol id="sm-793">
         <name>__aeabi_memcpy8</name>
         <value>0x4379</value>
         <object_component_ref idref="oc-41"/>
      </symbol>
      <symbol id="sm-794">
         <name>__aeabi_memcpy4</name>
         <value>0x4379</value>
         <object_component_ref idref="oc-41"/>
      </symbol>
      <symbol id="sm-7bd">
         <name>__TI_auto_init_nobinit_nopinit</name>
         <value>0x4519</value>
         <object_component_ref idref="oc-186"/>
      </symbol>
      <symbol id="sm-7c7">
         <name>_system_pre_init</name>
         <value>0x467b</value>
         <object_component_ref idref="oc-d4"/>
      </symbol>
      <symbol id="sm-7d3">
         <name>C$$EXIT</name>
         <value>0x467f</value>
         <object_component_ref idref="oc-17a"/>
      </symbol>
      <symbol id="sm-7d4">
         <name>abort</name>
         <value>0x467f</value>
         <object_component_ref idref="oc-17a"/>
      </symbol>
      <symbol id="sm-7d7">
         <name>__TI_static_base__</name>
         <value>0x0</value>
      </symbol>
      <symbol id="sm-7da">
         <name>__mpu_init</name>
         <value>0x0</value>
      </symbol>
      <symbol id="sm-7db">
         <name>_system_post_cinit</name>
         <value>0x0</value>
      </symbol>
   </symbol_table>
   <title>Link successful</title>
</link_info>
