******************************************************************************
                  TI ARM Linker PC v20.2.7                     
******************************************************************************
>> Linked Sun Sep 15 21:27:23 2024

OUTPUT FILE NAME:   <Lab2.out>
ENTRY POINT SYMBOL: "_c_int00_noargs"  address: 00003ff1


MEMORY CONFIGURATION

         name            origin    length      used     unused   attr    fill
----------------------  --------  ---------  --------  --------  ----  --------
  FLASH                 00000000   00040000  00004800  0003b800  R  X
  SRAM                  20000000   00008000  00000477  00007b89  RW X


SEGMENT ALLOCATION MAP

run origin  load origin   length   init length attrs members
----------  ----------- ---------- ----------- ----- -------
00000000    00000000    00004800   00004800    r-x
  00000000    00000000    0000026c   0000026c    r-- .intvecs
  0000026c    0000026c    00003dfc   00003dfc    r-x .text
  00004068    00004068    00000758   00000758    r-- .const
  000047c0    000047c0    00000040   00000040    r-- .cinit
20000000    20000000    0000047d   00000000    rw-
  20000000    20000000    0000026c   00000000    rw- .vtable
  20000270    20000270    00000200   00000000    rw- .stack
  20000470    20000470    00000006   00000000    rw- .bss
  20000478    20000478    00000005   00000000    rw- .data


SECTION ALLOCATION MAP

 output                                  attributes/
section   page    origin      length       input sections
--------  ----  ----------  ----------   ----------------
.intvecs   0    00000000    0000026c     
                  00000000    0000026c     tm4c123gh6pm_startup_ccs.obj (.intvecs)

.text      0    0000026c    00003dfc     
                  0000026c    00000f80     sysctl.obj (.text)
                  000011ec    00000c14     gpio.obj (.text)
                  00001e00    000006f8     i2c.obj (.text)
                  000024f8    00000642     timer.obj (.text)
                  00002b3a    00000002     rtsv7M4_T_le_v4SPD16_eabi.lib : div0.asm.obj (.text)
                  00002b3c    0000062e     uart.obj (.text)
                  0000316a    00000002     --HOLE-- [fill = 0]
                  0000316c    000004a8     uartstdio.obj (.text)
                  00003614    000003c0     interrupt.obj (.text)
                  000039d4    00000220     multimod_i2c.obj (.text)
                  00003bf4    00000150     multimod_BME280.obj (.text)
                  00003d44    0000009c     rtsv7M4_T_le_v4SPD16_eabi.lib : memcpy_t2.asm.obj (.text)
                  00003de0    00000090     Lab2Bonus.obj (.text)
                  00003e70    00000068     rtsv7M4_T_le_v4SPD16_eabi.lib : copy_decompress_lzss.c.obj (.text:decompress:lzss:__TI_decompress_lzss)
                  00003ed8    00000054     multimod_uart.obj (.text)
                  00003f2c    00000044     rtsv7M4_T_le_v4SPD16_eabi.lib : autoinit.c.obj (.text:__TI_auto_init_nobinit_nopinit:__TI_auto_init_nobinit_nopinit)
                  00003f70    00000040                                   : u_divt2.asm.obj (.text)
                  00003fb0    0000003e     cpu.obj (.text)
                  00003fee    00000002     --HOLE-- [fill = 0]
                  00003ff0    00000034     rtsv7M4_T_le_v4SPD16_eabi.lib : boot_cortex_m.c.obj (.text:_c_int00_noargs:_c_int00_noargs)
                  00004024    0000001c                                   : copy_zero_init.c.obj (.text:decompress:ZI:__TI_zero_init_nomemset:__TI_zero_init_nomemset)
                  00004040    0000000e                                   : copy_decompress_none.c.obj (.text:decompress:none:__TI_decompress_none)
                  0000404e    0000000c     tm4c123gh6pm_startup_ccs.obj (.text)
                  0000405a    00000006     sysctl.obj (.text:SysCtlDelay)
                  00004060    00000004     rtsv7M4_T_le_v4SPD16_eabi.lib : pre_init.c.obj (.text:_system_pre_init)
                  00004064    00000004                                   : exit.c.obj (.text:abort:abort)

.const     0    00004068    00000758     
                  00004068    000001b0     sysctl.obj (.const:g_pppui32XTALtoVCO)
                  00004218    000000d8     gpio.obj (.const:g_ppui32GPIOIntMapSnowflake)
                  000042f0    000000c0     gpio.obj (.const:g_ppui32GPIOIntMapBlizzard)
                  000043b0    0000009c     interrupt.obj (.const:g_pui32Regs)
                  0000444c    00000090     gpio.obj (.const:g_pui32GPIOBaseAddrs)
                  000044dc    0000006c     sysctl.obj (.const:g_pui32Xtals)
                  00004548    00000060     timer.obj (.const:g_ppui32TimerIntMap)
                  000045a8    00000050     i2c.obj (.const:g_ppui32I2CIntMapSnowflake)
                  000045f8    00000040     timer.obj (.const:g_ppui32TimerIntMapSnowflake)
                  00004638    00000040     uart.obj (.const:g_ppui32UARTIntMap)
                  00004678    00000040     uart.obj (.const:g_ppui32UARTIntMapSnowflake)
                  000046b8    00000030     i2c.obj (.const:g_ppui32I2CIntMap)
                  000046e8    00000030     sysctl.obj (.const:g_sXTALtoMEMTIM)
                  00004718    00000020     interrupt.obj (.const:g_pui32Priority)
                  00004738    00000014     interrupt.obj (.const:g_pui32Dii16Regs)
                  0000474c    00000014     interrupt.obj (.const:g_pui32EnRegs)
                  00004760    00000014     interrupt.obj (.const:g_pui32PendRegs)
                  00004774    00000014     interrupt.obj (.const:g_pui32UnpendRegs)
                  00004788    00000012     uartstdio.obj (.const:.string)
                  0000479a    00000002     --HOLE-- [fill = 0]
                  0000479c    0000000c     uartstdio.obj (.const:g_ui32UARTBase)
                  000047a8    0000000c     uartstdio.obj (.const:g_ui32UARTPeriph)
                  000047b4    00000008     sysctl.obj (.const:g_pui32VCOFrequencies)
                  000047bc    00000004     uartstdio.obj (.const)

.cinit     0    000047c0    00000040     
                  000047c0    0000000c     (__TI_handler_table)
                  000047cc    00000004     --HOLE-- [fill = 0]
                  000047d0    00000008     (.cinit..bss.load) [load image, compression = zero_init]
                  000047d8    00000008     (.cinit..vtable.load) [load image, compression = zero_init]
                  000047e0    00000007     (.cinit..data.load) [load image, compression = lzss]
                  000047e7    00000001     --HOLE-- [fill = 0]
                  000047e8    00000018     (__TI_cinit_table)

.init_array 
*          0    00000000    00000000     UNINITIALIZED

.vtable    0    20000000    0000026c     UNINITIALIZED
                  20000000    0000026c     interrupt.obj (.vtable)

.bss       0    20000470    00000006     UNINITIALIZED
                  20000470    00000006     multimod_BME280.obj (.bss)

.data      0    20000478    00000005     UNINITIALIZED
                  20000478    00000005     uartstdio.obj (.data)

.stack     0    20000270    00000200     UNINITIALIZED
                  20000270    00000004     rtsv7M4_T_le_v4SPD16_eabi.lib : boot_cortex_m.c.obj (.stack)
                  20000274    000001fc     --HOLE--

__llvm_prf_cnts 
*          0    20000000    00000000     UNINITIALIZED

MODULE SUMMARY

       Module                         code    ro data   rw data
       ------                         ----    -------   -------
    .\
       tm4c123gh6pm_startup_ccs.obj   12      620       0      
       Lab2Bonus.obj                  144     0         0      
    +--+------------------------------+-------+---------+---------+
       Total:                         156     620       0      
                                                               
    .\MultimodDrivers\src\
       multimod_i2c.obj               544     0         0      
       multimod_BME280.obj            336     0         6      
       multimod_uart.obj              84      0         0      
    +--+------------------------------+-------+---------+---------+
       Total:                         964     0         6      
                                                               
    .\driverlib\
       sysctl.obj                     3974    596       0      
       gpio.obj                       3092    552       0      
       i2c.obj                        1784    128       0      
       interrupt.obj                  960     268       620    
       timer.obj                      1602    160       0      
       uart.obj                       1582    128       0      
       uartstdio.obj                  1192    46        5      
       cpu.obj                        62      0         0      
    +--+------------------------------+-------+---------+---------+
       Total:                         14248   1878      625    
                                                               
    C:\ti\ccs1280\ccs\tools\compiler\ti-cgt-arm_20.2.7.LTS\lib\rtsv7M4_T_le_v4SPD16_eabi.lib
       memcpy_t2.asm.obj              156     0         0      
       copy_decompress_lzss.c.obj     104     0         0      
       autoinit.c.obj                 68      0         0      
       u_divt2.asm.obj                64      0         0      
       boot_cortex_m.c.obj            52      0         0      
       copy_zero_init.c.obj           28      0         0      
       copy_decompress_none.c.obj     14      0         0      
       exit.c.obj                     4       0         0      
       pre_init.c.obj                 4       0         0      
       div0.asm.obj                   2       0         0      
    +--+------------------------------+-------+---------+---------+
       Total:                         496     0         0      
                                                               
       Stack:                         0       0         512    
       Linker Generated:              0       59        0      
    +--+------------------------------+-------+---------+---------+
       Grand Total:                   15864   2557      1143   


LINKER GENERATED COPY TABLES

__TI_cinit_table @ 000047e8 records: 3, size/record: 8, table size: 24
	.bss: load addr=000047d0, load size=00000008 bytes, run addr=20000470, run size=00000006 bytes, compression=zero_init
	.vtable: load addr=000047d8, load size=00000008 bytes, run addr=20000000, run size=0000026c bytes, compression=zero_init
	.data: load addr=000047e0, load size=00000007 bytes, run addr=20000478, run size=00000005 bytes, compression=lzss


LINKER GENERATED HANDLER TABLE

__TI_handler_table @ 000047c0 records: 3, size/record: 4, table size: 12
	index: 0, handler: __TI_zero_init
	index: 1, handler: __TI_decompress_lzss
	index: 2, handler: __TI_decompress_none


GLOBAL SYMBOLS: SORTED ALPHABETICALLY BY Name 

address   name                            
-------   ----                            
00003bf5  BME280_Init                     
00003c91  BME280_ReadTemperature          
00004065  C$$EXIT                         
00003fe5  CPUbasepriGet                   
00003fd7  CPUbasepriSet                   
00003fb1  CPUcpsid                        
00003fc7  CPUcpsie                        
00003fbd  CPUprimask                      
00003fd3  CPUwfi                          
00001db1  GPIOADCTriggerDisable           
00001d93  GPIOADCTriggerEnable            
00001d75  GPIODMATriggerDisable           
00001d57  GPIODMATriggerEnable            
000012a7  GPIODirModeGet                  
0000124b  GPIODirModeSet                  
00001861  GPIOIntClear                    
00001825  GPIOIntDisable                  
00001801  GPIOIntEnable                   
00001875  GPIOIntRegister                 
000018ad  GPIOIntRegisterPin              
0000183f  GPIOIntStatus                   
00001397  GPIOIntTypeGet                  
000012f3  GPIOIntTypeSet                  
00001893  GPIOIntUnregister               
000018db  GPIOIntUnregisterPin            
0000168f  GPIOPadConfigGet                
00001421  GPIOPadConfigSet                
00001cf9  GPIOPinConfigure                
000018ff  GPIOPinRead                     
00001937  GPIOPinTypeADC                  
0000195b  GPIOPinTypeCAN                  
0000197f  GPIOPinTypeComparator           
000019a3  GPIOPinTypeComparatorOutput     
000019c7  GPIOPinTypeDIVSCLK              
000019eb  GPIOPinTypeEPI                  
00001a0f  GPIOPinTypeEthernetLED          
00001a33  GPIOPinTypeEthernetMII          
00001a57  GPIOPinTypeGPIOInput            
00001a7b  GPIOPinTypeGPIOOutput           
00001aa5  GPIOPinTypeGPIOOutputOD         
00001ac9  GPIOPinTypeHibernateRTCCLK      
00001aed  GPIOPinTypeI2C                  
00001b11  GPIOPinTypeI2CSCL               
00001b35  GPIOPinTypeLCD                  
00001b59  GPIOPinTypeOneWire              
00001b7d  GPIOPinTypePWM                  
00001ba1  GPIOPinTypeQEI                  
00001bc5  GPIOPinTypeSSI                  
00001be9  GPIOPinTypeTimer                
00001c0d  GPIOPinTypeTrace                
00001c31  GPIOPinTypeUART                 
00001c55  GPIOPinTypeUSBAnalog            
00001c79  GPIOPinTypeUSBDigital           
00001c9d  GPIOPinTypeWakeHigh             
00001cc3  GPIOPinTypeWakeLow              
00001ce9  GPIOPinWakeStatus               
00001917  GPIOPinWrite                    
00001dcf  GPIOUnlockPin                   
000023f7  I2CFIFODataGet                  
00002411  I2CFIFODataGetNonBlocking       
000023ad  I2CFIFODataPut                  
000023cf  I2CFIFODataPutNonBlocking       
0000239d  I2CFIFOStatus                   
00001f91  I2CIntRegister                  
00001faf  I2CIntUnregister                
000024d3  I2CLoopbackEnable               
0000244d  I2CMasterBurstCountGet          
00002437  I2CMasterBurstLengthSet         
000021f5  I2CMasterBusBusy                
000021dd  I2CMasterBusy                   
0000220d  I2CMasterControl                
00002261  I2CMasterDataGet                
0000224b  I2CMasterDataPut                
00001f5d  I2CMasterDisable                
00001f29  I2CMasterEnable                 
0000221f  I2CMasterErr                    
0000245b  I2CMasterGlitchFilterConfigSet  
00001e5f  I2CMasterInitExpClk             
00002157  I2CMasterIntClear               
00002175  I2CMasterIntClearEx             
00002023  I2CMasterIntDisable             
00002033  I2CMasterIntDisableEx           
00001fc9  I2CMasterIntEnable              
00001fd9  I2CMasterIntEnableEx            
0000207d  I2CMasterIntStatus              
000020c1  I2CMasterIntStatusEx            
000021cf  I2CMasterLineStateGet           
000021ad  I2CMasterSlaveAddrSet           
0000226f  I2CMasterTimeoutSet             
0000235d  I2CRxFIFOConfigSet              
00002385  I2CRxFIFOFlush                  
00002281  I2CSlaveACKOverride             
000022b3  I2CSlaveACKValueSet             
00001eeb  I2CSlaveAddressSet              
0000230d  I2CSlaveDataGet                 
000022f5  I2CSlaveDataPut                 
00001f73  I2CSlaveDisable                 
00001f3f  I2CSlaveEnable                  
000024c1  I2CSlaveFIFODisable             
000024a9  I2CSlaveFIFOEnable              
00001ed1  I2CSlaveInit                    
00002187  I2CSlaveIntClear                
00002199  I2CSlaveIntClearEx              
0000204b  I2CSlaveIntDisable              
00002063  I2CSlaveIntDisableEx            
00001ff1  I2CSlaveIntEnable               
00002009  I2CSlaveIntEnableEx             
000020ed  I2CSlaveIntStatus               
00002135  I2CSlaveIntStatusEx             
000022e5  I2CSlaveStatus                  
0000231d  I2CTxFIFOConfigSet              
00002345  I2CTxFIFOFlush                  
000039d5  I2C_Init                        
00003b47  I2C_ReadMultiple                
00003a71  I2C_ReadSingle                  
00003aa7  I2C_WriteMultiple               
00003a3b  I2C_WriteSingle                 
000037d5  IntDisable                      
00003763  IntEnable                       
00003847  IntIsEnabled                    
00003627  IntMasterDisable                
00003617  IntMasterEnable                 
0000393d  IntPendClear                    
000038cd  IntPendSet                      
0000373f  IntPriorityGet                  
000036b7  IntPriorityGroupingGet          
0000369d  IntPriorityGroupingSet          
00003997  IntPriorityMaskGet              
0000398b  IntPriorityMaskSet              
000036ef  IntPrioritySet                  
00003637  IntRegister                     
0000399f  IntTrigger                      
00003689  IntUnregister                   
0000404f  ResetISR                        
000011a9  SysCtlAltClkConfig              
000008d1  SysCtlClockFreqSet              
00000d99  SysCtlClockGet                  
0000118d  SysCtlClockOutConfig            
00000bc9  SysCtlClockSet                  
000007d5  SysCtlDeepSleep                 
00000f5d  SysCtlDeepSleepClockConfigSet   
00000f3f  SysCtlDeepSleepClockSet         
000007b5  SysCtlDeepSleepPowerSet         
0000405b  SysCtlDelay                     
00000363  SysCtlFlashSectorSizeGet        
00000337  SysCtlFlashSizeGet              
00001033  SysCtlGPIOAHBDisable            
00001017  SysCtlGPIOAHBEnable             
00000749  SysCtlIntClear                  
00000731  SysCtlIntDisable                
0000071d  SysCtlIntEnable                 
000006f5  SysCtlIntRegister               
00000759  SysCtlIntStatus                 
0000070d  SysCtlIntUnregister             
0000079b  SysCtlLDODeepSleepGet           
0000078b  SysCtlLDODeepSleepSet           
00000785  SysCtlLDOSleepGet               
00000775  SysCtlLDOSleepSet               
0000080b  SysCtlMOSCConfigSet             
00001171  SysCtlNMIClear                  
0000115d  SysCtlNMIStatus                 
00000821  SysCtlPIOSCCalibrate            
00001001  SysCtlPWMClockGet               
00000fe7  SysCtlPWMClockSet               
000006a1  SysCtlPeripheralClockGating     
00000659  SysCtlPeripheralDeepSleepDisable
00000609  SysCtlPeripheralDeepSleepEnable 
00000545  SysCtlPeripheralDisable         
00000509  SysCtlPeripheralEnable          
00000445  SysCtlPeripheralPowerOff        
00000409  SysCtlPeripheralPowerOn         
00000389  SysCtlPeripheralPresent         
000003c9  SysCtlPeripheralReady           
00000481  SysCtlPeripheralReset           
000005cd  SysCtlPeripheralSleepDisable    
00000589  SysCtlPeripheralSleepEnable     
000007c5  SysCtlReset                     
00000881  SysCtlResetBehaviorGet          
00000871  SysCtlResetBehaviorSet          
000007f7  SysCtlResetCauseClear           
000007f1  SysCtlResetCauseGet             
0000032d  SysCtlSRAMSizeGet               
000007cd  SysCtlSleep                     
000007a1  SysCtlSleepPowerSet             
0000105b  SysCtlUSBPLLDisable             
0000104f  SysCtlUSBPLLEnable              
000010a1  SysCtlVCOGet                    
00001089  SysCtlVoltageEventClear         
0000106d  SysCtlVoltageEventConfig        
0000107d  SysCtlVoltageEventStatus        
00003de1  TIMER0A_Handler                 
00003ded  TIMER0B_Handler                 
00003dfb  TIMER1A_Handler                 
00003e07  TIMER1B_Handler                 
00002ab9  TimerADCEventGet                
00002aa7  TimerADCEventSet                
000027dd  TimerClockSourceGet             
000027b3  TimerClockSourceSet             
000025a7  TimerConfigure                  
000026c7  TimerControlEvent               
00002623  TimerControlLevel               
000026f1  TimerControlStall               
00002659  TimerControlTrigger             
00002727  TimerControlWaitOnTrigger       
00002ad9  TimerDMAEventGet                
00002ac7  TimerDMAEventSet                
00002589  TimerDisable                    
0000256b  TimerEnable                     
00002a83  TimerIntClear                   
00002a4d  TimerIntDisable                 
00002a35  TimerIntEnable                  
000029ef  TimerIntRegister                
00002a65  TimerIntStatus                  
00002a17  TimerIntUnregister              
000028a7  TimerLoadGet                    
000028dd  TimerLoadGet64                  
0000287d  TimerLoadSet                    
000028c3  TimerLoadSet64                  
00002987  TimerMatchGet                   
000029bd  TimerMatchGet64                 
0000295d  TimerMatchSet                   
000029a3  TimerMatchSet64                 
00002817  TimerPrescaleGet                
00002861  TimerPrescaleMatchGet           
00002833  TimerPrescaleMatchSet           
000027ed  TimerPrescaleSet                
0000279d  TimerRTCDisable                 
00002787  TimerRTCEnable                  
00002a95  TimerSynchronize                
00002ae7  TimerUpdateMode                 
0000290f  TimerValueGet                   
0000292b  TimerValueGet64                 
0000310d  UART9BitAddrSend                
000030e7  UART9BitAddrSet                 
000030d1  UART9BitDisable                 
000030bb  UART9BitEnable                  
00002f5f  UARTBreakCtl                    
00002f89  UARTBusy                        
00002f07  UARTCharGet                     
00002eeb  UARTCharGetNonBlocking          
00002f41  UARTCharPut                     
00002f1d  UARTCharPutNonBlocking          
00002eaf  UARTCharsAvail                  
000030ab  UARTClockSourceGet              
00003097  UARTClockSourceSet              
00002c7f  UARTConfigGetExpClk             
00002c09  UARTConfigSetExpClk             
0000305d  UARTDMADisable                  
00003045  UARTDMAEnable                   
00002cef  UARTDisable                     
00002d73  UARTDisableSIR                  
00002ccb  UARTEnable                      
00002d45  UARTEnableSIR                   
00002d2f  UARTFIFODisable                 
00002d19  UARTFIFOEnable                  
00002be1  UARTFIFOLevelGet                
00002bc9  UARTFIFOLevelSet                
00002e6f  UARTFlowControlGet              
00002e53  UARTFlowControlSet              
00003033  UARTIntClear                    
00002ffd  UARTIntDisable                  
00002fe5  UARTIntEnable                   
00002fa7  UARTIntRegister                 
00003015  UARTIntStatus                   
00002fc5  UARTIntUnregister               
00003155  UARTLoopbackEnable              
00002e09  UARTModemControlClear           
00002e2d  UARTModemControlGet             
00002dd1  UARTModemControlSet             
00002e3f  UARTModemStatusGet              
00002bb7  UARTParityModeGet               
00002b9b  UARTParityModeSet               
00003087  UARTRxErrorClear                
00003075  UARTRxErrorGet                  
00002dbb  UARTSmartCardDisable            
00002d89  UARTSmartCardEnable             
00002ecd  UARTSpaceAvail                  
0000316d  UARTStdioConfig                 
00002e9d  UARTTxIntModeGet                
00002e81  UARTTxIntModeSet                
00003ed9  UART_Init                       
000032bd  UARTgetc                        
00003203  UARTgets                        
000035df  UARTprintf                      
000032e5  UARTvprintf                     
000031b3  UARTwrite                       
20000470  __STACK_END                     
00000200  __STACK_SIZE                    
20000470  __STACK_TOP                     
000047e8  __TI_CINIT_Base                 
00004800  __TI_CINIT_Limit                
000047c0  __TI_Handler_Table_Base         
000047cc  __TI_Handler_Table_Limit        
00003f2d  __TI_auto_init_nobinit_nopinit  
00003e71  __TI_decompress_lzss            
00004041  __TI_decompress_none            
ffffffff  __TI_pprof_out_hndl             
ffffffff  __TI_prof_data_size             
ffffffff  __TI_prof_data_start            
00000000  __TI_static_base__              
00004025  __TI_zero_init_nomemset         
00002b3b  __aeabi_idiv0                   
00002b3b  __aeabi_ldiv0                   
00003d45  __aeabi_memcpy                  
00003d45  __aeabi_memcpy4                 
00003d45  __aeabi_memcpy8                 
00003f71  __aeabi_uidiv                   
00003f71  __aeabi_uidivmod                
ffffffff  __binit__                       
ffffffff  __c_args__                      
UNDEFED   __mpu_init                      
20000270  __stack                         
20000000  __start___llvm_prf_cnts         
20000000  __stop___llvm_prf_cnts          
00003ff1  _c_int00_noargs                 
UNDEFED   _system_post_cinit              
00004061  _system_pre_init                
00004065  abort                           
ffffffff  binit                           
20000000  g_pfnRAMVectors                 
00000000  g_pfnVectors                    
00003e15  main                            
00003d45  memcpy                          


GLOBAL SYMBOLS: SORTED BY Symbol Address 

address   name                            
-------   ----                            
00000000  __TI_static_base__              
00000000  g_pfnVectors                    
00000200  __STACK_SIZE                    
0000032d  SysCtlSRAMSizeGet               
00000337  SysCtlFlashSizeGet              
00000363  SysCtlFlashSectorSizeGet        
00000389  SysCtlPeripheralPresent         
000003c9  SysCtlPeripheralReady           
00000409  SysCtlPeripheralPowerOn         
00000445  SysCtlPeripheralPowerOff        
00000481  SysCtlPeripheralReset           
00000509  SysCtlPeripheralEnable          
00000545  SysCtlPeripheralDisable         
00000589  SysCtlPeripheralSleepEnable     
000005cd  SysCtlPeripheralSleepDisable    
00000609  SysCtlPeripheralDeepSleepEnable 
00000659  SysCtlPeripheralDeepSleepDisable
000006a1  SysCtlPeripheralClockGating     
000006f5  SysCtlIntRegister               
0000070d  SysCtlIntUnregister             
0000071d  SysCtlIntEnable                 
00000731  SysCtlIntDisable                
00000749  SysCtlIntClear                  
00000759  SysCtlIntStatus                 
00000775  SysCtlLDOSleepSet               
00000785  SysCtlLDOSleepGet               
0000078b  SysCtlLDODeepSleepSet           
0000079b  SysCtlLDODeepSleepGet           
000007a1  SysCtlSleepPowerSet             
000007b5  SysCtlDeepSleepPowerSet         
000007c5  SysCtlReset                     
000007cd  SysCtlSleep                     
000007d5  SysCtlDeepSleep                 
000007f1  SysCtlResetCauseGet             
000007f7  SysCtlResetCauseClear           
0000080b  SysCtlMOSCConfigSet             
00000821  SysCtlPIOSCCalibrate            
00000871  SysCtlResetBehaviorSet          
00000881  SysCtlResetBehaviorGet          
000008d1  SysCtlClockFreqSet              
00000bc9  SysCtlClockSet                  
00000d99  SysCtlClockGet                  
00000f3f  SysCtlDeepSleepClockSet         
00000f5d  SysCtlDeepSleepClockConfigSet   
00000fe7  SysCtlPWMClockSet               
00001001  SysCtlPWMClockGet               
00001017  SysCtlGPIOAHBEnable             
00001033  SysCtlGPIOAHBDisable            
0000104f  SysCtlUSBPLLEnable              
0000105b  SysCtlUSBPLLDisable             
0000106d  SysCtlVoltageEventConfig        
0000107d  SysCtlVoltageEventStatus        
00001089  SysCtlVoltageEventClear         
000010a1  SysCtlVCOGet                    
0000115d  SysCtlNMIStatus                 
00001171  SysCtlNMIClear                  
0000118d  SysCtlClockOutConfig            
000011a9  SysCtlAltClkConfig              
0000124b  GPIODirModeSet                  
000012a7  GPIODirModeGet                  
000012f3  GPIOIntTypeSet                  
00001397  GPIOIntTypeGet                  
00001421  GPIOPadConfigSet                
0000168f  GPIOPadConfigGet                
00001801  GPIOIntEnable                   
00001825  GPIOIntDisable                  
0000183f  GPIOIntStatus                   
00001861  GPIOIntClear                    
00001875  GPIOIntRegister                 
00001893  GPIOIntUnregister               
000018ad  GPIOIntRegisterPin              
000018db  GPIOIntUnregisterPin            
000018ff  GPIOPinRead                     
00001917  GPIOPinWrite                    
00001937  GPIOPinTypeADC                  
0000195b  GPIOPinTypeCAN                  
0000197f  GPIOPinTypeComparator           
000019a3  GPIOPinTypeComparatorOutput     
000019c7  GPIOPinTypeDIVSCLK              
000019eb  GPIOPinTypeEPI                  
00001a0f  GPIOPinTypeEthernetLED          
00001a33  GPIOPinTypeEthernetMII          
00001a57  GPIOPinTypeGPIOInput            
00001a7b  GPIOPinTypeGPIOOutput           
00001aa5  GPIOPinTypeGPIOOutputOD         
00001ac9  GPIOPinTypeHibernateRTCCLK      
00001aed  GPIOPinTypeI2C                  
00001b11  GPIOPinTypeI2CSCL               
00001b35  GPIOPinTypeLCD                  
00001b59  GPIOPinTypeOneWire              
00001b7d  GPIOPinTypePWM                  
00001ba1  GPIOPinTypeQEI                  
00001bc5  GPIOPinTypeSSI                  
00001be9  GPIOPinTypeTimer                
00001c0d  GPIOPinTypeTrace                
00001c31  GPIOPinTypeUART                 
00001c55  GPIOPinTypeUSBAnalog            
00001c79  GPIOPinTypeUSBDigital           
00001c9d  GPIOPinTypeWakeHigh             
00001cc3  GPIOPinTypeWakeLow              
00001ce9  GPIOPinWakeStatus               
00001cf9  GPIOPinConfigure                
00001d57  GPIODMATriggerEnable            
00001d75  GPIODMATriggerDisable           
00001d93  GPIOADCTriggerEnable            
00001db1  GPIOADCTriggerDisable           
00001dcf  GPIOUnlockPin                   
00001e5f  I2CMasterInitExpClk             
00001ed1  I2CSlaveInit                    
00001eeb  I2CSlaveAddressSet              
00001f29  I2CMasterEnable                 
00001f3f  I2CSlaveEnable                  
00001f5d  I2CMasterDisable                
00001f73  I2CSlaveDisable                 
00001f91  I2CIntRegister                  
00001faf  I2CIntUnregister                
00001fc9  I2CMasterIntEnable              
00001fd9  I2CMasterIntEnableEx            
00001ff1  I2CSlaveIntEnable               
00002009  I2CSlaveIntEnableEx             
00002023  I2CMasterIntDisable             
00002033  I2CMasterIntDisableEx           
0000204b  I2CSlaveIntDisable              
00002063  I2CSlaveIntDisableEx            
0000207d  I2CMasterIntStatus              
000020c1  I2CMasterIntStatusEx            
000020ed  I2CSlaveIntStatus               
00002135  I2CSlaveIntStatusEx             
00002157  I2CMasterIntClear               
00002175  I2CMasterIntClearEx             
00002187  I2CSlaveIntClear                
00002199  I2CSlaveIntClearEx              
000021ad  I2CMasterSlaveAddrSet           
000021cf  I2CMasterLineStateGet           
000021dd  I2CMasterBusy                   
000021f5  I2CMasterBusBusy                
0000220d  I2CMasterControl                
0000221f  I2CMasterErr                    
0000224b  I2CMasterDataPut                
00002261  I2CMasterDataGet                
0000226f  I2CMasterTimeoutSet             
00002281  I2CSlaveACKOverride             
000022b3  I2CSlaveACKValueSet             
000022e5  I2CSlaveStatus                  
000022f5  I2CSlaveDataPut                 
0000230d  I2CSlaveDataGet                 
0000231d  I2CTxFIFOConfigSet              
00002345  I2CTxFIFOFlush                  
0000235d  I2CRxFIFOConfigSet              
00002385  I2CRxFIFOFlush                  
0000239d  I2CFIFOStatus                   
000023ad  I2CFIFODataPut                  
000023cf  I2CFIFODataPutNonBlocking       
000023f7  I2CFIFODataGet                  
00002411  I2CFIFODataGetNonBlocking       
00002437  I2CMasterBurstLengthSet         
0000244d  I2CMasterBurstCountGet          
0000245b  I2CMasterGlitchFilterConfigSet  
000024a9  I2CSlaveFIFOEnable              
000024c1  I2CSlaveFIFODisable             
000024d3  I2CLoopbackEnable               
0000256b  TimerEnable                     
00002589  TimerDisable                    
000025a7  TimerConfigure                  
00002623  TimerControlLevel               
00002659  TimerControlTrigger             
000026c7  TimerControlEvent               
000026f1  TimerControlStall               
00002727  TimerControlWaitOnTrigger       
00002787  TimerRTCEnable                  
0000279d  TimerRTCDisable                 
000027b3  TimerClockSourceSet             
000027dd  TimerClockSourceGet             
000027ed  TimerPrescaleSet                
00002817  TimerPrescaleGet                
00002833  TimerPrescaleMatchSet           
00002861  TimerPrescaleMatchGet           
0000287d  TimerLoadSet                    
000028a7  TimerLoadGet                    
000028c3  TimerLoadSet64                  
000028dd  TimerLoadGet64                  
0000290f  TimerValueGet                   
0000292b  TimerValueGet64                 
0000295d  TimerMatchSet                   
00002987  TimerMatchGet                   
000029a3  TimerMatchSet64                 
000029bd  TimerMatchGet64                 
000029ef  TimerIntRegister                
00002a17  TimerIntUnregister              
00002a35  TimerIntEnable                  
00002a4d  TimerIntDisable                 
00002a65  TimerIntStatus                  
00002a83  TimerIntClear                   
00002a95  TimerSynchronize                
00002aa7  TimerADCEventSet                
00002ab9  TimerADCEventGet                
00002ac7  TimerDMAEventSet                
00002ad9  TimerDMAEventGet                
00002ae7  TimerUpdateMode                 
00002b3b  __aeabi_idiv0                   
00002b3b  __aeabi_ldiv0                   
00002b9b  UARTParityModeSet               
00002bb7  UARTParityModeGet               
00002bc9  UARTFIFOLevelSet                
00002be1  UARTFIFOLevelGet                
00002c09  UARTConfigSetExpClk             
00002c7f  UARTConfigGetExpClk             
00002ccb  UARTEnable                      
00002cef  UARTDisable                     
00002d19  UARTFIFOEnable                  
00002d2f  UARTFIFODisable                 
00002d45  UARTEnableSIR                   
00002d73  UARTDisableSIR                  
00002d89  UARTSmartCardEnable             
00002dbb  UARTSmartCardDisable            
00002dd1  UARTModemControlSet             
00002e09  UARTModemControlClear           
00002e2d  UARTModemControlGet             
00002e3f  UARTModemStatusGet              
00002e53  UARTFlowControlSet              
00002e6f  UARTFlowControlGet              
00002e81  UARTTxIntModeSet                
00002e9d  UARTTxIntModeGet                
00002eaf  UARTCharsAvail                  
00002ecd  UARTSpaceAvail                  
00002eeb  UARTCharGetNonBlocking          
00002f07  UARTCharGet                     
00002f1d  UARTCharPutNonBlocking          
00002f41  UARTCharPut                     
00002f5f  UARTBreakCtl                    
00002f89  UARTBusy                        
00002fa7  UARTIntRegister                 
00002fc5  UARTIntUnregister               
00002fe5  UARTIntEnable                   
00002ffd  UARTIntDisable                  
00003015  UARTIntStatus                   
00003033  UARTIntClear                    
00003045  UARTDMAEnable                   
0000305d  UARTDMADisable                  
00003075  UARTRxErrorGet                  
00003087  UARTRxErrorClear                
00003097  UARTClockSourceSet              
000030ab  UARTClockSourceGet              
000030bb  UART9BitEnable                  
000030d1  UART9BitDisable                 
000030e7  UART9BitAddrSet                 
0000310d  UART9BitAddrSend                
00003155  UARTLoopbackEnable              
0000316d  UARTStdioConfig                 
000031b3  UARTwrite                       
00003203  UARTgets                        
000032bd  UARTgetc                        
000032e5  UARTvprintf                     
000035df  UARTprintf                      
00003617  IntMasterEnable                 
00003627  IntMasterDisable                
00003637  IntRegister                     
00003689  IntUnregister                   
0000369d  IntPriorityGroupingSet          
000036b7  IntPriorityGroupingGet          
000036ef  IntPrioritySet                  
0000373f  IntPriorityGet                  
00003763  IntEnable                       
000037d5  IntDisable                      
00003847  IntIsEnabled                    
000038cd  IntPendSet                      
0000393d  IntPendClear                    
0000398b  IntPriorityMaskSet              
00003997  IntPriorityMaskGet              
0000399f  IntTrigger                      
000039d5  I2C_Init                        
00003a3b  I2C_WriteSingle                 
00003a71  I2C_ReadSingle                  
00003aa7  I2C_WriteMultiple               
00003b47  I2C_ReadMultiple                
00003bf5  BME280_Init                     
00003c91  BME280_ReadTemperature          
00003d45  __aeabi_memcpy                  
00003d45  __aeabi_memcpy4                 
00003d45  __aeabi_memcpy8                 
00003d45  memcpy                          
00003de1  TIMER0A_Handler                 
00003ded  TIMER0B_Handler                 
00003dfb  TIMER1A_Handler                 
00003e07  TIMER1B_Handler                 
00003e15  main                            
00003e71  __TI_decompress_lzss            
00003ed9  UART_Init                       
00003f2d  __TI_auto_init_nobinit_nopinit  
00003f71  __aeabi_uidiv                   
00003f71  __aeabi_uidivmod                
00003fb1  CPUcpsid                        
00003fbd  CPUprimask                      
00003fc7  CPUcpsie                        
00003fd3  CPUwfi                          
00003fd7  CPUbasepriSet                   
00003fe5  CPUbasepriGet                   
00003ff1  _c_int00_noargs                 
00004025  __TI_zero_init_nomemset         
00004041  __TI_decompress_none            
0000404f  ResetISR                        
0000405b  SysCtlDelay                     
00004061  _system_pre_init                
00004065  C$$EXIT                         
00004065  abort                           
000047c0  __TI_Handler_Table_Base         
000047cc  __TI_Handler_Table_Limit        
000047e8  __TI_CINIT_Base                 
00004800  __TI_CINIT_Limit                
20000000  __start___llvm_prf_cnts         
20000000  __stop___llvm_prf_cnts          
20000000  g_pfnRAMVectors                 
20000270  __stack                         
20000470  __STACK_END                     
20000470  __STACK_TOP                     
ffffffff  __TI_pprof_out_hndl             
ffffffff  __TI_prof_data_size             
ffffffff  __TI_prof_data_start            
ffffffff  __binit__                       
ffffffff  __c_args__                      
ffffffff  binit                           
UNDEFED   __mpu_init                      
UNDEFED   _system_post_cinit              

[323 symbols]
